Archive member included to satisfy reference by file (symbol)

c:/nxp/mcuxpressoide_11.4.0_6224/ide/plugins/com.nxp.mcuxpresso.tools.win32_11.4.0.202103011116/tools/bin/../lib/gcc/arm-none-eabi/10.2.1/../../../../arm-none-eabi/lib/thumb/v7e-m+fp/hard\libcr_nohost_nf.a(_cr__main.o)
                              ./startup/startup_mk64f12.o (__main)
c:/nxp/mcuxpressoide_11.4.0_6224/ide/plugins/com.nxp.mcuxpresso.tools.win32_11.4.0.202103011116/tools/bin/../lib/gcc/arm-none-eabi/10.2.1/../../../../arm-none-eabi/lib/thumb/v7e-m+fp/hard\libcr_nohost_nf.a(_cr_assert.o)
                              ./drivers/fsl_adc16.o (__assertion_failed)
c:/nxp/mcuxpressoide_11.4.0_6224/ide/plugins/com.nxp.mcuxpresso.tools.win32_11.4.0.202103011116/tools/bin/../lib/gcc/arm-none-eabi/10.2.1/../../../../arm-none-eabi/lib/thumb/v7e-m+fp/hard\libcr_nohost_nf.a(__ciob.o)
                              c:/nxp/mcuxpressoide_11.4.0_6224/ide/plugins/com.nxp.mcuxpresso.tools.win32_11.4.0.202103011116/tools/bin/../lib/gcc/arm-none-eabi/10.2.1/../../../../arm-none-eabi/lib/thumb/v7e-m+fp/hard\libcr_nohost_nf.a(_cr_assert.o) (__Ciob)
c:/nxp/mcuxpressoide_11.4.0_6224/ide/plugins/com.nxp.mcuxpresso.tools.win32_11.4.0.202103011116/tools/bin/../lib/gcc/arm-none-eabi/10.2.1/../../../../arm-none-eabi/lib/thumb/v7e-m+fp/hard\libcr_nohost_nf.a(__sys_appexit.o)
                              c:/nxp/mcuxpressoide_11.4.0_6224/ide/plugins/com.nxp.mcuxpresso.tools.win32_11.4.0.202103011116/tools/bin/../lib/gcc/arm-none-eabi/10.2.1/../../../../arm-none-eabi/lib/thumb/v7e-m+fp/hard\libcr_nohost_nf.a(_cr_assert.o) (__sys_appexit)
c:/nxp/mcuxpressoide_11.4.0_6224/ide/plugins/com.nxp.mcuxpresso.tools.win32_11.4.0.202103011116/tools/bin/../lib/gcc/arm-none-eabi/10.2.1/../../../../arm-none-eabi/lib/thumb/v7e-m+fp/hard\libcr_c.a(fabsf.o)
                              ./CMSIS/DSP/Source/BasicMathFunctions/BasicMathFunctions.o (fabsf)
c:/nxp/mcuxpressoide_11.4.0_6224/ide/plugins/com.nxp.mcuxpresso.tools.win32_11.4.0.202103011116/tools/bin/../lib/gcc/arm-none-eabi/10.2.1/../../../../arm-none-eabi/lib/thumb/v7e-m+fp/hard\libcr_c.a(sinf.o)
                              ./source/DSP_TP4_Parte_2.o (sinf)
c:/nxp/mcuxpressoide_11.4.0_6224/ide/plugins/com.nxp.mcuxpresso.tools.win32_11.4.0.202103011116/tools/bin/../lib/gcc/arm-none-eabi/10.2.1/../../../../arm-none-eabi/lib/thumb/v7e-m+fp/hard\libcr_c.a(sqrtf_m4_hardfp.o)
                              ./CMSIS/DSP/Source/StatisticsFunctions/StatisticsFunctions.o (sqrtf)
c:/nxp/mcuxpressoide_11.4.0_6224/ide/plugins/com.nxp.mcuxpresso.tools.win32_11.4.0.202103011116/tools/bin/../lib/gcc/arm-none-eabi/10.2.1/../../../../arm-none-eabi/lib/thumb/v7e-m+fp/hard\libcr_c.a(memcpy.o)
                              ./utilities/fsl_str.o (memcpy)
c:/nxp/mcuxpressoide_11.4.0_6224/ide/plugins/com.nxp.mcuxpresso.tools.win32_11.4.0.202103011116/tools/bin/../lib/gcc/arm-none-eabi/10.2.1/../../../../arm-none-eabi/lib/thumb/v7e-m+fp/hard\libcr_c.a(memset.o)
                              ./utilities/fsl_debug_console.o (memset)
c:/nxp/mcuxpressoide_11.4.0_6224/ide/plugins/com.nxp.mcuxpresso.tools.win32_11.4.0.202103011116/tools/bin/../lib/gcc/arm-none-eabi/10.2.1/../../../../arm-none-eabi/lib/thumb/v7e-m+fp/hard\libcr_c.a(_deferredlazyseek.o)
                              c:/nxp/mcuxpressoide_11.4.0_6224/ide/plugins/com.nxp.mcuxpresso.tools.win32_11.4.0.202103011116/tools/bin/../lib/gcc/arm-none-eabi/10.2.1/../../../../arm-none-eabi/lib/thumb/v7e-m+fp/hard\libcr_nohost_nf.a(_cr_assert.o) (__flsbuf)
c:/nxp/mcuxpressoide_11.4.0_6224/ide/plugins/com.nxp.mcuxpresso.tools.win32_11.4.0.202103011116/tools/bin/../lib/gcc/arm-none-eabi/10.2.1/../../../../arm-none-eabi/lib/thumb/v7e-m+fp/hard\libcr_c.a(_fflush.o)
                              c:/nxp/mcuxpressoide_11.4.0_6224/ide/plugins/com.nxp.mcuxpresso.tools.win32_11.4.0.202103011116/tools/bin/../lib/gcc/arm-none-eabi/10.2.1/../../../../arm-none-eabi/lib/thumb/v7e-m+fp/hard\libcr_c.a(_deferredlazyseek.o) (_fflush)
c:/nxp/mcuxpressoide_11.4.0_6224/ide/plugins/com.nxp.mcuxpresso.tools.win32_11.4.0.202103011116/tools/bin/../lib/gcc/arm-none-eabi/10.2.1/../../../../arm-none-eabi/lib/thumb/v7e-m+fp/hard\libcr_c.a(_writebuf.o)
                              c:/nxp/mcuxpressoide_11.4.0_6224/ide/plugins/com.nxp.mcuxpresso.tools.win32_11.4.0.202103011116/tools/bin/../lib/gcc/arm-none-eabi/10.2.1/../../../../arm-none-eabi/lib/thumb/v7e-m+fp/hard\libcr_c.a(_deferredlazyseek.o) (_Cwritebuf)
c:/nxp/mcuxpressoide_11.4.0_6224/ide/plugins/com.nxp.mcuxpresso.tools.win32_11.4.0.202103011116/tools/bin/../lib/gcc/arm-none-eabi/10.2.1/../../../../arm-none-eabi/lib/thumb/v7e-m+fp/hard\libcr_c.a(alloc.o)
                              ./drivers/fsl_common.o (malloc)
c:/nxp/mcuxpressoide_11.4.0_6224/ide/plugins/com.nxp.mcuxpresso.tools.win32_11.4.0.202103011116/tools/bin/../lib/gcc/arm-none-eabi/10.2.1/../../../../arm-none-eabi/lib/thumb/v7e-m+fp/hard\libcr_c.a(errno.o)
[...]
Memory Configuration

Name             Origin             Length             Attributes
PROGRAM_FLASH    0x00000000         0x00100000         xr
SRAM_UPPER       0x20000000         0x00030000         xrw
SRAM_LOWER       0x1fff0000         0x00010000         xrw
FLEX_RAM         0x14000000         0x00001000         xrw
*default*        0x00000000         0xffffffff

Linker script and memory map

LOAD ./utilities/fsl_debug_console.o
LOAD ./utilities/fsl_str.o
LOAD ./startup/startup_mk64f12.o
LOAD ./source/DSP_TP4_Parte_2.o
LOAD ./source/semihost_hardfault.o
LOAD ./drivers/fsl_adc16.o
LOAD ./drivers/fsl_clock.o
LOAD ./drivers/fsl_common.o
LOAD ./drivers/fsl_common_arm.o
LOAD ./drivers/fsl_dac.o
LOAD ./drivers/fsl_gpio.o
LOAD ./drivers/fsl_i2c.o
LOAD ./drivers/fsl_pit.o
LOAD ./drivers/fsl_smc.o
LOAD ./drivers/fsl_uart.o
LOAD ./device/system_MK64F12.o
LOAD ./component/uart/fsl_adapter_uart.o
LOAD ./component/serial_manager/fsl_component_serial_manager.o
LOAD ./component/serial_manager/fsl_component_serial_port_uart.o
LOAD ./component/lists/fsl_component_generic_list.o
LOAD ./board/board.o
LOAD ./board/clock_config.o
LOAD ./board/peripherals.o
LOAD ./board/pin_mux.o
LOAD ./CMSIS/DSP/Source/TransformFunctions/TransformFunctions.o
LOAD ./CMSIS/DSP/Source/SupportFunctions/SupportFunctions.o
LOAD ./CMSIS/DSP/Source/StatisticsFunctions/StatisticsFunctions.o
LOAD ./CMSIS/DSP/Source/MatrixFunctions/MatrixFunctions.o
LOAD ./CMSIS/DSP/Source/FilteringFunctions/FilteringFunctions.o
LOAD ./CMSIS/DSP/Source/FastMathFunctions/FastMathFunctions.o
LOAD ./CMSIS/DSP/Source/ControllerFunctions/ControllerFunctions.o
LOAD ./CMSIS/DSP/Source/ComplexMathFunctions/ComplexMathFunctions.o
LOAD ./CMSIS/DSP/Source/CommonTables/CommonTables.o
LOAD ./CMSIS/DSP/Source/BasicMathFunctions/BasicMathFunctions.o
LOAD C:\Users\augus\Documents\MCUXpressoIDE_11.4.0_6224\workspace\DSP_TP4_Parte_2\CMSIS\DSP\libarm_cortexM4lf_math.a
START GROUP
LOAD c:/nxp/mcuxpressoide_11.4.0_6224/ide/plugins/com.nxp.mcuxpresso.tools.win32_11.4.0.202103011116/tools/bin/../lib/gcc/arm-none-eabi/10.2.1/../../../../arm-none-eabi/lib/thumb/v7e-m+fp/hard\libcr_nohost_nf.a
LOAD c:/nxp/mcuxpressoide_11.4.0_6224/ide/plugins/com.nxp.mcuxpresso.tools.win32_11.4.0.202103011116/tools/bin/../lib/gcc/arm-none-eabi/10.2.1/../../../../arm-none-eabi/lib/thumb/v7e-m+fp/hard\libcr_c.a
LOAD c:/nxp/mcuxpressoide_11.4.0_6224/ide/plugins/com.nxp.mcuxpresso.tools.win32_11.4.0.202103011116/tools/bin/../lib/gcc/arm-none-eabi/10.2.1/thumb/v7e-m+fp/hard\libcr_eabihelpers.a
LOAD c:/nxp/mcuxpressoide_11.4.0_6224/ide/plugins/com.nxp.mcuxpresso.tools.win32_11.4.0.202103011116/tools/bin/../lib/gcc/arm-none-eabi/10.2.1/thumb/v7e-m+fp/hard\libgcc.a
END GROUP
                0x00000000                __base_PROGRAM_FLASH = 0x0
                0x00000000                __base_Flash = 0x0
                0x00100000                __top_PROGRAM_FLASH = 0x100000
                0x00100000                __top_Flash = 0x100000
                0x20000000                __base_SRAM_UPPER = 0x20000000
                0x20000000                __base_RAM = 0x20000000
                0x20030000                __top_SRAM_UPPER = 0x20030000
                0x20030000                __top_RAM = 0x20030000
                0x1fff0000                __base_SRAM_LOWER = 0x1fff0000
                0x1fff0000                __base_RAM2 = 0x1fff0000
                0x20000000                __top_SRAM_LOWER = 0x20000000
                0x20000000                __top_RAM2 = 0x20000000
                0x14000000                __base_FLEX_RAM = 0x14000000
                0x14000000                __base_RAM3 = 0x14000000
                0x14001000                __top_FLEX_RAM = 0x14001000
                0x14001000                __top_RAM3 = 0x14001000

.text           0x00000000     0x4168
 FILL mask 0xff
                0x00000000                __vectors_start__ = ABSOLUTE (.)
 *(SORT_BY_ALIGNMENT(.isr_vector))
 .isr_vector    0x00000000      0x198 ./startup/startup_mk64f12.o
                0x00000000                g_pfnVectors
                0x00000000                __Vectors
                0x00000198                . = ALIGN (0x4)
                0x00000198                __section_table_start = .
                0x00000198                __data_section_table = .
                0x00000198        0x4 LONG 0x4168 LOADADDR (.data)
                0x0000019c        0x4 LONG 0x20000000 ADDR (.data)
                0x000001a0        0x4 LONG 0xf8 SIZEOF (.data)
                0x000001a4        0x4 LONG 0x4168 LOADADDR (.data_RAM2)
                0x000001a8        0x4 LONG 0x1fff0000 ADDR (.data_RAM2)
                0x000001ac        0x4 LONG 0x0 SIZEOF (.data_RAM2)
                0x000001b0        0x4 LONG 0x4168 LOADADDR (.data_RAM3)
                0x000001b4        0x4 LONG 0x14000000 ADDR (.data_RAM3)
                0x000001b8        0x4 LONG 0x0 SIZEOF (.data_RAM3)
                0x000001bc                __data_section_table_end = .
                0x000001bc                __bss_section_table = .
                0x000001bc        0x4 LONG 0x200000f8 ADDR (.bss)
                0x000001c0        0x4 LONG 0x258 SIZEOF (.bss)
                0x000001c4        0x4 LONG 0x1fff0000 ADDR (.bss_RAM2)
                0x000001c8        0x4 LONG 0x0 SIZEOF (.bss_RAM2)
                0x000001cc        0x4 LONG 0x14000000 ADDR (.bss_RAM3)
                0x000001d0        0x4 LONG 0x0 SIZEOF (.bss_RAM3)
                0x000001d4                __bss_section_table_end = .
                0x000001d4                __section_table_end = .
 *(SORT_BY_ALIGNMENT(.after_vectors*))
 .after_vectors.reset
                0x000001d4       0x4c ./startup/startup_mk64f12.o
                0x000001d4                ResetISR
 .after_vectors.init_data
                0x00000220       0x1e ./startup/startup_mk64f12.o
                0x00000220                data_init
 .after_vectors.init_bss
                0x0000023e       0x12 ./startup/startup_mk64f12.o
                0x0000023e                bss_init
 .after_vectors
                0x00000250       0x14 ./startup/startup_mk64f12.o
                0x00000250                NMI_Handler
                0x00000254                MemManage_Handler
                0x00000256                BusFault_Handler
                0x00000258                UsageFault_Handler
                0x0000025a                SVC_Handler
                0x0000025c                DebugMon_Handler
                0x0000025e                PendSV_Handler
                0x00000260                SysTick_Handler
                0x00000262                DMA_Error_DriverIRQHandler
                0x00000262                LPTMR0_DriverIRQHandler
                0x00000262                FTM1_DriverIRQHandler
                0x00000262                FTM2_DriverIRQHandler
                0x00000262                PIT2_DriverIRQHandler
                0x00000262                SDHC_DriverIRQHandler
                0x00000262                I2S0_Tx_DriverIRQHandler
                0x00000262                RTC_Seconds_DriverIRQHandler
                0x00000262                DMA6_DriverIRQHandler
                0x00000262                LLWU_DriverIRQHandler
                0x00000262                MCM_DriverIRQHandler
                0x00000262                MCG_DriverIRQHandler
                0x00000262                ENET_1588_Timer_DriverIRQHandler
                0x00000262                DAC1_DriverIRQHandler
                0x00000262                SPI1_DriverIRQHandler
                0x00000262                CMP1_DriverIRQHandler
                0x00000262                FTM0_DriverIRQHandler
                0x00000262                IntDefaultHandler
                0x00000262                USB0_DriverIRQHandler
                0x00000262                UART5_ERR_DriverIRQHandler
                0x00000262                PORTC_DriverIRQHandler
                0x00000262                DMA11_DriverIRQHandler
                0x00000262                DAC0_DriverIRQHandler
                0x00000262                DMA10_DriverIRQHandler
                0x00000262                CMP2_DriverIRQHandler
                0x00000262                UART2_ERR_DriverIRQHandler
                0x00000262                SPI2_DriverIRQHandler
                0x00000262                LVD_LVW_DriverIRQHandler
                0x00000262                PIT0_DriverIRQHandler
                0x00000262                DMA12_DriverIRQHandler
                0x00000262                DMA5_DriverIRQHandler
                0x00000262                DMA4_DriverIRQHandler
                0x00000262                USBDCD_DriverIRQHandler
                0x00000262                UART3_ERR_DriverIRQHandler
                0x00000262                DMA3_DriverIRQHandler
                0x00000262                DMA8_DriverIRQHandler
                0x00000262                DMA9_DriverIRQHandler
                0x00000262                UART0_ERR_DriverIRQHandler
                0x00000262                CMT_DriverIRQHandler
                0x00000262                Reserved71_DriverIRQHandler
                0x00000262                ADC1_DriverIRQHandler
                0x00000262                PORTA_DriverIRQHandler
                0x00000262                DMA14_DriverIRQHandler
                0x00000262                PIT3_DriverIRQHandler
                0x00000262                PIT1_DriverIRQHandler
                0x00000262                WDOG_EWM_DriverIRQHandler
                0x00000262                PDB0_DriverIRQHandler
                0x00000262                RTC_DriverIRQHandler
                0x00000262                I2S0_Rx_DriverIRQHandler
                0x00000262                Read_Collision_DriverIRQHandler
                0x00000262                SWI_DriverIRQHandler
                0x00000262                UART4_ERR_DriverIRQHandler
                0x00000262                PORTB_DriverIRQHandler
                0x00000262                UART0_LON_DriverIRQHandler
                0x00000262                DMA0_DriverIRQHandler
                0x00000262                DMA1_DriverIRQHandler
                0x00000262                ENET_Receive_DriverIRQHandler
                0x00000262                DMA13_DriverIRQHandler
                0x00000262                ENET_Error_DriverIRQHandler
                0x00000262                DMA15_DriverIRQHandler
                0x00000262                SPI0_DriverIRQHandler
                0x00000262                ADC0_DriverIRQHandler
                0x00000262                CMP0_DriverIRQHandler
                0x00000262                CAN0_DriverIRQHandler
                0x00000262                FTM3_DriverIRQHandler
                0x00000262                RNG_DriverIRQHandler
                0x00000262                UART1_ERR_DriverIRQHandler
                0x00000262                DMA2_DriverIRQHandler
                0x00000262                ENET_Transmit_DriverIRQHandler
                0x00000262                PORTD_DriverIRQHandler
                0x00000262                PORTE_DriverIRQHandler
                0x00000262                FTFE_DriverIRQHandler
                0x00000262                DMA7_DriverIRQHandler
                0x00000400                . = 0x400
 *fill*         0x00000264      0x19c ff
                0x00000400                PROVIDE (__FLASH_CONFIG_START__ = .)
 *(SORT_BY_ALIGNMENT(.FlashConfig))
 .FlashConfig   0x00000400       0x10 ./startup/startup_mk64f12.o
                0x00000400                Flash_Config
                0x00000410                PROVIDE (__FLASH_CONFIG_END__ = .)
                0x00000001                ASSERT (! ((__FLASH_CONFIG_START__ == __FLASH_CONFIG_END__)), Linker Flash Config Support Enabled, but no .FlashConfig section provided within application)
 *(SORT_BY_ALIGNMENT(.text*))
 .text._sincosf
                0x00000410      0x138 c:/nxp/mcuxpressoide_11.4.0_6224/ide/plugins/com.nxp.mcuxpresso.tools.win32_11.4.0.202103011116/tools/bin/../lib/gcc/arm-none-eabi/10.2.1/../../../../arm-none-eabi/lib/thumb/v7e-m+fp/hard\libcr_c.a(_sincosf.o)
                0x00000410                _sincosf
 .text.DbgConsole_Init
                0x00000548      0x118 ./utilities/fsl_debug_console.o
                0x00000548                DbgConsole_Init
 .text.main     0x00000660       0xec ./source/DSP_TP4_Parte_2.o
                0x00000660                main
 .text.PIT0_IRQHandler
                0x0000074c       0xd0 ./source/DSP_TP4_Parte_2.o
                0x0000074c                PIT0_IRQHandler
 .text.CLOCK_SetEr32kClock
                0x0000081c       0x30 ./drivers/fsl_clock.o
 .text.CLOCK_SetPllFllSelClock
                0x0000084c       0x38 ./drivers/fsl_clock.o
 .text.CLOCK_GetMcgExtClkFreq
                0x00000884       0x7c ./drivers/fsl_clock.o
 .text.CLOCK_GetFllExtRefClkFreq
                0x00000900       0xb0 ./drivers/fsl_clock.o
 .text.CLOCK_GetInternalRefClkSelectFreq
                0x000009b0       0x4c ./drivers/fsl_clock.o
 .text.CLOCK_GetFllRefClkFreq
                0x000009fc       0x34 ./drivers/fsl_clock.o
 .text.CLOCK_GetOscRangeFromFreq
                0x00000a30       0x3c ./drivers/fsl_clock.o
 .text.CLOCK_GetOsc0ErClkFreq
                0x00000a6c       0x44 ./drivers/fsl_clock.o
                0x00000a6c                CLOCK_GetOsc0ErClkFreq
 .text.CLOCK_GetEr32kClkFreq
                0x00000ab0       0x74 ./drivers/fsl_clock.o
                0x00000ab0                CLOCK_GetEr32kClkFreq
 .text.CLOCK_GetPllFllSelClkFreq
                0x00000b24       0x54 ./drivers/fsl_clock.o
                0x00000b24                CLOCK_GetPllFllSelClkFreq
 .text.CLOCK_GetCoreSysClkFreq
                0x00000b78       0x28 ./drivers/fsl_clock.o
                0x00000b78                CLOCK_GetCoreSysClkFreq
 .text.CLOCK_GetFreq
                0x00000ba0      0x140 ./drivers/fsl_clock.o
                0x00000ba0                CLOCK_GetFreq
 .text.CLOCK_SetSimConfig
                0x00000ce0       0x34 ./drivers/fsl_clock.o
                0x00000ce0                CLOCK_SetSimConfig
 .text.CLOCK_EnableUsbfs0Clock
                0x00000d14      0x108 ./drivers/fsl_clock.o
                0x00000d14                CLOCK_EnableUsbfs0Clock
 .text.CLOCK_GetOutClkFreq
                0x00000e1c       0x64 ./drivers/fsl_clock.o
                0x00000e1c                CLOCK_GetOutClkFreq
 .text.CLOCK_GetFllFreq
                0x00000e80       0x84 ./drivers/fsl_clock.o
                0x00000e80                CLOCK_GetFllFreq
 .text.CLOCK_GetInternalRefClkFreq
                0x00000f04       0x30 ./drivers/fsl_clock.o
                0x00000f04                CLOCK_GetInternalRefClkFreq
 .text.CLOCK_GetPll0Freq
                0x00000f34       0x78 ./drivers/fsl_clock.o
                0x00000f34                CLOCK_GetPll0Freq
 .text.CLOCK_SetExternalRefClkConfig
                0x00000fac       0x6c ./drivers/fsl_clock.o
                0x00000fac                CLOCK_SetExternalRefClkConfig
 .text.CLOCK_SetInternalRefClkConfig
                0x00001018      0x104 ./drivers/fsl_clock.o
                0x00001018                CLOCK_SetInternalRefClkConfig
 .text.CLOCK_EnablePll0
                0x0000111c       0x88 ./drivers/fsl_clock.o
                0x0000111c                CLOCK_EnablePll0
 .text.CLOCK_InitOsc0
                0x000011a4       0x8c ./drivers/fsl_clock.o
                0x000011a4                CLOCK_InitOsc0
 .text.CLOCK_SetPbeMode
                0x00001230       0xa8 ./drivers/fsl_clock.o
                0x00001230                CLOCK_SetPbeMode
 .text.CLOCK_BootToPeeMode
                0x000012d8       0x64 ./drivers/fsl_clock.o
                0x000012d8                CLOCK_BootToPeeMode
 .text.DAC_GetInstance
                0x0000133c       0x4c ./drivers/fsl_dac.o
 .text.DAC_Init
                0x00001388       0x70 ./drivers/fsl_dac.o
                0x00001388                DAC_Init
 .text.DAC_SetBufferValue
                0x000013f8       0x50 ./drivers/fsl_dac.o
                0x000013f8                DAC_SetBufferValue
 .text.DAC_SetBufferReadPointer
                0x00001448       0x48 ./drivers/fsl_dac.o
                0x00001448                DAC_SetBufferReadPointer
 .text.I2C_TransferCommonIRQHandler
                0x00001490       0x58 ./drivers/fsl_i2c.o
 .text.I2C0_DriverIRQHandler
                0x000014e8       0x1c ./drivers/fsl_i2c.o
                0x000014e8                I2C0_DriverIRQHandler
 .text.I2C1_DriverIRQHandler
                0x00001504       0x1c ./drivers/fsl_i2c.o
                0x00001504                I2C1_DriverIRQHandler
 .text.I2C2_DriverIRQHandler
                0x00001520       0x1c ./drivers/fsl_i2c.o
                0x00001520                I2C2_DriverIRQHandler
 .text.PIT_GetInstance
                0x0000153c       0x44 ./drivers/fsl_pit.o
 .text.PIT_Init
                0x00001580       0x94 ./drivers/fsl_pit.o
                0x00001580                PIT_Init
 .text.UART_GetInstance
                0x00001614       0x54 ./drivers/fsl_uart.o
                0x00001614                UART_GetInstance
 .text.UART_Init
                0x00001668      0x2f4 ./drivers/fsl_uart.o
                0x00001668                UART_Init
 .text.UART_GetDefaultConfig
                0x0000195c       0x68 ./drivers/fsl_uart.o
                0x0000195c                UART_GetDefaultConfig
 .text.UART0_DriverIRQHandler
                0x000019c4       0x28 ./drivers/fsl_uart.o
                0x000019c4                UART0_DriverIRQHandler
 .text.UART1_DriverIRQHandler
                0x000019ec       0x28 ./drivers/fsl_uart.o
                0x000019ec                UART1_DriverIRQHandler
 .text.UART2_DriverIRQHandler
                0x00001a14       0x28 ./drivers/fsl_uart.o
                0x00001a14                UART2_DriverIRQHandler
 .text.UART3_DriverIRQHandler
                0x00001a3c       0x28 ./drivers/fsl_uart.o
                0x00001a3c                UART3_DriverIRQHandler
 .text.UART4_DriverIRQHandler
                0x00001a64       0x28 ./drivers/fsl_uart.o
                0x00001a64                UART4_DriverIRQHandler
 .text.UART5_DriverIRQHandler
                0x00001a8c       0x28 ./drivers/fsl_uart.o
                0x00001a8c                UART5_DriverIRQHandler
 .text.SystemInit
                0x00001ab4       0x3c ./device/system_MK64F12.o
                0x00001ab4                SystemInit
 .text.HAL_UartInit
                0x00001af0      0x128 ./component/uart/fsl_adapter_uart.o
                0x00001af0                HAL_UartInit
 .text.CLOCK_SetSdhc0Clock
                0x00001c18       0x38 ./board/clock_config.o
 .text.CLOCK_SetEnetTime0Clock
                0x00001c50       0x38 ./board/clock_config.o
 .text.CLOCK_SetRmii0Clock
                0x00001c88       0x38 ./board/clock_config.o
 .text.CLOCK_SetTraceClock
                0x00001cc0       0x38 ./board/clock_config.o
 .text.CLOCK_SetClkOutClock
                0x00001cf8       0x34 ./board/clock_config.o
 .text.CLOCK_SetSimSafeDivs
                0x00001d2c       0x20 ./board/clock_config.o
 .text.CLOCK_SetXtal0Freq
                0x00001d4c       0x20 ./board/clock_config.o
 .text.CLOCK_CONFIG_SetFllExtRefDiv
                0x00001d6c       0x3c ./board/clock_config.o
 .text.BOARD_BootClockRUN
                0x00001da8       0x88 ./board/clock_config.o
                0x00001da8                BOARD_BootClockRUN
 .text.__NVIC_EnableIRQ
                0x00001e30       0x3c ./board/peripherals.o
 .text.PIT_SetTimerPeriod
                0x00001e6c       0x38 ./board/peripherals.o
 .text.DAC0_init
                0x00001ea4       0x34 ./board/peripherals.o
 .text.PIT_init
                0x00001ed8       0x9c ./board/peripherals.o
 .text.PORT_SetPinConfig
                0x00001f74       0x38 ./board/pin_mux.o
 .text.BOARD_InitPins
                0x00001fac       0x30 ./board/pin_mux.o
                0x00001fac                BOARD_InitPins
 .text.BOARD_InitDEBUG_UARTPins
                0x00001fdc       0x68 ./board/pin_mux.o
                0x00001fdc                BOARD_InitDEBUG_UARTPins
 .text.__assertion_failed
                0x00002044       0x4c c:/nxp/mcuxpressoide_11.4.0_6224/ide/plugins/com.nxp.mcuxpresso.tools.win32_11.4.0.202103011116/tools/bin/../lib/gcc/arm-none-eabi/10.2.1/../../../../arm-none-eabi/lib/thumb/v7e-m+fp/hard\libcr_nohost_nf.a(_cr_assert.o)
                0x00002044                __assertion_failed
 .text._Cwritebuf
                0x00002090       0x6c c:/nxp/mcuxpressoide_11.4.0_6224/ide/plugins/com.nxp.mcuxpresso.tools.win32_11.4.0.202103011116/tools/bin/../lib/gcc/arm-none-eabi/10.2.1/../../../../arm-none-eabi/lib/thumb/v7e-m+fp/hard\libcr_c.a(_writebuf.o)
                0x00002090                _Cwritebuf
 .text.malloc   0x000020fc       0xc8 c:/nxp/mcuxpressoide_11.4.0_6224/ide/plugins/com.nxp.mcuxpresso.tools.win32_11.4.0.202103011116/tools/bin/../lib/gcc/arm-none-eabi/10.2.1/../../../../arm-none-eabi/lib/thumb/v7e-m+fp/hard\libcr_c.a(alloc.o)
                0x000020fc                malloc
 .text._Csys_alloc
                0x000021c4       0x20 c:/nxp/mcuxpressoide_11.4.0_6224/ide/plugins/com.nxp.mcuxpresso.tools.win32_11.4.0.202103011116/tools/bin/../lib/gcc/arm-none-eabi/10.2.1/../../../../arm-none-eabi/lib/thumb/v7e-m+fp/hard\libcr_c.a(alloc.o)
                0x000021c4                _Csys_alloc
 .text.fseek    0x000021e4      0x100 c:/nxp/mcuxpressoide_11.4.0_6224/ide/plugins/com.nxp.mcuxpresso.tools.win32_11.4.0.202103011116/tools/bin/../lib/gcc/arm-none-eabi/10.2.1/../../../../arm-none-eabi/lib/thumb/v7e-m+fp/hard\libcr_c.a(fseek.o)
                0x000021e4                fseek
 .text.ftell    0x000022e4       0x44 c:/nxp/mcuxpressoide_11.4.0_6224/ide/plugins/com.nxp.mcuxpresso.tools.win32_11.4.0.202103011116/tools/bin/../lib/gcc/arm-none-eabi/10.2.1/../../../../arm-none-eabi/lib/thumb/v7e-m+fp/hard\libcr_c.a(ftell.o)
                0x000022e4                ftell
 .text._initio  0x00002328       0x78 c:/nxp/mcuxpressoide_11.4.0_6224/ide/plugins/com.nxp.mcuxpresso.tools.win32_11.4.0.202103011116/tools/bin/../lib/gcc/arm-none-eabi/10.2.1/../../../../arm-none-eabi/lib/thumb/v7e-m+fp/hard\libcr_c.a(initio.o)
                0x00002328                _initio
 .text.rand     0x000023a0       0x48 c:/nxp/mcuxpressoide_11.4.0_6224/ide/plugins/com.nxp.mcuxpresso.tools.win32_11.4.0.202103011116/tools/bin/../lib/gcc/arm-none-eabi/10.2.1/../../../../arm-none-eabi/lib/thumb/v7e-m+fp/hard\libcr_c.a(stdlib.o)
                0x000023a0                rand
 .text._sbrk    0x000023e8       0x3c c:/nxp/mcuxpressoide_11.4.0_6224/ide/plugins/com.nxp.mcuxpresso.tools.win32_11.4.0.202103011116/tools/bin/../lib/gcc/arm-none-eabi/10.2.1/../../../../arm-none-eabi/lib/thumb/v7e-m+fp/hard\libcr_c.a(_cr_sbrk.o)
                0x000023e8                _sbrk
 .text.fflush   0x00002424       0x3c c:/nxp/mcuxpressoide_11.4.0_6224/ide/plugins/com.nxp.mcuxpresso.tools.win32_11.4.0.202103011116/tools/bin/../lib/gcc/arm-none-eabi/10.2.1/../../../../arm-none-eabi/lib/thumb/v7e-m+fp/hard\libcr_c.a(fflush.o)
                0x00002424                fflush
 .text.__check_heap_overflow
                0x00002460       0x18 c:/nxp/mcuxpressoide_11.4.0_6224/ide/plugins/com.nxp.mcuxpresso.tools.win32_11.4.0.202103011116/tools/bin/../lib/gcc/arm-none-eabi/10.2.1/../../../../arm-none-eabi/lib/thumb/v7e-m+fp/hard\libcr_c.a(_cr_check_heap.o)
                0x00002460                __check_heap_overflow
 .text.__aeabi_dmul
                0x00002478       0xfc c:/nxp/mcuxpressoide_11.4.0_6224/ide/plugins/com.nxp.mcuxpresso.tools.win32_11.4.0.202103011116/tools/bin/../lib/gcc/arm-none-eabi/10.2.1/thumb/v7e-m+fp/hard\libcr_eabihelpers.a(double.o)
                0x00002478                __aeabi_dmul
 .text.__aeabi_dsub
                0x00002574      0x1ac c:/nxp/mcuxpressoide_11.4.0_6224/ide/plugins/com.nxp.mcuxpresso.tools.win32_11.4.0.202103011116/tools/bin/../lib/gcc/arm-none-eabi/10.2.1/thumb/v7e-m+fp/hard\libcr_eabihelpers.a(double.o)
                0x00002574                __aeabi_dsub
 .text.__aeabi_dadd
                0x00002720      0x114 c:/nxp/mcuxpressoide_11.4.0_6224/ide/plugins/com.nxp.mcuxpresso.tools.win32_11.4.0.202103011116/tools/bin/../lib/gcc/arm-none-eabi/10.2.1/thumb/v7e-m+fp/hard\libcr_eabihelpers.a(double.o)
                0x00002720                __aeabi_dadd
 .text.__aeabi_d2f
                0x00002834       0x58 c:/nxp/mcuxpressoide_11.4.0_6224/ide/plugins/com.nxp.mcuxpresso.tools.win32_11.4.0.202103011116/tools/bin/../lib/gcc/arm-none-eabi/10.2.1/thumb/v7e-m+fp/hard\libcr_eabihelpers.a(double.o)
                0x00002834                __aeabi_d2f
 .text.__aeabi_f2d
                0x0000288c       0x38 c:/nxp/mcuxpressoide_11.4.0_6224/ide/plugins/com.nxp.mcuxpresso.tools.win32_11.4.0.202103011116/tools/bin/../lib/gcc/arm-none-eabi/10.2.1/thumb/v7e-m+fp/hard\libcr_eabihelpers.a(float.o)
                0x0000288c                __aeabi_f2d
 .text.DMA0_IRQHandler
                0x000028c4        0x8 ./startup/startup_mk64f12.o
                0x000028c4                DMA0_IRQHandler
 .text.DMA1_IRQHandler
                0x000028cc        0x8 ./startup/startup_mk64f12.o
                0x000028cc                DMA1_IRQHandler
 .text.DMA2_IRQHandler
                0x000028d4        0x8 ./startup/startup_mk64f12.o
                0x000028d4                DMA2_IRQHandler
 .text.DMA3_IRQHandler
                0x000028dc        0x8 ./startup/startup_mk64f12.o
                0x000028dc                DMA3_IRQHandler
 .text.DMA4_IRQHandler
                0x000028e4        0x8 ./startup/startup_mk64f12.o
                0x000028e4                DMA4_IRQHandler
 .text.DMA5_IRQHandler
                0x000028ec        0x8 ./startup/startup_mk64f12.o
                0x000028ec                DMA5_IRQHandler
 .text.DMA6_IRQHandler
                0x000028f4        0x8 ./startup/startup_mk64f12.o
                0x000028f4                DMA6_IRQHandler
 .text.DMA7_IRQHandler
                0x000028fc        0x8 ./startup/startup_mk64f12.o
                0x000028fc                DMA7_IRQHandler
 .text.DMA8_IRQHandler
                0x00002904        0x8 ./startup/startup_mk64f12.o
                0x00002904                DMA8_IRQHandler
 .text.DMA9_IRQHandler
                0x0000290c        0x8 ./startup/startup_mk64f12.o
                0x0000290c                DMA9_IRQHandler
 .text.DMA10_IRQHandler
                0x00002914        0x8 ./startup/startup_mk64f12.o
                0x00002914                DMA10_IRQHandler
 .text.DMA11_IRQHandler
                0x0000291c        0x8 ./startup/startup_mk64f12.o
                0x0000291c                DMA11_IRQHandler
 .text.DMA12_IRQHandler
                0x00002924        0x8 ./startup/startup_mk64f12.o
                0x00002924                DMA12_IRQHandler
 .text.DMA13_IRQHandler
                0x0000292c        0x8 ./startup/startup_mk64f12.o
                0x0000292c                DMA13_IRQHandler
 .text.DMA14_IRQHandler
                0x00002934        0x8 ./startup/startup_mk64f12.o
                0x00002934                DMA14_IRQHandler
 .text.DMA15_IRQHandler
                0x0000293c        0x8 ./startup/startup_mk64f12.o
                0x0000293c                DMA15_IRQHandler
 .text.DMA_Error_IRQHandler
                0x00002944        0x8 ./startup/startup_mk64f12.o
                0x00002944                DMA_Error_IRQHandler
 .text.MCM_IRQHandler
                0x0000294c        0x8 ./startup/startup_mk64f12.o
                0x0000294c                MCM_IRQHandler
 .text.FTFE_IRQHandler
                0x00002954        0x8 ./startup/startup_mk64f12.o
                0x00002954                FTFE_IRQHandler
 .text.Read_Collision_IRQHandler
                0x0000295c        0x8 ./startup/startup_mk64f12.o
                0x0000295c                Read_Collision_IRQHandler
 .text.LVD_LVW_IRQHandler
                0x00002964        0x8 ./startup/startup_mk64f12.o
                0x00002964                LVD_LVW_IRQHandler
 .text.LLWU_IRQHandler
                0x0000296c        0x8 ./startup/startup_mk64f12.o
                0x0000296c                LLWU_IRQHandler
 .text.WDOG_EWM_IRQHandler
                0x00002974        0x8 ./startup/startup_mk64f12.o
                0x00002974                WDOG_EWM_IRQHandler
 .text.RNG_IRQHandler
                0x0000297c        0x8 ./startup/startup_mk64f12.o
                0x0000297c                RNG_IRQHandler
 .text.I2C0_IRQHandler
                0x00002984        0x8 ./startup/startup_mk64f12.o
                0x00002984                I2C0_IRQHandler
 .text.I2C1_IRQHandler
                0x0000298c        0x8 ./startup/startup_mk64f12.o
                0x0000298c                I2C1_IRQHandler
 .text.SPI0_IRQHandler
                0x00002994        0x8 ./startup/startup_mk64f12.o
                0x00002994                SPI0_IRQHandler
 .text.SPI1_IRQHandler
                0x0000299c        0x8 ./startup/startup_mk64f12.o
                0x0000299c                SPI1_IRQHandler
 .text.I2S0_Tx_IRQHandler
                0x000029a4        0x8 ./startup/startup_mk64f12.o
                0x000029a4                I2S0_Tx_IRQHandler
 .text.I2S0_Rx_IRQHandler
                0x000029ac        0x8 ./startup/startup_mk64f12.o
                0x000029ac                I2S0_Rx_IRQHandler
 .text.UART0_LON_IRQHandler
                0x000029b4        0x8 ./startup/startup_mk64f12.o
                0x000029b4                UART0_LON_IRQHandler
 .text.UART0_RX_TX_IRQHandler
                0x000029bc        0x8 ./startup/startup_mk64f12.o
                0x000029bc                UART0_RX_TX_IRQHandler
 .text.UART0_ERR_IRQHandler
                0x000029c4        0x8 ./startup/startup_mk64f12.o
                0x000029c4                UART0_ERR_IRQHandler
 .text.UART1_RX_TX_IRQHandler
                0x000029cc        0x8 ./startup/startup_mk64f12.o
                0x000029cc                UART1_RX_TX_IRQHandler
 .text.UART1_ERR_IRQHandler
                0x000029d4        0x8 ./startup/startup_mk64f12.o
                0x000029d4                UART1_ERR_IRQHandler
 .text.UART2_RX_TX_IRQHandler
                0x000029dc        0x8 ./startup/startup_mk64f12.o
                0x000029dc                UART2_RX_TX_IRQHandler
 .text.UART2_ERR_IRQHandler
                0x000029e4        0x8 ./startup/startup_mk64f12.o
                0x000029e4                UART2_ERR_IRQHandler
 .text.UART3_RX_TX_IRQHandler
                0x000029ec        0x8 ./startup/startup_mk64f12.o
                0x000029ec                UART3_RX_TX_IRQHandler
 .text.UART3_ERR_IRQHandler
                0x000029f4        0x8 ./startup/startup_mk64f12.o
                0x000029f4                UART3_ERR_IRQHandler
 .text.ADC0_IRQHandler
                0x000029fc        0x8 ./startup/startup_mk64f12.o
                0x000029fc                ADC0_IRQHandler
 .text.CMP0_IRQHandler
                0x00002a04        0x8 ./startup/startup_mk64f12.o
                0x00002a04                CMP0_IRQHandler
 .text.CMP1_IRQHandler
                0x00002a0c        0x8 ./startup/startup_mk64f12.o
                0x00002a0c                CMP1_IRQHandler
 .text.FTM0_IRQHandler
                0x00002a14        0x8 ./startup/startup_mk64f12.o
                0x00002a14                FTM0_IRQHandler
 .text.FTM1_IRQHandler
                0x00002a1c        0x8 ./startup/startup_mk64f12.o
                0x00002a1c                FTM1_IRQHandler
 .text.FTM2_IRQHandler
                0x00002a24        0x8 ./startup/startup_mk64f12.o
                0x00002a24                FTM2_IRQHandler
 .text.CMT_IRQHandler
                0x00002a2c        0x8 ./startup/startup_mk64f12.o
                0x00002a2c                CMT_IRQHandler
 .text.RTC_IRQHandler
                0x00002a34        0x8 ./startup/startup_mk64f12.o
                0x00002a34                RTC_IRQHandler
 .text.RTC_Seconds_IRQHandler
                0x00002a3c        0x8 ./startup/startup_mk64f12.o
                0x00002a3c                RTC_Seconds_IRQHandler
 .text.PIT1_IRQHandler
                0x00002a44        0x8 ./startup/startup_mk64f12.o
                0x00002a44                PIT1_IRQHandler
 .text.PIT2_IRQHandler
                0x00002a4c        0x8 ./startup/startup_mk64f12.o
                0x00002a4c                PIT2_IRQHandler
 .text.PIT3_IRQHandler
                0x00002a54        0x8 ./startup/startup_mk64f12.o
                0x00002a54                PIT3_IRQHandler
 .text.PDB0_IRQHandler
                0x00002a5c        0x8 ./startup/startup_mk64f12.o
                0x00002a5c                PDB0_IRQHandler
 .text.USB0_IRQHandler
                0x00002a64        0x8 ./startup/startup_mk64f12.o
                0x00002a64                USB0_IRQHandler
 .text.USBDCD_IRQHandler
                0x00002a6c        0x8 ./startup/startup_mk64f12.o
                0x00002a6c                USBDCD_IRQHandler
 .text.Reserved71_IRQHandler
                0x00002a74        0x8 ./startup/startup_mk64f12.o
                0x00002a74                Reserved71_IRQHandler
 .text.DAC0_IRQHandler
                0x00002a7c        0x8 ./startup/startup_mk64f12.o
                0x00002a7c                DAC0_IRQHandler
 .text.MCG_IRQHandler
                0x00002a84        0x8 ./startup/startup_mk64f12.o
                0x00002a84                MCG_IRQHandler
 .text.LPTMR0_IRQHandler
                0x00002a8c        0x8 ./startup/startup_mk64f12.o
                0x00002a8c                LPTMR0_IRQHandler
 .text.PORTA_IRQHandler
                0x00002a94        0x8 ./startup/startup_mk64f12.o
                0x00002a94                PORTA_IRQHandler
 .text.PORTB_IRQHandler
                0x00002a9c        0x8 ./startup/startup_mk64f12.o
                0x00002a9c                PORTB_IRQHandler
 .text.PORTC_IRQHandler
                0x00002aa4        0x8 ./startup/startup_mk64f12.o
                0x00002aa4                PORTC_IRQHandler
 .text.PORTD_IRQHandler
                0x00002aac        0x8 ./startup/startup_mk64f12.o
                0x00002aac                PORTD_IRQHandler
 .text.PORTE_IRQHandler
                0x00002ab4        0x8 ./startup/startup_mk64f12.o
                0x00002ab4                PORTE_IRQHandler
 .text.SWI_IRQHandler
                0x00002abc        0x8 ./startup/startup_mk64f12.o
                0x00002abc                SWI_IRQHandler
 .text.SPI2_IRQHandler
                0x00002ac4        0x8 ./startup/startup_mk64f12.o
                0x00002ac4                SPI2_IRQHandler
 .text.UART4_RX_TX_IRQHandler
                0x00002acc        0x8 ./startup/startup_mk64f12.o
                0x00002acc                UART4_RX_TX_IRQHandler
 .text.UART4_ERR_IRQHandler
                0x00002ad4        0x8 ./startup/startup_mk64f12.o
                0x00002ad4                UART4_ERR_IRQHandler
 .text.UART5_RX_TX_IRQHandler
                0x00002adc        0x8 ./startup/startup_mk64f12.o
                0x00002adc                UART5_RX_TX_IRQHandler
 .text.UART5_ERR_IRQHandler
                0x00002ae4        0x8 ./startup/startup_mk64f12.o
                0x00002ae4                UART5_ERR_IRQHandler
 .text.CMP2_IRQHandler
                0x00002aec        0x8 ./startup/startup_mk64f12.o
                0x00002aec                CMP2_IRQHandler
 .text.FTM3_IRQHandler
                0x00002af4        0x8 ./startup/startup_mk64f12.o
                0x00002af4                FTM3_IRQHandler
 .text.DAC1_IRQHandler
                0x00002afc        0x8 ./startup/startup_mk64f12.o
                0x00002afc                DAC1_IRQHandler
 .text.ADC1_IRQHandler
                0x00002b04        0x8 ./startup/startup_mk64f12.o
                0x00002b04                ADC1_IRQHandler
 .text.I2C2_IRQHandler
                0x00002b0c        0x8 ./startup/startup_mk64f12.o
                0x00002b0c                I2C2_IRQHandler
 .text.CAN0_ORed_Message_buffer_IRQHandler
                0x00002b14        0x8 ./startup/startup_mk64f12.o
                0x00002b14                CAN0_ORed_Message_buffer_IRQHandler
 .text.CAN0_Bus_Off_IRQHandler
                0x00002b1c        0x8 ./startup/startup_mk64f12.o
                0x00002b1c                CAN0_Bus_Off_IRQHandler
 .text.CAN0_Error_IRQHandler
                0x00002b24        0x8 ./startup/startup_mk64f12.o
                0x00002b24                CAN0_Error_IRQHandler
 .text.CAN0_Tx_Warning_IRQHandler
                0x00002b2c        0x8 ./startup/startup_mk64f12.o
                0x00002b2c                CAN0_Tx_Warning_IRQHandler
 .text.CAN0_Rx_Warning_IRQHandler
                0x00002b34        0x8 ./startup/startup_mk64f12.o
                0x00002b34                CAN0_Rx_Warning_IRQHandler
 .text.CAN0_Wake_Up_IRQHandler
                0x00002b3c        0x8 ./startup/startup_mk64f12.o
                0x00002b3c                CAN0_Wake_Up_IRQHandler
 .text.SDHC_IRQHandler
                0x00002b44        0x8 ./startup/startup_mk64f12.o
                0x00002b44                SDHC_IRQHandler
 .text.ENET_1588_Timer_IRQHandler
                0x00002b4c        0x8 ./startup/startup_mk64f12.o
                0x00002b4c                ENET_1588_Timer_IRQHandler
 .text.ENET_Transmit_IRQHandler
                0x00002b54        0x8 ./startup/startup_mk64f12.o
                0x00002b54                ENET_Transmit_IRQHandler
 .text.ENET_Receive_IRQHandler
                0x00002b5c        0x8 ./startup/startup_mk64f12.o
                0x00002b5c                ENET_Receive_IRQHandler
 .text.ENET_Error_IRQHandler
                0x00002b64        0x8 ./startup/startup_mk64f12.o
                0x00002b64                ENET_Error_IRQHandler
 .text.PIT_GetStatusFlags
                0x00002b6c       0x2a ./source/DSP_TP4_Parte_2.o
 .text.PIT_ClearStatusFlags
                0x00002b96       0x2a ./source/DSP_TP4_Parte_2.o
 .text.PIT_StartTimer
                0x00002bc0       0x38 ./source/DSP_TP4_Parte_2.o
 .text.HardFault_Handler
                0x00002bf8       0x2c ./source/semihost_hardfault.o
                0x00002bf8                HardFault_Handler
 .text.CLOCK_EnableClock
                0x00002c24       0x34 ./drivers/fsl_clock.o
 .text.CLOCK_DisableClock
                0x00002c58       0x38 ./drivers/fsl_clock.o
 .text.OSC_SetExtRefClkConfig
                0x00002c90       0x34 ./drivers/fsl_clock.o
 .text.OSC_SetCapLoad
                0x00002cc4       0x34 ./drivers/fsl_clock.o
 .text.CLOCK_GetPll0RefFreq
                0x00002cf8        0xe ./drivers/fsl_clock.o
 .text.CLOCK_GetFixedFreqClkFreq
                0x00002d06       0x34 ./drivers/fsl_clock.o
                0x00002d06                CLOCK_GetFixedFreqClkFreq
 .text.CLOCK_EnableClock
                0x00002d3a       0x34 ./drivers/fsl_dac.o
 .text.CLOCK_EnableClock
                0x00002d6e       0x34 ./drivers/fsl_pit.o
 .text.CLOCK_EnableClock
                0x00002da2       0x34 ./drivers/fsl_uart.o
 .text.UART0_RX_TX_DriverIRQHandler
                0x00002dd6       0x12 ./drivers/fsl_uart.o
                0x00002dd6                UART0_RX_TX_DriverIRQHandler
 .text.UART1_RX_TX_DriverIRQHandler
                0x00002de8       0x12 ./drivers/fsl_uart.o
                0x00002de8                UART1_RX_TX_DriverIRQHandler
 .text.UART2_RX_TX_DriverIRQHandler
                0x00002dfa       0x12 ./drivers/fsl_uart.o
                0x00002dfa                UART2_RX_TX_DriverIRQHandler
 .text.UART3_RX_TX_DriverIRQHandler
                0x00002e0c       0x12 ./drivers/fsl_uart.o
                0x00002e0c                UART3_RX_TX_DriverIRQHandler
 .text.UART4_RX_TX_DriverIRQHandler
                0x00002e1e       0x12 ./drivers/fsl_uart.o
                0x00002e1e                UART4_RX_TX_DriverIRQHandler
 .text.UART5_RX_TX_DriverIRQHandler
                0x00002e30       0x12 ./drivers/fsl_uart.o
                0x00002e30                UART5_RX_TX_DriverIRQHandler
 .text.SystemInitHook
                0x00002e42        0xe ./device/system_MK64F12.o
                0x00002e42                SystemInitHook
 .text.HAL_UartGetStatus
                0x00002e50       0x22 ./component/uart/fsl_adapter_uart.o
 .text.DisableGlobalIRQ
                0x00002e72       0x22 ./component/serial_manager/fsl_component_serial_manager.o
 .text.EnableGlobalIRQ
                0x00002e94       0x20 ./component/serial_manager/fsl_component_serial_manager.o
 .text.SerialManager_Init
                0x00002eb4       0x60 ./component/serial_manager/fsl_component_serial_manager.o
                0x00002eb4                SerialManager_Init
 .text.SerialManager_OpenWriteHandle
                0x00002f14       0x50 ./component/serial_manager/fsl_component_serial_manager.o
                0x00002f14                SerialManager_OpenWriteHandle
 .text.SerialManager_OpenReadHandle
                0x00002f64       0x60 ./component/serial_manager/fsl_component_serial_manager.o
                0x00002f64                SerialManager_OpenReadHandle
 .text.Serial_UartInit
                0x00002fc4       0x3e ./component/serial_manager/fsl_component_serial_port_uart.o
                0x00002fc4                Serial_UartInit
 .text.BOARD_InitDebugConsole
                0x00003002       0x22 ./board/board.o
                0x00003002                BOARD_InitDebugConsole
 .text.BOARD_InitBootClocks
                0x00003024        0xc ./board/clock_config.o
                0x00003024                BOARD_InitBootClocks
 .text.EnableIRQ
                0x00003030       0x32 ./board/peripherals.o
 .text.DAC_Enable
                0x00003062       0x48 ./board/peripherals.o
 .text.PIT_EnableInterrupts
                0x000030aa       0x3a ./board/peripherals.o
 .text.BOARD_InitPeripherals
                0x000030e4       0x10 ./board/peripherals.o
                0x000030e4                BOARD_InitPeripherals
 .text.BOARD_InitBootPeripherals
                0x000030f4        0xc ./board/peripherals.o
                0x000030f4                BOARD_InitBootPeripherals
 .text.CLOCK_EnableClock
                0x00003100       0x34 ./board/pin_mux.o
 .text.PORT_SetPinMux
                0x00003134       0x3a ./board/pin_mux.o
 .text.BOARD_InitBootPins
                0x0000316e       0x10 ./board/pin_mux.o
                0x0000316e                BOARD_InitBootPins
 .text.arm_fir_init_q15
                0x0000317e       0x54 ./CMSIS/DSP/Source/FilteringFunctions/FilteringFunctions.o
                0x0000317e                arm_fir_init_q15
 .text.arm_fir_q15
                0x000031d2      0x152 ./CMSIS/DSP/Source/FilteringFunctions/FilteringFunctions.o
                0x000031d2                arm_fir_q15
 .text.arm_lms_init_q15
                0x00003324       0x4a ./CMSIS/DSP/Source/FilteringFunctions/FilteringFunctions.o
                0x00003324                arm_lms_init_q15
 .text.arm_lms_q15
                0x0000336e      0x1f6 ./CMSIS/DSP/Source/FilteringFunctions/FilteringFunctions.o
                0x0000336e                arm_lms_q15
 .text.__main   0x00003564        0xe c:/nxp/mcuxpressoide_11.4.0_6224/ide/plugins/com.nxp.mcuxpresso.tools.win32_11.4.0.202103011116/tools/bin/../lib/gcc/arm-none-eabi/10.2.1/../../../../arm-none-eabi/lib/thumb/v7e-m+fp/hard\libcr_nohost_nf.a(_cr__main.o)
                0x00003564                __main
 .text.__sys_appexit
                0x00003572        0x2 c:/nxp/mcuxpressoide_11.4.0_6224/ide/plugins/com.nxp.mcuxpresso.tools.win32_11.4.0.202103011116/tools/bin/../lib/gcc/arm-none-eabi/10.2.1/../../../../arm-none-eabi/lib/thumb/v7e-m+fp/hard\libcr_nohost_nf.a(__sys_appexit.o)
                0x00003572                __sys_appexit
                0x00003572                __exit
 .text.fabsf    0x00003574       0x10 c:/nxp/mcuxpressoide_11.4.0_6224/ide/plugins/com.nxp.mcuxpresso.tools.win32_11.4.0.202103011116/tools/bin/../lib/gcc/arm-none-eabi/10.2.1/../../../../arm-none-eabi/lib/thumb/v7e-m+fp/hard\libcr_c.a(fabsf.o)
                0x00003574                fabsf
 .text.sinf     0x00003584       0x26 c:/nxp/mcuxpressoide_11.4.0_6224/ide/plugins/com.nxp.mcuxpresso.tools.win32_11.4.0.202103011116/tools/bin/../lib/gcc/arm-none-eabi/10.2.1/../../../../arm-none-eabi/lib/thumb/v7e-m+fp/hard\libcr_c.a(sinf.o)
                0x00003584                sinf
 .text.memset   0x000035aa        0x4 c:/nxp/mcuxpressoide_11.4.0_6224/ide/plugins/com.nxp.mcuxpresso.tools.win32_11.4.0.202103011116/tools/bin/../lib/gcc/arm-none-eabi/10.2.1/../../../../arm-none-eabi/lib/thumb/v7e-m+fp/hard\libcr_c.a(memset.o)
                0x000035aa                memset
 .text._deferredlazyseek
                0x000035ae       0x40 c:/nxp/mcuxpressoide_11.4.0_6224/ide/plugins/com.nxp.mcuxpresso.tools.win32_11.4.0.202103011116/tools/bin/../lib/gcc/arm-none-eabi/10.2.1/../../../../arm-none-eabi/lib/thumb/v7e-m+fp/hard\libcr_c.a(_deferredlazyseek.o)
                0x000035ae                _deferredlazyseek
 .text.__flsbuf
                0x000035ee      0x140 c:/nxp/mcuxpressoide_11.4.0_6224/ide/plugins/com.nxp.mcuxpresso.tools.win32_11.4.0.202103011116/tools/bin/../lib/gcc/arm-none-eabi/10.2.1/../../../../arm-none-eabi/lib/thumb/v7e-m+fp/hard\libcr_c.a(_deferredlazyseek.o)
                0x000035ee                __flsbuf
 .text._fflush  0x0000372e       0x52 c:/nxp/mcuxpressoide_11.4.0_6224/ide/plugins/com.nxp.mcuxpresso.tools.win32_11.4.0.202103011116/tools/bin/../lib/gcc/arm-none-eabi/10.2.1/../../../../arm-none-eabi/lib/thumb/v7e-m+fp/hard\libcr_c.a(_fflush.o)
                0x0000372e                _fflush
 .text.free     0x00003780       0x30 c:/nxp/mcuxpressoide_11.4.0_6224/ide/plugins/com.nxp.mcuxpresso.tools.win32_11.4.0.202103011116/tools/bin/../lib/gcc/arm-none-eabi/10.2.1/../../../../arm-none-eabi/lib/thumb/v7e-m+fp/hard\libcr_c.a(alloc.o)
                0x00003780                free
 .text.fputs    0x000037b0       0x2c c:/nxp/mcuxpressoide_11.4.0_6224/ide/plugins/com.nxp.mcuxpresso.tools.win32_11.4.0.202103011116/tools/bin/../lib/gcc/arm-none-eabi/10.2.1/../../../../arm-none-eabi/lib/thumb/v7e-m+fp/hard\libcr_c.a(fputs.o)
                0x000037b0                fputs
 .text.setvbuf  0x000037dc       0x3e c:/nxp/mcuxpressoide_11.4.0_6224/ide/plugins/com.nxp.mcuxpresso.tools.win32_11.4.0.202103011116/tools/bin/../lib/gcc/arm-none-eabi/10.2.1/../../../../arm-none-eabi/lib/thumb/v7e-m+fp/hard\libcr_c.a(setvbuf.o)
                0x000037dc                setvbuf
 .text.strlen   0x0000381a       0x48 c:/nxp/mcuxpressoide_11.4.0_6224/ide/plugins/com.nxp.mcuxpresso.tools.win32_11.4.0.202103011116/tools/bin/../lib/gcc/arm-none-eabi/10.2.1/../../../../arm-none-eabi/lib/thumb/v7e-m+fp/hard\libcr_c.a(strlen.o)
                0x0000381a                strlen
 .text._fdopen  0x00003862       0x68 c:/nxp/mcuxpressoide_11.4.0_6224/ide/plugins/com.nxp.mcuxpresso.tools.win32_11.4.0.202103011116/tools/bin/../lib/gcc/arm-none-eabi/10.2.1/../../../../arm-none-eabi/lib/thumb/v7e-m+fp/hard\libcr_c.a(_fdopen.o)
                0x00003862                _fdopen
 .text.fclose   0x000038ca       0x58 c:/nxp/mcuxpressoide_11.4.0_6224/ide/plugins/com.nxp.mcuxpresso.tools.win32_11.4.0.202103011116/tools/bin/../lib/gcc/arm-none-eabi/10.2.1/../../../../arm-none-eabi/lib/thumb/v7e-m+fp/hard\libcr_c.a(fclose.o)
                0x000038ca                fclose
 .text.remove   0x00003922       0x14 c:/nxp/mcuxpressoide_11.4.0_6224/ide/plugins/com.nxp.mcuxpresso.tools.win32_11.4.0.202103011116/tools/bin/../lib/gcc/arm-none-eabi/10.2.1/../../../../arm-none-eabi/lib/thumb/v7e-m+fp/hard\libcr_c.a(remove.o)
                0x00003922                remove
 .text._do_fflush
                0x00003936       0x40 c:/nxp/mcuxpressoide_11.4.0_6224/ide/plugins/com.nxp.mcuxpresso.tools.win32_11.4.0.202103011116/tools/bin/../lib/gcc/arm-none-eabi/10.2.1/../../../../arm-none-eabi/lib/thumb/v7e-m+fp/hard\libcr_c.a(_do_fflush.o)
                0x00003936                _do_fflush
 .text.__aeabi_division_uldivmod
                0x00003976      0x174 c:/nxp/mcuxpressoide_11.4.0_6224/ide/plugins/com.nxp.mcuxpresso.tools.win32_11.4.0.202103011116/tools/bin/../lib/gcc/arm-none-eabi/10.2.1/thumb/v7e-m+fp/hard\libcr_eabihelpers.a(division_64.o)
                0x00003976                __aeabi_uldivmod
                0x0000397a                __bhs_ldivmod1
 .text.__aeabi_division_idiv0
                0x00003aea        0x2 c:/nxp/mcuxpressoide_11.4.0_6224/ide/plugins/com.nxp.mcuxpresso.tools.win32_11.4.0.202103011116/tools/bin/../lib/gcc/arm-none-eabi/10.2.1/thumb/v7e-m+fp/hard\libcr_eabihelpers.a(division_idiv0.o)
                0x00003aea                __aeabi_idiv0
 .text.__aeabi_memset_lowlevel
                0x00003aec       0x32 c:/nxp/mcuxpressoide_11.4.0_6224/ide/plugins/com.nxp.mcuxpresso.tools.win32_11.4.0.202103011116/tools/bin/../lib/gcc/arm-none-eabi/10.2.1/thumb/v7e-m+fp/hard\libcr_eabihelpers.a(memcpy.o)
                0x00003aec                __aeabi_lowlevel_memset
 .text.__sys_close
                0x00003b1e        0x6 c:/nxp/mcuxpressoide_11.4.0_6224/ide/plugins/com.nxp.mcuxpresso.tools.win32_11.4.0.202103011116/tools/bin/../lib/gcc/arm-none-eabi/10.2.1/../../../../arm-none-eabi/lib/thumb/v7e-m+fp/hard\libcr_nohost_nf.a(__sys_close.o)
                0x00003b1e                __sys_close
 .text.__sys_flen
                0x00003b24        0x6 c:/nxp/mcuxpressoide_11.4.0_6224/ide/plugins/com.nxp.mcuxpresso.tools.win32_11.4.0.202103011116/tools/bin/../lib/gcc/arm-none-eabi/10.2.1/../../../../arm-none-eabi/lib/thumb/v7e-m+fp/hard\libcr_nohost_nf.a(__sys_flen.o)
                0x00003b24                __sys_flen
 .text.__sys_istty
                0x00003b2a        0x6 c:/nxp/mcuxpressoide_11.4.0_6224/ide/plugins/com.nxp.mcuxpresso.tools.win32_11.4.0.202103011116/tools/bin/../lib/gcc/arm-none-eabi/10.2.1/../../../../arm-none-eabi/lib/thumb/v7e-m+fp/hard\libcr_nohost_nf.a(__sys_istty.o)
                0x00003b2a                __sys_istty
 .text.__sys_remove
                0x00003b30        0x6 c:/nxp/mcuxpressoide_11.4.0_6224/ide/plugins/com.nxp.mcuxpresso.tools.win32_11.4.0.202103011116/tools/bin/../lib/gcc/arm-none-eabi/10.2.1/../../../../arm-none-eabi/lib/thumb/v7e-m+fp/hard\libcr_nohost_nf.a(__sys_remove.o)
                0x00003b30                __sys_remove
 .text.__sys_seek
                0x00003b36        0x6 c:/nxp/mcuxpressoide_11.4.0_6224/ide/plugins/com.nxp.mcuxpresso.tools.win32_11.4.0.202103011116/tools/bin/../lib/gcc/arm-none-eabi/10.2.1/../../../../arm-none-eabi/lib/thumb/v7e-m+fp/hard\libcr_nohost_nf.a(__sys_seek.o)
                0x00003b36                __sys_seek
 .text.__sys_tmpnam
                0x00003b3c        0x6 c:/nxp/mcuxpressoide_11.4.0_6224/ide/plugins/com.nxp.mcuxpresso.tools.win32_11.4.0.202103011116/tools/bin/../lib/gcc/arm-none-eabi/10.2.1/../../../../arm-none-eabi/lib/thumb/v7e-m+fp/hard\libcr_nohost_nf.a(__sys_tmpnam.o)
                0x00003b3c                __sys_tmpnam
 .text.__sys_write
                0x00003b42        0x4 c:/nxp/mcuxpressoide_11.4.0_6224/ide/plugins/com.nxp.mcuxpresso.tools.win32_11.4.0.202103011116/tools/bin/../lib/gcc/arm-none-eabi/10.2.1/../../../../arm-none-eabi/lib/thumb/v7e-m+fp/hard\libcr_nohost_nf.a(__sys_write.o)
                0x00003b42                __sys_write
 *(SORT_BY_ALIGNMENT(.rodata) SORT_BY_ALIGNMENT(.rodata.*) SORT_BY_ALIGNMENT(.constdata) SORT_BY_ALIGNMENT(.constdata.*))
 *fill*         0x00003b46        0x2 ff
 .rodata.planta_fir
                0x00003b48       0x3c ./source/DSP_TP4_Parte_2.o
                0x00003b48                planta_fir
 .rodata.CLOCK_GetMcgExtClkFreq.str1.4
                0x00003b84       0x4e ./drivers/fsl_clock.o
 *fill*         0x00003bd2        0x2 ff
 .rodata.CLOCK_GetOsc0ErClkFreq.str1.4
                0x00003bd4       0x1f ./drivers/fsl_clock.o
 *fill*         0x00003bf3        0x1 ff
 .rodata.CLOCK_GetEr32kClkFreq.str1.4
                0x00003bf4       0x20 ./drivers/fsl_clock.o
 .rodata.CLOCK_GetPll0Freq.str1.4
                0x00003c14       0x1e ./drivers/fsl_clock.o
 *fill*         0x00003c32        0x2 ff
 .rodata.CLOCK_EnablePll0.str1.4
                0x00003c34       0x1b ./drivers/fsl_clock.o
 *fill*         0x00003c4f        0x1 ff
 .rodata.CLOCK_SetPbeMode.str1.4
                0x00003c50       0x1b ./drivers/fsl_clock.o
 *fill*         0x00003c6b        0x1 ff
 .rodata.CLOCK_BootToPeeMode.str1.4
                0x00003c6c       0x1b ./drivers/fsl_clock.o
 *fill*         0x00003c87        0x1 ff
 .rodata.fllFactorTable.1
                0x00003c88       0x10 ./drivers/fsl_clock.o
 .rodata.s_dacBases
                0x00003c98        0x8 ./drivers/fsl_dac.o
 .rodata.s_dacClocks
                0x00003ca0        0x8 ./drivers/fsl_dac.o
 .rodata.DAC_GetInstance.str1.4
                0x00003ca8       0x32 ./drivers/fsl_dac.o
 *fill*         0x00003cda        0x2 ff
 .rodata.DAC_Init.str1.4
                0x00003cdc       0x1f ./drivers/fsl_dac.o
 *fill*         0x00003cfb        0x1 ff
 .rodata.DAC_SetBufferValue.str1.4
                0x00003cfc       0x28 ./drivers/fsl_dac.o
 .rodata.DAC_SetBufferReadPointer.str1.4
                0x00003d24       0x28 ./drivers/fsl_dac.o
 .rodata.PIT_GetInstance.str1.4
                0x00003d4c       0x32 ./drivers/fsl_pit.o
 *fill*         0x00003d7e        0x2 ff
 .rodata.PIT_Init.str1.4
                0x00003d80       0x1f ./drivers/fsl_pit.o
 *fill*         0x00003d9f        0x1 ff
 .rodata.s_uartBases
                0x00003da0       0x18 ./drivers/fsl_uart.o
 .rodata.s_uartClock
                0x00003db8       0x18 ./drivers/fsl_uart.o
 .rodata.UART_GetInstance.str1.4
                0x00003dd0       0x2c ./drivers/fsl_uart.o
 .rodata.UART_Init.str1.4
                0x00003dfc      0x104 ./drivers/fsl_uart.o
 .rodata.UART_GetDefaultConfig.str1.4
                0x00003f00       0x21 ./drivers/fsl_uart.o
 *fill*         0x00003f21        0x3 ff
 .rodata.s_UartAdapterBase
                0x00003f24       0x18 ./component/uart/fsl_adapter_uart.o
 .rodata.HAL_UartInit.str1.4
                0x00003f3c       0xe6 ./component/uart/fsl_adapter_uart.o
 *fill*         0x00004022        0x2 ff
 .rodata.mcgConfig_BOARD_BootClockRUN
                0x00004024        0xb ./board/clock_config.o
                0x00004024                mcgConfig_BOARD_BootClockRUN
 *fill*         0x0000402f        0x1 ff
 .rodata.simConfig_BOARD_BootClockRUN
                0x00004030        0x8 ./board/clock_config.o
                0x00004030                simConfig_BOARD_BootClockRUN
 .rodata.oscConfig_BOARD_BootClockRUN
                0x00004038        0x8 ./board/clock_config.o
                0x00004038                oscConfig_BOARD_BootClockRUN
 .rodata.PIT_SetTimerPeriod.str1.4
                0x00004040       0x71 ./board/peripherals.o
 *fill*         0x000040b1        0x3 ff
 .rodata.DAC0_config
                0x000040b4        0x2 ./board/peripherals.o
                0x000040b4                DAC0_config
 *fill*         0x000040b6        0x2 ff
 .rodata.PIT_config
                0x000040b8        0x1 ./board/peripherals.o
                0x000040b8                PIT_config
 *fill*         0x000040b9        0x3 ff
 .rodata.PORT_SetPinConfig.str1.4
                0x000040bc       0x6d ./board/pin_mux.o
 *fill*         0x00004129        0x3 ff
 .rodata.__num_Ciob_streams
                0x0000412c        0x4 c:/nxp/mcuxpressoide_11.4.0_6224/ide/plugins/com.nxp.mcuxpresso.tools.win32_11.4.0.202103011116/tools/bin/../lib/gcc/arm-none-eabi/10.2.1/../../../../arm-none-eabi/lib/thumb/v7e-m+fp/hard\libcr_nohost_nf.a(__ciob.o)
                0x0000412c                __num_Ciob_streams
 .rodata.__assertion_failed.str1.1
                0x00004130       0x15 c:/nxp/mcuxpressoide_11.4.0_6224/ide/plugins/com.nxp.mcuxpresso.tools.win32_11.4.0.202103011116/tools/bin/../lib/gcc/arm-none-eabi/10.2.1/../../../../arm-none-eabi/lib/thumb/v7e-m+fp/hard\libcr_nohost_nf.a(_cr_assert.o)
 .rodata._Csys_alloc.str1.1
                0x00004145       0x18 c:/nxp/mcuxpressoide_11.4.0_6224/ide/plugins/com.nxp.mcuxpresso.tools.win32_11.4.0.202103011116/tools/bin/../lib/gcc/arm-none-eabi/10.2.1/../../../../arm-none-eabi/lib/thumb/v7e-m+fp/hard\libcr_c.a(alloc.o)
 .rodata._initio.str1.1
                0x0000415d        0x4 c:/nxp/mcuxpressoide_11.4.0_6224/ide/plugins/com.nxp.mcuxpresso.tools.win32_11.4.0.202103011116/tools/bin/../lib/gcc/arm-none-eabi/10.2.1/../../../../arm-none-eabi/lib/thumb/v7e-m+fp/hard\libcr_c.a(initio.o)
                0x00004168                . = ALIGN (0x8)
 *fill*         0x00004161        0x7 ff

.glue_7         0x00004168        0x0
 .glue_7        0x00004168        0x0 linker stubs

.glue_7t        0x00004168        0x0
 .glue_7t       0x00004168        0x0 linker stubs

.vfp11_veneer   0x00004168        0x0
 .vfp11_veneer  0x00004168        0x0 linker stubs

.v4_bx          0x00004168        0x0
 .v4_bx         0x00004168        0x0 linker stubs

.iplt           0x00004168        0x0
 .iplt          0x00004168        0x0 ./utilities/fsl_debug_console.o

.rel.dyn        0x00004168        0x0
 .rel.iplt      0x00004168        0x0 ./utilities/fsl_debug_console.o

.ARM.extab
 *(SORT_BY_ALIGNMENT(.ARM.extab*) SORT_BY_ALIGNMENT(.gnu.linkonce.armextab.*))

.ARM.exidx      0x00004168        0x0
                0x00004168                __exidx_start = .
 *(SORT_BY_ALIGNMENT(.ARM.exidx*) SORT_BY_ALIGNMENT(.gnu.linkonce.armexidx.*))
                0x00004168                __exidx_end = .
                0x00004168                _etext = .

.m_usb_data
 *(SORT_BY_ALIGNMENT(m_usb_bdt))

.data_RAM2      0x1fff0000        0x0 load address 0x00004168
 FILL mask 0xff
                [!provide]                PROVIDE (__start_data_RAM2 = .)
                [!provide]                PROVIDE (__start_data_SRAM_LOWER = .)
 *(SORT_BY_ALIGNMENT(.ramfunc.$RAM2))
 *(SORT_BY_ALIGNMENT(.ramfunc.$SRAM_LOWER))
 *(SORT_BY_ALIGNMENT(.data.$RAM2))
 *(SORT_BY_ALIGNMENT(.data.$SRAM_LOWER))
 *(SORT_BY_ALIGNMENT(.data.$RAM2.*))
 *(SORT_BY_ALIGNMENT(.data.$SRAM_LOWER.*))
                0x1fff0000                . = ALIGN (0x8)
                [!provide]                PROVIDE (__end_data_RAM2 = .)
                [!provide]                PROVIDE (__end_data_SRAM_LOWER = .)

.data_RAM3      0x14000000        0x0 load address 0x00004168
 FILL mask 0xff
                [!provide]                PROVIDE (__start_data_RAM3 = .)
                [!provide]                PROVIDE (__start_data_FLEX_RAM = .)
 *(SORT_BY_ALIGNMENT(.ramfunc.$RAM3))
 *(SORT_BY_ALIGNMENT(.ramfunc.$FLEX_RAM))
 *(SORT_BY_ALIGNMENT(.data.$RAM3))
 *(SORT_BY_ALIGNMENT(.data.$FLEX_RAM))
 *(SORT_BY_ALIGNMENT(.data.$RAM3.*))
 *(SORT_BY_ALIGNMENT(.data.$FLEX_RAM.*))
                0x14000000                . = ALIGN (0x8)
                [!provide]                PROVIDE (__end_data_RAM3 = .)
                [!provide]                PROVIDE (__end_data_FLEX_RAM = .)

.uninit_RESERVED
                0x20000000        0x0
                0x20000000                _start_uninit_RESERVED = .
 *(SORT_BY_ALIGNMENT(.bss.$RESERVED*))
                0x20000000                . = ALIGN (0x8)
                0x20000000                _end_uninit_RESERVED = .

.data           0x20000000       0xf8 load address 0x00004168
 FILL mask 0xff
                0x20000000                _data = .
                [!provide]                PROVIDE (__start_data_RAM = .)
                [!provide]                PROVIDE (__start_data_SRAM_UPPER = .)
 *(SORT_BY_ALIGNMENT(vtable))
 *(SORT_BY_ALIGNMENT(.ramfunc*))
 *(SORT_BY_ALIGNMENT(CodeQuickAccess))
 *(SORT_BY_ALIGNMENT(DataQuickAccess))
 *(SORT_BY_ALIGNMENT(RamFunction))
 *(SORT_BY_ALIGNMENT(.data*))
 .data.pOut     0x20000000        0x4 ./source/DSP_TP4_Parte_2.o
                0x20000000                pOut
 .data.s_slowIrcFreq
                0x20000004        0x4 ./drivers/fsl_clock.o
 .data.s_fastIrcFreq
                0x20000008        0x4 ./drivers/fsl_clock.o
 .data.SystemCoreClock
                0x2000000c        0x4 ./device/system_MK64F12.o
                0x2000000c                SystemCoreClock
 .data._random_j
                0x20000010        0x4 c:/nxp/mcuxpressoide_11.4.0_6224/ide/plugins/com.nxp.mcuxpresso.tools.win32_11.4.0.202103011116/tools/bin/../lib/gcc/arm-none-eabi/10.2.1/../../../../arm-none-eabi/lib/thumb/v7e-m+fp/hard\libcr_c.a(stdlib.o)
 .data._random_k
                0x20000014        0x4 c:/nxp/mcuxpressoide_11.4.0_6224/ide/plugins/com.nxp.mcuxpresso.tools.win32_11.4.0.202103011116/tools/bin/../lib/gcc/arm-none-eabi/10.2.1/../../../../arm-none-eabi/lib/thumb/v7e-m+fp/hard\libcr_c.a(stdlib.o)
 .data._random_number_seed
                0x20000018       0xdc c:/nxp/mcuxpressoide_11.4.0_6224/ide/plugins/com.nxp.mcuxpresso.tools.win32_11.4.0.202103011116/tools/bin/../lib/gcc/arm-none-eabi/10.2.1/../../../../arm-none-eabi/lib/thumb/v7e-m+fp/hard\libcr_c.a(stdlib.o)
                0x200000f8                . = ALIGN (0x8)
 *fill*         0x200000f4        0x4 ff
                0x200000f8                _edata = .
                [!provide]                PROVIDE (__end_data_RAM = .)
                [!provide]                PROVIDE (__end_data_SRAM_UPPER = .)

.igot.plt       0x200000f8        0x0 load address 0x00004260
 .igot.plt      0x200000f8        0x0 ./utilities/fsl_debug_console.o

.bss_RAM2       0x1fff0000        0x0
                [!provide]                PROVIDE (__start_bss_RAM2 = .)
                [!provide]                PROVIDE (__start_bss_SRAM_LOWER = .)
 *(SORT_BY_ALIGNMENT(.bss.$RAM2))
 *(SORT_BY_ALIGNMENT(.bss.$SRAM_LOWER))
 *(SORT_BY_ALIGNMENT(.bss.$RAM2.*))
 *(SORT_BY_ALIGNMENT(.bss.$SRAM_LOWER.*))
                0x1fff0000                . = ALIGN ((. != 0x0)?0x8:0x1)
                [!provide]                PROVIDE (__end_bss_RAM2 = .)
                [!provide]                PROVIDE (__end_bss_SRAM_LOWER = .)

.bss_RAM3       0x14000000        0x0
                [!provide]                PROVIDE (__start_bss_RAM3 = .)
                [!provide]                PROVIDE (__start_bss_FLEX_RAM = .)
 *(SORT_BY_ALIGNMENT(.bss.$RAM3))
 *(SORT_BY_ALIGNMENT(.bss.$FLEX_RAM))
 *(SORT_BY_ALIGNMENT(.bss.$RAM3.*))
 *(SORT_BY_ALIGNMENT(.bss.$FLEX_RAM.*))
                0x14000000                . = ALIGN ((. != 0x0)?0x8:0x1)
                [!provide]                PROVIDE (__end_bss_RAM3 = .)
                [!provide]                PROVIDE (__end_bss_FLEX_RAM = .)

.bss            0x200000f8      0x258
                0x200000f8                _bss = .
                [!provide]                PROVIDE (__start_bss_RAM = .)
                [!provide]                PROVIDE (__start_bss_SRAM_UPPER = .)
 *(SORT_BY_ALIGNMENT(.bss*))
 .bss.s_debugConsoleState
                0x200000f8       0x20 ./utilities/fsl_debug_console.o
 .bss.g_serialHandle
                0x20000118        0x4 ./utilities/fsl_debug_console.o
                0x20000118                g_serialHandle
 .bss.outBuff   0x2000011c        0x2 ./source/DSP_TP4_Parte_2.o
                0x2000011c                outBuff
 *fill*         0x2000011e        0x2 
 .bss.errBuff   0x20000120        0x2 ./source/DSP_TP4_Parte_2.o
                0x20000120                errBuff
 *fill*         0x20000122        0x2 
 .bss.lmsCoeff  0x20000124       0x3c ./source/DSP_TP4_Parte_2.o
                0x20000124                lmsCoeff
 .bss.lmsState  0x20000160       0x3e ./source/DSP_TP4_Parte_2.o
                0x20000160                lmsState
 *fill*         0x2000019e        0x2 
 .bss.firState  0x200001a0       0x3e ./source/DSP_TP4_Parte_2.o
                0x200001a0                firState
 *fill*         0x200001de        0x2 
 .bss.firOutBuff
                0x200001e0        0x2 ./source/DSP_TP4_Parte_2.o
                0x200001e0                firOutBuff
 *fill*         0x200001e2        0x2 
 .bss.inSignalF32
                0x200001e4       0x30 ./source/DSP_TP4_Parte_2.o
                0x200001e4                inSignalF32
 .bss.inSignalQ15
                0x20000214       0x18 ./source/DSP_TP4_Parte_2.o
                0x20000214                inSignalQ15
 .bss.lms_instance
                0x2000022c       0x14 ./source/DSP_TP4_Parte_2.o
                0x2000022c                lms_instance
 .bss.fir_instance
                0x20000240        0xc ./source/DSP_TP4_Parte_2.o
                0x20000240                fir_instance
 .bss.samplesCnt
                0x2000024c        0x4 ./source/DSP_TP4_Parte_2.o
                0x2000024c                samplesCnt
 .bss.g_xtal0Freq
                0x20000250        0x4 ./drivers/fsl_clock.o
                0x20000250                g_xtal0Freq
 .bss.g_xtal32Freq
                0x20000254        0x4 ./drivers/fsl_clock.o
                0x20000254                g_xtal32Freq
 .bss.s_i2cHandle
                0x20000258        0xc ./drivers/fsl_i2c.o
 .bss.s_i2cMasterIsr
                0x20000264        0x4 ./drivers/fsl_i2c.o
 .bss.s_i2cSlaveIsr
                0x20000268        0x4 ./drivers/fsl_i2c.o
 .bss.s_uartHandle
                0x2000026c       0x18 ./drivers/fsl_uart.o
                0x2000026c                s_uartHandle
 .bss.s_uartIsr
                0x20000284        0x4 ./drivers/fsl_uart.o
                0x20000284                s_uartIsr
 .bss.__Ciob    0x20000288       0xb4 c:/nxp/mcuxpressoide_11.4.0_6224/ide/plugins/com.nxp.mcuxpresso.tools.win32_11.4.0.202103011116/tools/bin/../lib/gcc/arm-none-eabi/10.2.1/../../../../arm-none-eabi/lib/thumb/v7e-m+fp/hard\libcr_nohost_nf.a(__ciob.o)
                0x20000288                __Ciob
 .bss.errno     0x2000033c        0x4 c:/nxp/mcuxpressoide_11.4.0_6224/ide/plugins/com.nxp.mcuxpresso.tools.win32_11.4.0.202103011116/tools/bin/../lib/gcc/arm-none-eabi/10.2.1/../../../../arm-none-eabi/lib/thumb/v7e-m+fp/hard\libcr_c.a(errno.o)
                0x2000033c                errno
 .bss.__end_of_heap
                0x20000340        0x4 c:/nxp/mcuxpressoide_11.4.0_6224/ide/plugins/com.nxp.mcuxpresso.tools.win32_11.4.0.202103011116/tools/bin/../lib/gcc/arm-none-eabi/10.2.1/../../../../arm-none-eabi/lib/thumb/v7e-m+fp/hard\libcr_c.a(__init_alloc.o)
                0x20000340                __end_of_heap
 .bss.__heaps   0x20000344        0x4 c:/nxp/mcuxpressoide_11.4.0_6224/ide/plugins/com.nxp.mcuxpresso.tools.win32_11.4.0.202103011116/tools/bin/../lib/gcc/arm-none-eabi/10.2.1/../../../../arm-none-eabi/lib/thumb/v7e-m+fp/hard\libcr_c.a(__init_alloc.o)
                0x20000344                __heaps
 .bss.s_debugConsoleReadWaitSemaphore
                0x20000348        0x1 ./utilities/fsl_debug_console.o
 *(SORT_BY_ALIGNMENT(COMMON))
                0x20000350                . = ALIGN (0x8)
 *fill*         0x20000349        0x7 
                0x20000350                _ebss = .
                [!provide]                PROVIDE (__end_bss_RAM = .)
                [!provide]                PROVIDE (__end_bss_SRAM_UPPER = .)
                [!provide]                PROVIDE (end = .)

.noinit_RAM2    0x1fff0000        0x0
                [!provide]                PROVIDE (__start_noinit_RAM2 = .)
                [!provide]                PROVIDE (__start_noinit_SRAM_LOWER = .)
 *(SORT_BY_ALIGNMENT(.noinit.$RAM2))
 *(SORT_BY_ALIGNMENT(.noinit.$SRAM_LOWER))
 *(SORT_BY_ALIGNMENT(.noinit.$RAM2.*))
 *(SORT_BY_ALIGNMENT(.noinit.$SRAM_LOWER.*))
                0x1fff0000                . = ALIGN (0x8)
                [!provide]                PROVIDE (__end_noinit_RAM2 = .)
                [!provide]                PROVIDE (__end_noinit_SRAM_LOWER = .)

.noinit_RAM3    0x14000000        0x0
                [!provide]                PROVIDE (__start_noinit_RAM3 = .)
                [!provide]                PROVIDE (__start_noinit_FLEX_RAM = .)
 *(SORT_BY_ALIGNMENT(.noinit.$RAM3))
 *(SORT_BY_ALIGNMENT(.noinit.$FLEX_RAM))
 *(SORT_BY_ALIGNMENT(.noinit.$RAM3.*))
 *(SORT_BY_ALIGNMENT(.noinit.$FLEX_RAM.*))
                0x14000000                . = ALIGN (0x8)
                [!provide]                PROVIDE (__end_noinit_RAM3 = .)
                [!provide]                PROVIDE (__end_noinit_FLEX_RAM = .)

.noinit         0x20000350        0x0
                0x20000350                _noinit = .
                [!provide]                PROVIDE (__start_noinit_RAM = .)
                [!provide]                PROVIDE (__start_noinit_SRAM_UPPER = .)
 *(SORT_BY_ALIGNMENT(.noinit*))
                0x20000350                . = ALIGN (0x8)
                0x20000350                _end_noinit = .
                [!provide]                PROVIDE (__end_noinit_RAM = .)
                [!provide]                PROVIDE (__end_noinit_SRAM_UPPER = .)
                0x00001000                _HeapSize = 0x1000

.heap           0x20000350     0x1000
                0x20000350                _pvHeapStart = .
                0x20001350                . = (. + _HeapSize)
 *fill*         0x20000350     0x1000 
                0x20001350                . = ALIGN (0x8)
                0x20001350                _pvHeapLimit = .
                0x00001000                _StackSize = 0x1000

.heap2stackfill
                0x20001350     0x1000
                0x20002350                . = (. + _StackSize)
 *fill*         0x20001350     0x1000 

.stack          0x2002f000        0x0
                0x2002f000                _vStackBase = .
                0x2002f000                . = ALIGN (0x8)
                0x20030000                _vStackTop = (. + _StackSize)
                0x00000000                _image_start = LOADADDR (.text)
                0x00004260                _image_end = (LOADADDR (.data) + SIZEOF (.data))
                0x00004260                _image_size = (_image_end - _image_start)
OUTPUT(DSP_TP4_Parte_2.axf elf32-littlearm)
LOAD linker stubs

.debug_info     0x00000000    0x1c03d
 .debug_info    0x00000000      0xb58 ./utilities/fsl_debug_console.o
 .debug_info    0x00000b58      0x93a ./startup/startup_mk64f12.o
 .debug_info    0x00001492      0x8b9 ./source/DSP_TP4_Parte_2.o
 .debug_info    0x00001d4b       0x3c ./source/semihost_hardfault.o
 .debug_info    0x00001d87     0x21ab ./drivers/fsl_clock.o
 .debug_info    0x00003f32      0xa90 ./drivers/fsl_dac.o
 .debug_info    0x000049c2     0x1e7a ./drivers/fsl_i2c.o
 .debug_info    0x0000683c      0x759 ./drivers/fsl_pit.o
 .debug_info    0x00006f95     0x1f78 ./drivers/fsl_uart.o
 .debug_info    0x00008f0d      0x649 ./device/system_MK64F12.o
 .debug_info    0x00009556      0xa66 ./component/uart/fsl_adapter_uart.o
 .debug_info    0x00009fbc      0x8e1 ./component/serial_manager/fsl_component_serial_manager.o
 .debug_info    0x0000a89d      0x46b ./component/serial_manager/fsl_component_serial_port_uart.o
 .debug_info    0x0000ad08       0xd0 ./board/board.o
 .debug_info    0x0000add8      0xcb8 ./board/clock_config.o
 .debug_info    0x0000ba90      0xb77 ./board/peripherals.o
 .debug_info    0x0000c607      0xc38 ./board/pin_mux.o
 .debug_info    0x0000d23f     0xedfe ./CMSIS/DSP/Source/FilteringFunctions/FilteringFunctions.o

.debug_abbrev   0x00000000     0x2631
 .debug_abbrev  0x00000000      0x232 ./utilities/fsl_debug_console.o
 .debug_abbrev  0x00000232      0x185 ./startup/startup_mk64f12.o
 .debug_abbrev  0x000003b7      0x202 ./source/DSP_TP4_Parte_2.o
 .debug_abbrev  0x000005b9       0x31 ./source/semihost_hardfault.o
 .debug_abbrev  0x000005ea      0x359 ./drivers/fsl_clock.o
 .debug_abbrev  0x00000943      0x221 ./drivers/fsl_dac.o
 .debug_abbrev  0x00000b64      0x363 ./drivers/fsl_i2c.o
 .debug_abbrev  0x00000ec7      0x1eb ./drivers/fsl_pit.o
 .debug_abbrev  0x000010b2      0x42e ./drivers/fsl_uart.o
 .debug_abbrev  0x000014e0      0x148 ./device/system_MK64F12.o
 .debug_abbrev  0x00001628      0x1c9 ./component/uart/fsl_adapter_uart.o
 .debug_abbrev  0x000017f1      0x23d ./component/serial_manager/fsl_component_serial_manager.o
 .debug_abbrev  0x00001a2e      0x167 ./component/serial_manager/fsl_component_serial_port_uart.o
 .debug_abbrev  0x00001b95       0x85 ./board/board.o
 .debug_abbrev  0x00001c1a      0x246 ./board/clock_config.o
 .debug_abbrev  0x00001e60      0x23f ./board/peripherals.o
 .debug_abbrev  0x0000209f      0x281 ./board/pin_mux.o
 .debug_abbrev  0x00002320      0x311 ./CMSIS/DSP/Source/FilteringFunctions/FilteringFunctions.o

.debug_aranges  0x00000000     0x1040
 .debug_aranges
                0x00000000       0x98 ./utilities/fsl_debug_console.o
 .debug_aranges
                0x00000098      0x330 ./startup/startup_mk64f12.o
 .debug_aranges
                0x000003c8       0x40 ./source/DSP_TP4_Parte_2.o
 .debug_aranges
                0x00000408       0x20 ./source/semihost_hardfault.o
 .debug_aranges
                0x00000428      0x1f8 ./drivers/fsl_clock.o
 .debug_aranges
                0x00000620       0x90 ./drivers/fsl_dac.o
 .debug_aranges
                0x000006b0      0x180 ./drivers/fsl_i2c.o
 .debug_aranges
                0x00000830       0x40 ./drivers/fsl_pit.o
 .debug_aranges
                0x00000870      0x1b8 ./drivers/fsl_uart.o
 .debug_aranges
                0x00000a28       0x30 ./device/system_MK64F12.o
 .debug_aranges
                0x00000a58       0x50 ./component/uart/fsl_adapter_uart.o
 .debug_aranges
                0x00000aa8       0x98 ./component/serial_manager/fsl_component_serial_manager.o
 .debug_aranges
                0x00000b40       0x48 ./component/serial_manager/fsl_component_serial_port_uart.o
 .debug_aranges
                0x00000b88       0x20 ./board/board.o
 .debug_aranges
                0x00000ba8       0x80 ./board/clock_config.o
 .debug_aranges
                0x00000c28       0x60 ./board/peripherals.o
 .debug_aranges
                0x00000c88       0x88 ./board/pin_mux.o
 .debug_aranges
                0x00000d10      0x330 ./CMSIS/DSP/Source/FilteringFunctions/FilteringFunctions.o

.debug_ranges   0x00000000      0xf20
 .debug_ranges  0x00000000       0x88 ./utilities/fsl_debug_console.o
 .debug_ranges  0x00000088      0x320 ./startup/startup_mk64f12.o
 .debug_ranges  0x000003a8       0x30 ./source/DSP_TP4_Parte_2.o
 .debug_ranges  0x000003d8       0x10 ./source/semihost_hardfault.o
 .debug_ranges  0x000003e8      0x1e8 ./drivers/fsl_clock.o
 .debug_ranges  0x000005d0       0x80 ./drivers/fsl_dac.o
 .debug_ranges  0x00000650      0x170 ./drivers/fsl_i2c.o
 .debug_ranges  0x000007c0       0x30 ./drivers/fsl_pit.o
 .debug_ranges  0x000007f0      0x1a8 ./drivers/fsl_uart.o
 .debug_ranges  0x00000998       0x20 ./device/system_MK64F12.o
 .debug_ranges  0x000009b8       0x40 ./component/uart/fsl_adapter_uart.o
 .debug_ranges  0x000009f8       0x88 ./component/serial_manager/fsl_component_serial_manager.o
 .debug_ranges  0x00000a80       0x38 ./component/serial_manager/fsl_component_serial_port_uart.o
 .debug_ranges  0x00000ab8       0x10 ./board/board.o
 .debug_ranges  0x00000ac8       0x70 ./board/clock_config.o
 .debug_ranges  0x00000b38       0x50 ./board/peripherals.o
 .debug_ranges  0x00000b88       0x78 ./board/pin_mux.o
 .debug_ranges  0x00000c00      0x320 ./CMSIS/DSP/Source/FilteringFunctions/FilteringFunctions.o

.debug_macro    0x00000000    0x146d5
 .debug_macro   0x00000000      0x1b9 ./utilities/fsl_debug_console.o
 .debug_macro   0x000001b9      0xaae ./utilities/fsl_debug_console.o
 .debug_macro   0x00000c67       0x10 ./utilities/fsl_debug_console.o
 .debug_macro   0x00000c77       0x16 ./utilities/fsl_debug_console.o
 .debug_macro   0x00000c8d       0x10 ./utilities/fsl_debug_console.o
 .debug_macro   0x00000c9d      0x12e ./utilities/fsl_debug_console.o
 .debug_macro   0x00000dcb       0x28 ./utilities/fsl_debug_console.o
 .debug_macro   0x00000df3       0x16 ./utilities/fsl_debug_console.o
 .debug_macro   0x00000e09       0x22 ./utilities/fsl_debug_console.o
 .debug_macro   0x00000e2b      0x5b3 ./utilities/fsl_debug_console.o
 .debug_macro   0x000013de       0x10 ./utilities/fsl_debug_console.o
 .debug_macro   0x000013ee       0x58 ./utilities/fsl_debug_console.o
 .debug_macro   0x00001446       0x1c ./utilities/fsl_debug_console.o
 .debug_macro   0x00001462       0x22 ./utilities/fsl_debug_console.o
 .debug_macro   0x00001484       0xfb ./utilities/fsl_debug_console.o
 .debug_macro   0x0000157f      0xeeb ./utilities/fsl_debug_console.o
 .debug_macro   0x0000246a       0x40 ./utilities/fsl_debug_console.o
 .debug_macro   0x000024aa     0xec5f ./utilities/fsl_debug_console.o
 .debug_macro   0x00011109     0x12e8 ./utilities/fsl_debug_console.o
 .debug_macro   0x000123f1       0x7a ./utilities/fsl_debug_console.o
 .debug_macro   0x0001246b       0xa1 ./utilities/fsl_debug_console.o
 .debug_macro   0x0001250c      0x174 ./utilities/fsl_debug_console.o
 .debug_macro   0x00012680       0x50 ./utilities/fsl_debug_console.o
 .debug_macro   0x000126d0       0x58 ./utilities/fsl_debug_console.o
 .debug_macro   0x00012728       0x40 ./utilities/fsl_debug_console.o
 .debug_macro   0x00012768       0x10 ./utilities/fsl_debug_console.o
 .debug_macro   0x00012778       0x66 ./utilities/fsl_debug_console.o
 .debug_macro   0x000127de       0x34 ./utilities/fsl_debug_console.o
 .debug_macro   0x00012812       0x29 ./startup/startup_mk64f12.o
 .debug_macro   0x0001283b      0x225 ./source/DSP_TP4_Parte_2.o
 .debug_macro   0x00012a60       0xd8 ./source/DSP_TP4_Parte_2.o
 .debug_macro   0x00012b38       0x22 ./source/DSP_TP4_Parte_2.o
 .debug_macro   0x00012b5a       0x16 ./source/DSP_TP4_Parte_2.o
 .debug_macro   0x00012b70       0x16 ./source/DSP_TP4_Parte_2.o
 .debug_macro   0x00012b86       0x16 ./source/DSP_TP4_Parte_2.o
 .debug_macro   0x00012b9c      0x1ab ./source/DSP_TP4_Parte_2.o
 .debug_macro   0x00012d47       0x10 ./source/DSP_TP4_Parte_2.o
 .debug_macro   0x00012d57       0x10 ./source/DSP_TP4_Parte_2.o
 .debug_macro   0x00012d67       0x46 ./source/DSP_TP4_Parte_2.o
 .debug_macro   0x00012dad      0x2ca ./source/DSP_TP4_Parte_2.o
 .debug_macro   0x00013077       0x2e ./source/DSP_TP4_Parte_2.o
 .debug_macro   0x000130a5       0xc4 ./source/DSP_TP4_Parte_2.o
 .debug_macro   0x00013169      0x16f ./source/DSP_TP4_Parte_2.o
 .debug_macro   0x000132d8       0xc8 ./source/DSP_TP4_Parte_2.o
 .debug_macro   0x000133a0       0x11 ./source/semihost_hardfault.o
 .debug_macro   0x000133b1      0x1d8 ./drivers/fsl_clock.o
 .debug_macro   0x00013589      0x122 ./drivers/fsl_dac.o
 .debug_macro   0x000136ab      0x121 ./drivers/fsl_i2c.o
 .debug_macro   0x000137cc       0x1c ./drivers/fsl_i2c.o
 .debug_macro   0x000137e8      0x122 ./drivers/fsl_pit.o
 .debug_macro   0x0001390a      0x127 ./drivers/fsl_uart.o
 .debug_macro   0x00013a31       0x10 ./drivers/fsl_uart.o
 .debug_macro   0x00013a41       0x98 ./device/system_MK64F12.o
 .debug_macro   0x00013ad9      0x11e ./component/uart/fsl_adapter_uart.o
 .debug_macro   0x00013bf7       0x16 ./component/uart/fsl_adapter_uart.o
 .debug_macro   0x00013c0d       0x40 ./component/uart/fsl_adapter_uart.o
 .debug_macro   0x00013c4d      0x17e ./component/serial_manager/fsl_component_serial_manager.o
 .debug_macro   0x00013dcb       0x52 ./component/serial_manager/fsl_component_serial_manager.o
 .debug_macro   0x00013e1d      0x14e ./component/serial_manager/fsl_component_serial_port_uart.o
 .debug_macro   0x00013f6b      0x171 ./board/board.o
 .debug_macro   0x000140dc      0x17d ./board/clock_config.o
 .debug_macro   0x00014259      0x12d ./board/peripherals.o
 .debug_macro   0x00014386      0x127 ./board/pin_mux.o
 .debug_macro   0x000144ad      0x228 ./CMSIS/DSP/Source/FilteringFunctions/FilteringFunctions.o

.debug_line     0x00000000    0x1415e
 .debug_line    0x00000000      0x89c ./utilities/fsl_debug_console.o
 .debug_line    0x0000089c      0x911 ./startup/startup_mk64f12.o
 .debug_line    0x000011ad      0x777 ./source/DSP_TP4_Parte_2.o
 .debug_line    0x00001924       0x59 ./source/semihost_hardfault.o
 .debug_line    0x0000197d     0x14ea ./drivers/fsl_clock.o
 .debug_line    0x00002e67      0x5cd ./drivers/fsl_dac.o
 .debug_line    0x00003434     0x13d7 ./drivers/fsl_i2c.o
 .debug_line    0x0000480b      0x423 ./drivers/fsl_pit.o
 .debug_line    0x00004c2e     0x14c6 ./drivers/fsl_uart.o
 .debug_line    0x000060f4      0x3f1 ./device/system_MK64F12.o
 .debug_line    0x000064e5      0x542 ./component/uart/fsl_adapter_uart.o
 .debug_line    0x00006a27      0x7dc ./component/serial_manager/fsl_component_serial_manager.o
 .debug_line    0x00007203      0x595 ./component/serial_manager/fsl_component_serial_port_uart.o
 .debug_line    0x00007798      0x541 ./board/board.o
 .debug_line    0x00007cd9      0x552 ./board/clock_config.o
 .debug_line    0x0000822b      0x4c8 ./board/peripherals.o
 .debug_line    0x000086f3      0x674 ./board/pin_mux.o
 .debug_line    0x00008d67     0xb3f7 ./CMSIS/DSP/Source/FilteringFunctions/FilteringFunctions.o

.debug_str      0x00000000    0x85c33
 .debug_str     0x00000000    0x7b96f ./utilities/fsl_debug_console.o
                              0x7ba95 (size before relaxing)
 .debug_str     0x0007b96f      0x7d0 ./startup/startup_mk64f12.o
                               0x3637 (size before relaxing)
 .debug_str     0x0007c13f     0x2c11 ./source/DSP_TP4_Parte_2.o
                              0x7db0e (size before relaxing)
 .debug_str     0x0007ed50       0x1f ./source/semihost_hardfault.o
                               0x2ddc (size before relaxing)
 .debug_str     0x0007ed6f     0x1e25 ./drivers/fsl_clock.o
                              0x7c32a (size before relaxing)
 .debug_str     0x00080b94      0x3fe ./drivers/fsl_dac.o
                              0x7ab2d (size before relaxing)
 .debug_str     0x00080f92     0x11bf ./drivers/fsl_i2c.o
                              0x7ba19 (size before relaxing)
 .debug_str     0x00082151       0xa2 ./drivers/fsl_pit.o
                              0x7a7c8 (size before relaxing)
 .debug_str     0x000821f3      0xe0f ./drivers/fsl_uart.o
                              0x7bc64 (size before relaxing)
 .debug_str     0x00083002      0x127 ./device/system_MK64F12.o
                              0x7841c (size before relaxing)
 .debug_str     0x00083129      0x2ec ./component/uart/fsl_adapter_uart.o
                              0x7abc6 (size before relaxing)
 .debug_str     0x00083415      0x401 ./component/serial_manager/fsl_component_serial_manager.o
                              0x7ab98 (size before relaxing)
 .debug_str     0x00083816      0x106 ./component/serial_manager/fsl_component_serial_port_uart.o
                              0x7a949 (size before relaxing)
 .debug_str     0x0008391c       0x37 ./board/board.o
                              0x7b265 (size before relaxing)
 .debug_str     0x00083953      0x506 ./board/clock_config.o
                              0x7ae26 (size before relaxing)
 .debug_str     0x00083e59       0xd2 ./board/peripherals.o
                              0x7afe9 (size before relaxing)
 .debug_str     0x00083f2b      0x770 ./board/pin_mux.o
                              0x7b325 (size before relaxing)
 .debug_str     0x0008469b     0x1598 ./CMSIS/DSP/Source/FilteringFunctions/FilteringFunctions.o
                               0x7081 (size before relaxing)

.comment        0x00000000       0x4d
 .comment       0x00000000       0x4d ./utilities/fsl_debug_console.o
                                 0x4e (size before relaxing)
 .comment       0x0000004d       0x4e ./startup/startup_mk64f12.o
 .comment       0x0000004d       0x4e ./source/DSP_TP4_Parte_2.o
 .comment       0x0000004d       0x4e ./source/semihost_hardfault.o
 .comment       0x0000004d       0x4e ./drivers/fsl_clock.o
 .comment       0x0000004d       0x4e ./drivers/fsl_dac.o
 .comment       0x0000004d       0x4e ./drivers/fsl_i2c.o
 .comment       0x0000004d       0x4e ./drivers/fsl_pit.o
 .comment       0x0000004d       0x4e ./drivers/fsl_uart.o
 .comment       0x0000004d       0x4e ./device/system_MK64F12.o
 .comment       0x0000004d       0x4e ./component/uart/fsl_adapter_uart.o
 .comment       0x0000004d       0x4e ./component/serial_manager/fsl_component_serial_manager.o
 .comment       0x0000004d       0x4e ./component/serial_manager/fsl_component_serial_port_uart.o
 .comment       0x0000004d       0x4e ./board/board.o
 .comment       0x0000004d       0x4e ./board/clock_config.o
 .comment       0x0000004d       0x4e ./board/peripherals.o
 .comment       0x0000004d       0x4e ./board/pin_mux.o
 .comment       0x0000004d       0x4e ./CMSIS/DSP/Source/FilteringFunctions/FilteringFunctions.o
 .comment       0x0000004d       0x4e c:/nxp/mcuxpressoide_11.4.0_6224/ide/plugins/com.nxp.mcuxpresso.tools.win32_11.4.0.202103011116/tools/bin/../lib/gcc/arm-none-eabi/10.2.1/../../../../arm-none-eabi/lib/thumb/v7e-m+fp/hard\libcr_nohost_nf.a(_cr__main.o)
 .comment       0x0000004d       0x4e c:/nxp/mcuxpressoide_11.4.0_6224/ide/plugins/com.nxp.mcuxpresso.tools.win32_11.4.0.202103011116/tools/bin/../lib/gcc/arm-none-eabi/10.2.1/../../../../arm-none-eabi/lib/thumb/v7e-m+fp/hard\libcr_nohost_nf.a(_cr_assert.o)
 .comment       0x0000004d       0x4e c:/nxp/mcuxpressoide_11.4.0_6224/ide/plugins/com.nxp.mcuxpresso.tools.win32_11.4.0.202103011116/tools/bin/../lib/gcc/arm-none-eabi/10.2.1/../../../../arm-none-eabi/lib/thumb/v7e-m+fp/hard\libcr_nohost_nf.a(__ciob.o)
 .comment       0x0000004d       0x4e c:/nxp/mcuxpressoide_11.4.0_6224/ide/plugins/com.nxp.mcuxpresso.tools.win32_11.4.0.202103011116/tools/bin/../lib/gcc/arm-none-eabi/10.2.1/../../../../arm-none-eabi/lib/thumb/v7e-m+fp/hard\libcr_nohost_nf.a(__sys_appexit.o)
 .comment       0x0000004d       0x4e c:/nxp/mcuxpressoide_11.4.0_6224/ide/plugins/com.nxp.mcuxpresso.tools.win32_11.4.0.202103011116/tools/bin/../lib/gcc/arm-none-eabi/10.2.1/../../../../arm-none-eabi/lib/thumb/v7e-m+fp/hard\libcr_c.a(fabsf.o)
 .comment       0x0000004d       0x4e c:/nxp/mcuxpressoide_11.4.0_6224/ide/plugins/com.nxp.mcuxpresso.tools.win32_11.4.0.202103011116/tools/bin/../lib/gcc/arm-none-eabi/10.2.1/../../../../arm-none-eabi/lib/thumb/v7e-m+fp/hard\libcr_c.a(sinf.o)
 .comment       0x0000004d       0x4e c:/nxp/mcuxpressoide_11.4.0_6224/ide/plugins/com.nxp.mcuxpresso.tools.win32_11.4.0.202103011116/tools/bin/../lib/gcc/arm-none-eabi/10.2.1/../../../../arm-none-eabi/lib/thumb/v7e-m+fp/hard\libcr_c.a(memset.o)
 .comment       0x0000004d       0x4e c:/nxp/mcuxpressoide_11.4.0_6224/ide/plugins/com.nxp.mcuxpresso.tools.win32_11.4.0.202103011116/tools/bin/../lib/gcc/arm-none-eabi/10.2.1/../../../../arm-none-eabi/lib/thumb/v7e-m+fp/hard\libcr_c.a(_deferredlazyseek.o)
 .comment       0x0000004d       0x4e c:/nxp/mcuxpressoide_11.4.0_6224/ide/plugins/com.nxp.mcuxpresso.tools.win32_11.4.0.202103011116/tools/bin/../lib/gcc/arm-none-eabi/10.2.1/../../../../arm-none-eabi/lib/thumb/v7e-m+fp/hard\libcr_c.a(_fflush.o)
 .comment       0x0000004d       0x4e c:/nxp/mcuxpressoide_11.4.0_6224/ide/plugins/com.nxp.mcuxpresso.tools.win32_11.4.0.202103011116/tools/bin/../lib/gcc/arm-none-eabi/10.2.1/../../../../arm-none-eabi/lib/thumb/v7e-m+fp/hard\libcr_c.a(_writebuf.o)
 .comment       0x0000004d       0x4e c:/nxp/mcuxpressoide_11.4.0_6224/ide/plugins/com.nxp.mcuxpresso.tools.win32_11.4.0.202103011116/tools/bin/../lib/gcc/arm-none-eabi/10.2.1/../../../../arm-none-eabi/lib/thumb/v7e-m+fp/hard\libcr_c.a(alloc.o)
 .comment       0x0000004d       0x4e c:/nxp/mcuxpressoide_11.4.0_6224/ide/plugins/com.nxp.mcuxpresso.tools.win32_11.4.0.202103011116/tools/bin/../lib/gcc/arm-none-eabi/10.2.1/../../../../arm-none-eabi/lib/thumb/v7e-m+fp/hard\libcr_c.a(errno.o)
 .comment       0x0000004d       0x4e c:/nxp/mcuxpressoide_11.4.0_6224/ide/plugins/com.nxp.mcuxpresso.tools.win32_11.4.0.202103011116/tools/bin/../lib/gcc/arm-none-eabi/10.2.1/../../../../arm-none-eabi/lib/thumb/v7e-m+fp/hard\libcr_c.a(fputs.o)
 .comment       0x0000004d       0x4e c:/nxp/mcuxpressoide_11.4.0_6224/ide/plugins/com.nxp.mcuxpresso.tools.win32_11.4.0.202103011116/tools/bin/../lib/gcc/arm-none-eabi/10.2.1/../../../../arm-none-eabi/lib/thumb/v7e-m+fp/hard\libcr_c.a(fseek.o)
 .comment       0x0000004d       0x4e c:/nxp/mcuxpressoide_11.4.0_6224/ide/plugins/com.nxp.mcuxpresso.tools.win32_11.4.0.202103011116/tools/bin/../lib/gcc/arm-none-eabi/10.2.1/../../../../arm-none-eabi/lib/thumb/v7e-m+fp/hard\libcr_c.a(ftell.o)
 .comment       0x0000004d       0x4e c:/nxp/mcuxpressoide_11.4.0_6224/ide/plugins/com.nxp.mcuxpresso.tools.win32_11.4.0.202103011116/tools/bin/../lib/gcc/arm-none-eabi/10.2.1/../../../../arm-none-eabi/lib/thumb/v7e-m+fp/hard\libcr_c.a(initio.o)
 .comment       0x0000004d       0x4e c:/nxp/mcuxpressoide_11.4.0_6224/ide/plugins/com.nxp.mcuxpresso.tools.win32_11.4.0.202103011116/tools/bin/../lib/gcc/arm-none-eabi/10.2.1/../../../../arm-none-eabi/lib/thumb/v7e-m+fp/hard\libcr_c.a(setvbuf.o)
 .comment       0x0000004d       0x4e c:/nxp/mcuxpressoide_11.4.0_6224/ide/plugins/com.nxp.mcuxpresso.tools.win32_11.4.0.202103011116/tools/bin/../lib/gcc/arm-none-eabi/10.2.1/../../../../arm-none-eabi/lib/thumb/v7e-m+fp/hard\libcr_c.a(stdlib.o)
 .comment       0x0000004d       0x4e c:/nxp/mcuxpressoide_11.4.0_6224/ide/plugins/com.nxp.mcuxpresso.tools.win32_11.4.0.202103011116/tools/bin/../lib/gcc/arm-none-eabi/10.2.1/../../../../arm-none-eabi/lib/thumb/v7e-m+fp/hard\libcr_c.a(strlen.o)
 .comment       0x0000004d       0x4e c:/nxp/mcuxpressoide_11.4.0_6224/ide/plugins/com.nxp.mcuxpresso.tools.win32_11.4.0.202103011116/tools/bin/../lib/gcc/arm-none-eabi/10.2.1/../../../../arm-none-eabi/lib/thumb/v7e-m+fp/hard\libcr_c.a(_sincosf.o)
 .comment       0x0000004d       0x4e c:/nxp/mcuxpressoide_11.4.0_6224/ide/plugins/com.nxp.mcuxpresso.tools.win32_11.4.0.202103011116/tools/bin/../lib/gcc/arm-none-eabi/10.2.1/../../../../arm-none-eabi/lib/thumb/v7e-m+fp/hard\libcr_c.a(__init_alloc.o)
 .comment       0x0000004d       0x4e c:/nxp/mcuxpressoide_11.4.0_6224/ide/plugins/com.nxp.mcuxpresso.tools.win32_11.4.0.202103011116/tools/bin/../lib/gcc/arm-none-eabi/10.2.1/../../../../arm-none-eabi/lib/thumb/v7e-m+fp/hard\libcr_c.a(_cr_sbrk.o)
 .comment       0x0000004d       0x4e c:/nxp/mcuxpressoide_11.4.0_6224/ide/plugins/com.nxp.mcuxpresso.tools.win32_11.4.0.202103011116/tools/bin/../lib/gcc/arm-none-eabi/10.2.1/../../../../arm-none-eabi/lib/thumb/v7e-m+fp/hard\libcr_c.a(_fdopen.o)
 .comment       0x0000004d       0x4e c:/nxp/mcuxpressoide_11.4.0_6224/ide/plugins/com.nxp.mcuxpresso.tools.win32_11.4.0.202103011116/tools/bin/../lib/gcc/arm-none-eabi/10.2.1/../../../../arm-none-eabi/lib/thumb/v7e-m+fp/hard\libcr_c.a(fclose.o)
 .comment       0x0000004d       0x4e c:/nxp/mcuxpressoide_11.4.0_6224/ide/plugins/com.nxp.mcuxpresso.tools.win32_11.4.0.202103011116/tools/bin/../lib/gcc/arm-none-eabi/10.2.1/../../../../arm-none-eabi/lib/thumb/v7e-m+fp/hard\libcr_c.a(fflush.o)
 .comment       0x0000004d       0x4e c:/nxp/mcuxpressoide_11.4.0_6224/ide/plugins/com.nxp.mcuxpresso.tools.win32_11.4.0.202103011116/tools/bin/../lib/gcc/arm-none-eabi/10.2.1/../../../../arm-none-eabi/lib/thumb/v7e-m+fp/hard\libcr_c.a(remove.o)
 .comment       0x0000004d       0x4e c:/nxp/mcuxpressoide_11.4.0_6224/ide/plugins/com.nxp.mcuxpresso.tools.win32_11.4.0.202103011116/tools/bin/../lib/gcc/arm-none-eabi/10.2.1/../../../../arm-none-eabi/lib/thumb/v7e-m+fp/hard\libcr_c.a(_cr_check_heap.o)
 .comment       0x0000004d       0x4e c:/nxp/mcuxpressoide_11.4.0_6224/ide/plugins/com.nxp.mcuxpresso.tools.win32_11.4.0.202103011116/tools/bin/../lib/gcc/arm-none-eabi/10.2.1/../../../../arm-none-eabi/lib/thumb/v7e-m+fp/hard\libcr_c.a(_do_fflush.o)
 .comment       0x0000004d       0x4e c:/nxp/mcuxpressoide_11.4.0_6224/ide/plugins/com.nxp.mcuxpresso.tools.win32_11.4.0.202103011116/tools/bin/../lib/gcc/arm-none-eabi/10.2.1/thumb/v7e-m+fp/hard\libcr_eabihelpers.a(double.o)
 .comment       0x0000004d       0x4e c:/nxp/mcuxpressoide_11.4.0_6224/ide/plugins/com.nxp.mcuxpresso.tools.win32_11.4.0.202103011116/tools/bin/../lib/gcc/arm-none-eabi/10.2.1/thumb/v7e-m+fp/hard\libcr_eabihelpers.a(float.o)
 .comment       0x0000004d       0x4e c:/nxp/mcuxpressoide_11.4.0_6224/ide/plugins/com.nxp.mcuxpresso.tools.win32_11.4.0.202103011116/tools/bin/../lib/gcc/arm-none-eabi/10.2.1/../../../../arm-none-eabi/lib/thumb/v7e-m+fp/hard\libcr_nohost_nf.a(__sys_close.o)
 .comment       0x0000004d       0x4e c:/nxp/mcuxpressoide_11.4.0_6224/ide/plugins/com.nxp.mcuxpresso.tools.win32_11.4.0.202103011116/tools/bin/../lib/gcc/arm-none-eabi/10.2.1/../../../../arm-none-eabi/lib/thumb/v7e-m+fp/hard\libcr_nohost_nf.a(__sys_flen.o)
 .comment       0x0000004d       0x4e c:/nxp/mcuxpressoide_11.4.0_6224/ide/plugins/com.nxp.mcuxpresso.tools.win32_11.4.0.202103011116/tools/bin/../lib/gcc/arm-none-eabi/10.2.1/../../../../arm-none-eabi/lib/thumb/v7e-m+fp/hard\libcr_nohost_nf.a(__sys_istty.o)
 .comment       0x0000004d       0x4e c:/nxp/mcuxpressoide_11.4.0_6224/ide/plugins/com.nxp.mcuxpresso.tools.win32_11.4.0.202103011116/tools/bin/../lib/gcc/arm-none-eabi/10.2.1/../../../../arm-none-eabi/lib/thumb/v7e-m+fp/hard\libcr_nohost_nf.a(__sys_remove.o)
 .comment       0x0000004d       0x4e c:/nxp/mcuxpressoide_11.4.0_6224/ide/plugins/com.nxp.mcuxpresso.tools.win32_11.4.0.202103011116/tools/bin/../lib/gcc/arm-none-eabi/10.2.1/../../../../arm-none-eabi/lib/thumb/v7e-m+fp/hard\libcr_nohost_nf.a(__sys_seek.o)
 .comment       0x0000004d       0x4e c:/nxp/mcuxpressoide_11.4.0_6224/ide/plugins/com.nxp.mcuxpresso.tools.win32_11.4.0.202103011116/tools/bin/../lib/gcc/arm-none-eabi/10.2.1/../../../../arm-none-eabi/lib/thumb/v7e-m+fp/hard\libcr_nohost_nf.a(__sys_tmpnam.o)
 .comment       0x0000004d       0x4e c:/nxp/mcuxpressoide_11.4.0_6224/ide/plugins/com.nxp.mcuxpresso.tools.win32_11.4.0.202103011116/tools/bin/../lib/gcc/arm-none-eabi/10.2.1/../../../../arm-none-eabi/lib/thumb/v7e-m+fp/hard\libcr_nohost_nf.a(__sys_write.o)

.ARM.attributes
                0x00000000       0x32
 .ARM.attributes
                0x00000000       0x34 ./utilities/fsl_debug_console.o
 .ARM.attributes
                0x00000034       0x34 ./startup/startup_mk64f12.o
 .ARM.attributes
                0x00000068       0x34 ./source/DSP_TP4_Parte_2.o
 .ARM.attributes
                0x0000009c       0x34 ./source/semihost_hardfault.o
 .ARM.attributes
                0x000000d0       0x34 ./drivers/fsl_clock.o
 .ARM.attributes