C:\Users\augus\Documents\MCUXpressoIDE_11.4.0_6224\workspace\DSP_TPF\drivers/fsl_dmamux.h:75:20:DMAMUX_EnableChannel	16	static
C:\Users\augus\Documents\MCUXpressoIDE_11.4.0_6224\workspace\DSP_TPF\drivers/fsl_dmamux.h:109:20:DMAMUX_SetSource	24	static
../board/peripherals.c:149:13:I2C0_init	8	static
../board/peripherals.c:417:13:I2S0_init	16	static
../board/peripherals.c:487:13:UART0_init	8	static
../board/peripherals.c:494:6:BOARD_InitPeripherals	8	static
../board/peripherals.c:509:6:BOARD_InitBootPeripherals	8	static
