C:\Users\augus\Documents\MCUXpressoIDE_11.4.0_6224\workspace\DSP_TPF\CMSIS/core_cm4.h:1679:22:__NVIC_EnableIRQ	16	static
C:\Users\augus\Documents\MCUXpressoIDE_11.4.0_6224\workspace\DSP_TPF\drivers/fsl_common_arm.h:488:24:EnableIRQ	24	static
C:\Users\augus\Documents\MCUXpressoIDE_11.4.0_6224\workspace\DSP_TPF\drivers/fsl_dmamux.h:75:20:DMAMUX_EnableChannel	16	static
C:\Users\augus\Documents\MCUXpressoIDE_11.4.0_6224\workspace\DSP_TPF\drivers/fsl_dmamux.h:109:20:DMAMUX_SetSource	24	static
C:\Users\augus\Documents\MCUXpressoIDE_11.4.0_6224\workspace\DSP_TPF\drivers/fsl_adc16.h:367:20:ADC16_EnableHardwareTrigger	16	static
C:\Users\augus\Documents\MCUXpressoIDE_11.4.0_6224\workspace\DSP_TPF\drivers/fsl_pit.h:159:20:PIT_EnableInterrupts	24	static
C:\Users\augus\Documents\MCUXpressoIDE_11.4.0_6224\workspace\DSP_TPF\drivers/fsl_pit.h:246:20:PIT_SetTimerPeriod	24	static
C:\Users\augus\Documents\MCUXpressoIDE_11.4.0_6224\workspace\DSP_TPF\drivers/fsl_pit.h:288:20:PIT_StartTimer	16	static
../board/peripherals.c:153:13:I2C0_init	8	static
../board/peripherals.c:421:13:I2S0_init	16	static
../board/peripherals.c:491:13:UART0_init	8	static
../board/peripherals.c:578:13:ADC0_init	8	static
../board/peripherals.c:643:13:PIT_init	64	static
../board/peripherals.c:687:13:GPIOC_init	8	static
../board/peripherals.c:696:6:BOARD_InitPeripherals	8	static
../board/peripherals.c:714:6:BOARD_InitBootPeripherals	8	static
