fsl_uart.h:503:20:UART_EnableTx	16	static
fsl_uart.h:523:20:UART_EnableRx	16	static
fsl_uart.h:544:20:UART_WriteByte	16	static
fsl_uart.h:558:23:UART_ReadByte	16	static
freemaster_serial_uart.c:99:19:_FMSTR_SerialUartInit	4	static
freemaster_serial_uart.c:126:13:_FMSTR_SerialUartEnableTransmit	16	static
freemaster_serial_uart.c:147:13:_FMSTR_SerialUartEnableReceive	16	static
freemaster_serial_uart.c:165:13:_FMSTR_SerialUartEnableTransmitInterrupt	16	static
freemaster_serial_uart.c:179:13:_FMSTR_SerialUartEnableTransmitCompleteInterrupt	16	static
freemaster_serial_uart.c:194:13:_FMSTR_SerialUartEnableReceiveInterrupt	16	static
freemaster_serial_uart.c:208:19:_FMSTR_SerialUartIsTransmitRegEmpty	16	static
freemaster_serial_uart.c:221:19:_FMSTR_SerialUartIsReceiveRegFull	16	static
freemaster_serial_uart.c:234:19:_FMSTR_SerialUartIsTransmitterActive	16	static
freemaster_serial_uart.c:247:13:_FMSTR_SerialUartPutChar	16	static
freemaster_serial_uart.c:257:19:_FMSTR_SerialUartGetChar	8	static
freemaster_serial_uart.c:267:13:_FMSTR_SerialUartFlush	4	static
freemaster_serial_uart.c:276:6:FMSTR_SerialSetBaseAddress	16	static
freemaster_serial_uart.c:294:6:FMSTR_SerialIsr	4	static
