Archive member included to satisfy reference by file (symbol)

C:\Users\augus\Documents\MCUXpressoIDE_11.2.0_4120\workspace\TP3_DSP\libs\libarm_cortexM4lf_math.a(arm_rfft_q15.o)
                              ./source/TP3_DSP.o (arm_rfft_q15)
C:\Users\augus\Documents\MCUXpressoIDE_11.2.0_4120\workspace\TP3_DSP\libs\libarm_cortexM4lf_math.a(arm_rfft_init_q15.o)
                              ./source/TP3_DSP.o (arm_rfft_init_q15)
C:\Users\augus\Documents\MCUXpressoIDE_11.2.0_4120\workspace\TP3_DSP\libs\libarm_cortexM4lf_math.a(arm_cmplx_mag_q15.o)
                              ./source/TP3_DSP.o (arm_cmplx_mag_q15)
C:\Users\augus\Documents\MCUXpressoIDE_11.2.0_4120\workspace\TP3_DSP\libs\libarm_cortexM4lf_math.a(arm_sqrt_q15.o)
                              C:\Users\augus\Documents\MCUXpressoIDE_11.2.0_4120\workspace\TP3_DSP\libs\libarm_cortexM4lf_math.a(arm_cmplx_mag_q15.o) (arm_sqrt_q15)
C:\Users\augus\Documents\MCUXpressoIDE_11.2.0_4120\workspace\TP3_DSP\libs\libarm_cortexM4lf_math.a(arm_mult_q15.o)
                              ./source/TP3_DSP.o (arm_mult_q15)
C:\Users\augus\Documents\MCUXpressoIDE_11.2.0_4120\workspace\TP3_DSP\libs\libarm_cortexM4lf_math.a(arm_const_structs.o)
                              C:\Users\augus\Documents\MCUXpressoIDE_11.2.0_4120\workspace\TP3_DSP\libs\libarm_cortexM4lf_math.a(arm_rfft_init_q15.o) (arm_cfft_sR_q15_len4096)
C:\Users\augus\Documents\MCUXpressoIDE_11.2.0_4120\workspace\TP3_DSP\libs\libarm_cortexM4lf_math.a(arm_common_tables.o)
                              C:\Users\augus\Documents\MCUXpressoIDE_11.2.0_4120\workspace\TP3_DSP\libs\libarm_cortexM4lf_math.a(arm_rfft_init_q15.o) (realCoefBQ15)
C:\Users\augus\Documents\MCUXpressoIDE_11.2.0_4120\workspace\TP3_DSP\libs\libarm_cortexM4lf_math.a(arm_cfft_q15.o)
                              C:\Users\augus\Documents\MCUXpressoIDE_11.2.0_4120\workspace\TP3_DSP\libs\libarm_cortexM4lf_math.a(arm_rfft_q15.o) (arm_cfft_q15)
C:\Users\augus\Documents\MCUXpressoIDE_11.2.0_4120\workspace\TP3_DSP\libs\libarm_cortexM4lf_math.a(arm_cfft_radix4_q15.o)
                              C:\Users\augus\Documents\MCUXpressoIDE_11.2.0_4120\workspace\TP3_DSP\libs\libarm_cortexM4lf_math.a(arm_cfft_q15.o) (arm_radix4_butterfly_q15)
C:\Users\augus\Documents\MCUXpressoIDE_11.2.0_4120\workspace\TP3_DSP\libs\libarm_cortexM4lf_math.a(arm_bitreversal2.o)
                              C:\Users\augus\Documents\MCUXpressoIDE_11.2.0_4120\workspace\TP3_DSP\libs\libarm_cortexM4lf_math.a(arm_cfft_q15.o) (arm_bitreversal_16)
C:\Users\augus\Documents\MCUXpressoIDE_11.2.0_4120\workspace\TP3_DSP\libs\libarm_cortexM4lf_math.a(arm_bitreversal.o)
                              C:\Users\augus\Documents\MCUXpressoIDE_11.2.0_4120\workspace\TP3_DSP\libs\libarm_cortexM4lf_math.a(arm_cfft_radix4_q15.o) (arm_bitreversal_q15)
c:/nxp/mcuxpressoide_11.2.0_4120/ide/plugins/com.nxp.mcuxpresso.tools.win32_11.2.0.202001021529/tools/bin/../lib/gcc/arm-none-eabi/9.2.1/../../../../arm-none-eabi/lib/thumb/v7e-m+fp/hard\libcr_semihost_nf.a(_cr__main.o)
                              ./startup/startup_mk64f12.o (__main)
c:/nxp/mcuxpressoide_11.2.0_4120/ide/plugins/com.nxp.mcuxpresso.tools.win32_11.2.0.202001021529/tools/bin/../lib/gcc/arm-none-eabi/9.2.1/../../../../arm-none-eabi/lib/thumb/v7e-m+fp/hard\libcr_semihost_nf.a(_cr_assert.o)
                              ./utilities/fsl_debug_console.o (__assertion_failed)
c:/nxp/mcuxpressoide_11.2.0_4120/ide/plugins/com.nxp.mcuxpresso.tools.win32_11.2.0.202001021529/tools/bin/../lib/gcc/arm-none-eabi/9.2.1/../../../../arm-none-eabi/lib/thumb/v7e-m+fp/hard\libcr_semihost_nf.a(__ciob.o)
                              c:/nxp/mcuxpressoide_11.2.0_4120/ide/plugins/com.nxp.mcuxpresso.tools.win32_11.2.0.202001021529/tools/bin/../lib/gcc/arm-none-eabi/9.2.1/../../../../arm-none-eabi/lib/thumb/v7e-m+fp/hard\libcr_semihost_nf.a(_cr_assert.o) (__Ciob)
c:/nxp/mcuxpressoide_11.2.0_4120/ide/plugins/com.nxp.mcuxpresso.tools.win32_11.2.0.202001021529/tools/bin/../lib/gcc/arm-none-eabi/9.2.1/../../../../arm-none-eabi/lib/thumb/v7e-m+fp/hard\libcr_semihost_nf.a(__sys_appexit.o)
                              c:/nxp/mcuxpressoide_11.2.0_4120/ide/plugins/com.nxp.mcuxpresso.tools.win32_11.2.0.202001021529/tools/bin/../lib/gcc/arm-none-eabi/9.2.1/../../../../arm-none-eabi/lib/thumb/v7e-m+fp/hard\libcr_semihost_nf.a(_cr_assert.o) (__sys_appexit)
c:/nxp/mcuxpressoide_11.2.0_4120/ide/plugins/com.nxp.mcuxpresso.tools.win32_11.2.0.202001021529/tools/bin/../lib/gcc/arm-none-eabi/9.2.1/../../../../arm-none-eabi/lib/thumb/v7e-m+fp/hard\libcr_c.a(cosf.o)
                              ./source/TP3_DSP.o (cosf)
c:/nxp/mcuxpressoide_11.2.0_4120/ide/plugins/com.nxp.mcuxpresso.tools.win32_11.2.0.202001021529/tools/bin/../lib/gcc/arm-none-eabi/9.2.1/../../../../arm-none-eabi/lib/thumb/v7e-m+fp/hard\libcr_c.a(memcpy.o)
                              ./utilities/fsl_str.o (memcpy)
[...]
Memory Configuration

Name             Origin             Length             Attributes
PROGRAM_FLASH    0x00000000         0x00100000         xr
SRAM_UPPER       0x20000000         0x00030000         xrw
SRAM_LOWER       0x1fff0000         0x00010000         xrw
FLEX_RAM         0x14000000         0x00001000         xrw
*default*        0x00000000         0xffffffff

Linker script and memory map

LOAD ./utilities/fsl_debug_console.o
LOAD ./utilities/fsl_str.o
LOAD ./startup/startup_mk64f12.o
LOAD ./source/TP3_DSP.o
LOAD ./source/semihost_hardfault.o
LOAD ./drivers/fsl_adc16.o
LOAD ./drivers/fsl_clock.o
LOAD ./drivers/fsl_common.o
LOAD ./drivers/fsl_gpio.o
LOAD ./drivers/fsl_i2c.o
LOAD ./drivers/fsl_pit.o
LOAD ./drivers/fsl_smc.o
LOAD ./drivers/fsl_uart.o
LOAD ./device/system_MK64F12.o
LOAD ./component/uart/uart_adapter.o
LOAD ./component/serial_manager/serial_manager.o
LOAD ./component/serial_manager/serial_port_uart.o
LOAD ./component/lists/generic_list.o
LOAD ./board/board.o
LOAD ./board/clock_config.o
LOAD ./board/peripherals.o
LOAD ./board/pin_mux.o
LOAD C:\Users\augus\Documents\MCUXpressoIDE_11.2.0_4120\workspace\TP3_DSP\libs\libarm_cortexM4lf_math.a
START GROUP
LOAD c:/nxp/mcuxpressoide_11.2.0_4120/ide/plugins/com.nxp.mcuxpresso.tools.win32_11.2.0.202001021529/tools/bin/../lib/gcc/arm-none-eabi/9.2.1/../../../../arm-none-eabi/lib/thumb/v7e-m+fp/hard\libcr_semihost_nf.a
LOAD c:/nxp/mcuxpressoide_11.2.0_4120/ide/plugins/com.nxp.mcuxpresso.tools.win32_11.2.0.202001021529/tools/bin/../lib/gcc/arm-none-eabi/9.2.1/../../../../arm-none-eabi/lib/thumb/v7e-m+fp/hard\libcr_c.a
LOAD c:/nxp/mcuxpressoide_11.2.0_4120/ide/plugins/com.nxp.mcuxpresso.tools.win32_11.2.0.202001021529/tools/bin/../lib/gcc/arm-none-eabi/9.2.1/thumb/v7e-m+fp/hard\libcr_eabihelpers.a
LOAD c:/nxp/mcuxpressoide_11.2.0_4120/ide/plugins/com.nxp.mcuxpresso.tools.win32_11.2.0.202001021529/tools/bin/../lib/gcc/arm-none-eabi/9.2.1/thumb/v7e-m+fp/hard\libgcc.a
END GROUP
                0x00000000                __base_PROGRAM_FLASH = 0x0
                0x00000000                __base_Flash = 0x0
                0x00100000                __top_PROGRAM_FLASH = 0x100000
                0x00100000                __top_Flash = 0x100000
                0x20000000                __base_SRAM_UPPER = 0x20000000
                0x20000000                __base_RAM = 0x20000000
                0x20030000                __top_SRAM_UPPER = 0x20030000
                0x20030000                __top_RAM = 0x20030000
                0x1fff0000                __base_SRAM_LOWER = 0x1fff0000
                0x1fff0000                __base_RAM2 = 0x1fff0000
                0x20000000                __top_SRAM_LOWER = 0x20000000
                0x20000000                __top_RAM2 = 0x20000000
                0x14000000                __base_FLEX_RAM = 0x14000000
                0x14000000                __base_RAM3 = 0x14000000
                0x14001000                __top_FLEX_RAM = 0x14001000
                0x14001000                __top_RAM3 = 0x14001000

.text           0x00000000    0x16310
 FILL mask 0xff
                0x00000000                __vectors_start__ = ABSOLUTE (.)
 *(SORT_BY_ALIGNMENT(.isr_vector))
 .isr_vector    0x00000000      0x198 ./startup/startup_mk64f12.o
                0x00000000                g_pfnVectors
                0x00000000                __Vectors
                0x00000198                . = ALIGN (0x4)
                0x00000198                __section_table_start = .
                0x00000198                __data_section_table = .
                0x00000198        0x4 LONG 0x16310 LOADADDR (.data)
                0x0000019c        0x4 LONG 0x20000000 ADDR (.data)
                0x000001a0        0x4 LONG 0x428 SIZEOF (.data)
                0x000001a4        0x4 LONG 0x16310 LOADADDR (.data_RAM2)
                0x000001a8        0x4 LONG 0x1fff0000 ADDR (.data_RAM2)
                0x000001ac        0x4 LONG 0x0 SIZEOF (.data_RAM2)
                0x000001b0        0x4 LONG 0x16310 LOADADDR (.data_RAM3)
                0x000001b4        0x4 LONG 0x14000000 ADDR (.data_RAM3)
                0x000001b8        0x4 LONG 0x0 SIZEOF (.data_RAM3)
                0x000001bc                __data_section_table_end = .
                0x000001bc                __bss_section_table = .
                0x000001bc        0x4 LONG 0x20000428 ADDR (.bss)
                0x000001c0        0x4 LONG 0x1938 SIZEOF (.bss)
                0x000001c4        0x4 LONG 0x1fff0000 ADDR (.bss_RAM2)
                0x000001c8        0x4 LONG 0x0 SIZEOF (.bss_RAM2)
                0x000001cc        0x4 LONG 0x14000000 ADDR (.bss_RAM3)
                0x000001d0        0x4 LONG 0x0 SIZEOF (.bss_RAM3)
                0x000001d4                __bss_section_table_end = .
                0x000001d4                __section_table_end = .
 *(SORT_BY_ALIGNMENT(.after_vectors*))
 .after_vectors.reset
                0x000001d4       0x4c ./startup/startup_mk64f12.o
                0x000001d4                ResetISR
 .after_vectors.init_data
                0x00000220       0x1e ./startup/startup_mk64f12.o
                0x00000220                data_init
 .after_vectors.init_bss
                0x0000023e       0x12 ./startup/startup_mk64f12.o
                0x0000023e                bss_init
 .after_vectors
                0x00000250       0x14 ./startup/startup_mk64f12.o
                0x00000250                NMI_Handler
                0x00000254                MemManage_Handler
                0x00000256                BusFault_Handler
                0x00000258                UsageFault_Handler
                0x0000025a                SVC_Handler
                0x0000025c                DebugMon_Handler
                0x0000025e                PendSV_Handler
                0x00000260                SysTick_Handler
                0x00000262                DMA_Error_DriverIRQHandler
                0x00000262                LPTMR0_DriverIRQHandler
                0x00000262                FTM1_DriverIRQHandler
                0x00000262                FTM2_DriverIRQHandler
                0x00000262                PIT2_DriverIRQHandler
                0x00000262                SDHC_DriverIRQHandler
                0x00000262                I2S0_Tx_DriverIRQHandler
                0x00000262                RTC_Seconds_DriverIRQHandler
                0x00000262                DMA6_DriverIRQHandler
                0x00000262                LLWU_DriverIRQHandler
                0x00000262                MCM_DriverIRQHandler
                0x00000262                MCG_DriverIRQHandler
                0x00000262                ENET_1588_Timer_DriverIRQHandler
                0x00000262                DAC1_DriverIRQHandler
                0x00000262                SPI1_DriverIRQHandler
                0x00000262                CMP1_DriverIRQHandler
                0x00000262                FTM0_DriverIRQHandler
                0x00000262                IntDefaultHandler
                0x00000262                USB0_DriverIRQHandler
                0x00000262                UART5_ERR_DriverIRQHandler
                0x00000262                PORTC_DriverIRQHandler
                0x00000262                DMA11_DriverIRQHandler
                0x00000262                DAC0_DriverIRQHandler
                0x00000262                DMA10_DriverIRQHandler
                0x00000262                CMP2_DriverIRQHandler
                0x00000262                UART2_ERR_DriverIRQHandler
                0x00000262                SPI2_DriverIRQHandler
                0x00000262                LVD_LVW_DriverIRQHandler
                0x00000262                PIT0_DriverIRQHandler
                0x00000262                DMA12_DriverIRQHandler
                0x00000262                DMA5_DriverIRQHandler
                0x00000262                DMA4_DriverIRQHandler
                0x00000262                USBDCD_DriverIRQHandler
                0x00000262                UART3_ERR_DriverIRQHandler
                0x00000262                DMA3_DriverIRQHandler
                0x00000262                DMA8_DriverIRQHandler
                0x00000262                DMA9_DriverIRQHandler
                0x00000262                UART0_ERR_DriverIRQHandler
                0x00000262                CMT_DriverIRQHandler
                0x00000262                Reserved71_DriverIRQHandler
                0x00000262                ADC1_DriverIRQHandler
                0x00000262                PORTA_DriverIRQHandler
                0x00000262                DMA14_DriverIRQHandler
                0x00000262                PIT3_DriverIRQHandler
                0x00000262                PIT1_DriverIRQHandler
                0x00000262                WDOG_EWM_DriverIRQHandler
                0x00000262                PDB0_DriverIRQHandler
                0x00000262                RTC_DriverIRQHandler
                0x00000262                I2S0_Rx_DriverIRQHandler
                0x00000262                Read_Collision_DriverIRQHandler
                0x00000262                SWI_DriverIRQHandler
                0x00000262                UART4_ERR_DriverIRQHandler
                0x00000262                PORTB_DriverIRQHandler
                0x00000262                UART0_LON_DriverIRQHandler
                0x00000262                DMA0_DriverIRQHandler
                0x00000262                DMA1_DriverIRQHandler
                0x00000262                ENET_Receive_DriverIRQHandler
                0x00000262                DMA13_DriverIRQHandler
                0x00000262                ENET_Error_DriverIRQHandler
                0x00000262                DMA15_DriverIRQHandler
                0x00000262                SPI0_DriverIRQHandler
                0x00000262                ADC0_DriverIRQHandler
                0x00000262                CMP0_DriverIRQHandler
                0x00000262                CAN0_DriverIRQHandler
                0x00000262                FTM3_DriverIRQHandler
                0x00000262                RNG_DriverIRQHandler
                0x00000262                UART1_ERR_DriverIRQHandler
                0x00000262                DMA2_DriverIRQHandler
                0x00000262                ENET_Transmit_DriverIRQHandler
                0x00000262                PORTD_DriverIRQHandler
                0x00000262                PORTE_DriverIRQHandler
                0x00000262                FTFE_DriverIRQHandler
                0x00000262                DMA7_DriverIRQHandler
                0x00000400                . = 0x400
 *fill*         0x00000264      0x19c ff
                0x00000400                PROVIDE (__FLASH_CONFIG_START__ = .)
 *(SORT_BY_ALIGNMENT(.FlashConfig))
 .FlashConfig   0x00000400       0x10 ./startup/startup_mk64f12.o
                0x00000400                Flash_Config
                0x00000410                PROVIDE (__FLASH_CONFIG_END__ = .)
                0x00000001                ASSERT (! ((__FLASH_CONFIG_START__ == __FLASH_CONFIG_END__)), Linker Flash Config Support Enabled, but no .FlashConfig section provided within application)
 *(SORT_BY_ALIGNMENT(.text*))
 .text._sincosf
                0x00000410      0x138 c:/nxp/mcuxpressoide_11.2.0_4120/ide/plugins/com.nxp.mcuxpresso.tools.win32_11.2.0.202001021529/tools/bin/../lib/gcc/arm-none-eabi/9.2.1/../../../../arm-none-eabi/lib/thumb/v7e-m+fp/hard\libcr_c.a(_sincosf.o)
                0x00000410                _sincosf
 .text.enviarDatos
                0x00000548       0x68 ./source/TP3_DSP.o
                0x00000548                enviarDatos
 .text.mostrarRate
                0x000005b0       0xec ./source/TP3_DSP.o
                0x000005b0                mostrarRate
 .text.PORTA_IRQHandler
                0x0000069c       0x38 ./source/TP3_DSP.o
                0x0000069c                PORTA_IRQHandler
 .text.PORTC_IRQHandler
                0x000006d4       0x4c ./source/TP3_DSP.o
                0x000006d4                PORTC_IRQHandler
 .text.UART0_RX_TX_IRQHandler
                0x00000720       0x70 ./source/TP3_DSP.o
                0x00000720                UART0_RX_TX_IRQHandler
 .text.main     0x00000790      0x1f8 ./source/TP3_DSP.o
                0x00000790                main
 .text.CLOCK_SetEr32kClock
                0x00000988       0x30 ./drivers/fsl_clock.o
 .text.CLOCK_SetPllFllSelClock
                0x000009b8       0x3c ./drivers/fsl_clock.o
 .text.CLOCK_GetMcgExtClkFreq
                0x000009f4       0x7c ./drivers/fsl_clock.o
 .text.CLOCK_GetFllExtRefClkFreq
                0x00000a70       0xb0 ./drivers/fsl_clock.o
 .text.CLOCK_GetInternalRefClkSelectFreq
                0x00000b20       0x4c ./drivers/fsl_clock.o
 .text.CLOCK_GetFllRefClkFreq
                0x00000b6c       0x34 ./drivers/fsl_clock.o
 .text.CLOCK_GetOscRangeFromFreq
                0x00000ba0       0x3c ./drivers/fsl_clock.o
 .text.CLOCK_GetOsc0ErClkFreq
                0x00000bdc       0x44 ./drivers/fsl_clock.o
                0x00000bdc                CLOCK_GetOsc0ErClkFreq
 .text.CLOCK_GetEr32kClkFreq
                0x00000c20       0x74 ./drivers/fsl_clock.o
                0x00000c20                CLOCK_GetEr32kClkFreq
 .text.CLOCK_GetPllFllSelClkFreq
                0x00000c94       0x58 ./drivers/fsl_clock.o
                0x00000c94                CLOCK_GetPllFllSelClkFreq
 .text.CLOCK_GetCoreSysClkFreq
                0x00000cec       0x28 ./drivers/fsl_clock.o
                0x00000cec                CLOCK_GetCoreSysClkFreq
 .text.CLOCK_GetFreq
                0x00000d14      0x148 ./drivers/fsl_clock.o
                0x00000d14                CLOCK_GetFreq
 .text.CLOCK_SetSimConfig
                0x00000e5c       0x38 ./drivers/fsl_clock.o
                0x00000e5c                CLOCK_SetSimConfig
 .text.CLOCK_EnableUsbfs0Clock
                0x00000e94      0x110 ./drivers/fsl_clock.o
                0x00000e94                CLOCK_EnableUsbfs0Clock
 .text.CLOCK_GetOutClkFreq
                0x00000fa4       0x64 ./drivers/fsl_clock.o
                0x00000fa4                CLOCK_GetOutClkFreq
 .text.CLOCK_GetFllFreq
                0x00001008       0x84 ./drivers/fsl_clock.o
                0x00001008                CLOCK_GetFllFreq
 .text.CLOCK_GetInternalRefClkFreq
                0x0000108c       0x30 ./drivers/fsl_clock.o
                0x0000108c                CLOCK_GetInternalRefClkFreq
 .text.CLOCK_GetPll0Freq
                0x000010bc       0x78 ./drivers/fsl_clock.o
                0x000010bc                CLOCK_GetPll0Freq
 .text.CLOCK_SetExternalRefClkConfig
                0x00001134       0x6c ./drivers/fsl_clock.o
                0x00001134                CLOCK_SetExternalRefClkConfig
 .text.CLOCK_SetInternalRefClkConfig
                0x000011a0      0x104 ./drivers/fsl_clock.o
                0x000011a0                CLOCK_SetInternalRefClkConfig
 .text.CLOCK_EnablePll0
                0x000012a4       0x88 ./drivers/fsl_clock.o
                0x000012a4                CLOCK_EnablePll0
 .text.CLOCK_InitOsc0
                0x0000132c       0x8c ./drivers/fsl_clock.o
                0x0000132c                CLOCK_InitOsc0
 .text.CLOCK_SetPbeMode
                0x000013b8       0xa8 ./drivers/fsl_clock.o
                0x000013b8                CLOCK_SetPbeMode
 .text.CLOCK_BootToPeeMode
                0x00001460       0x64 ./drivers/fsl_clock.o
                0x00001460                CLOCK_BootToPeeMode
 .text.GPIO_GetInstance
                0x000014c4       0x4c ./drivers/fsl_gpio.o
 .text.GPIO_PinInit
                0x00001510       0x68 ./drivers/fsl_gpio.o
                0x00001510                GPIO_PinInit
 .text.GPIO_PortGetInterruptFlags
                0x00001578       0x30 ./drivers/fsl_gpio.o
                0x00001578                GPIO_PortGetInterruptFlags
 .text.GPIO_PortClearInterruptFlags
                0x000015a8       0x34 ./drivers/fsl_gpio.o
                0x000015a8                GPIO_PortClearInterruptFlags
 .text.I2C_TransferCommonIRQHandler
                0x000015dc       0x58 ./drivers/fsl_i2c.o
 .text.I2C0_DriverIRQHandler
                0x00001634       0x1c ./drivers/fsl_i2c.o
                0x00001634                I2C0_DriverIRQHandler
 .text.I2C1_DriverIRQHandler
                0x00001650       0x1c ./drivers/fsl_i2c.o
                0x00001650                I2C1_DriverIRQHandler
 .text.I2C2_DriverIRQHandler
                0x0000166c       0x1c ./drivers/fsl_i2c.o
                0x0000166c                I2C2_DriverIRQHandler
 .text.UART_GetInstance
                0x00001688       0x54 ./drivers/fsl_uart.o
                0x00001688                UART_GetInstance
 .text.UART_Init
                0x000016dc      0x2f4 ./drivers/fsl_uart.o
                0x000016dc                UART_Init
 .text.UART_EnableInterrupts
                0x000019d0       0x70 ./drivers/fsl_uart.o
                0x000019d0                UART_EnableInterrupts
 .text.UART_ReadBlocking
                0x00001a40       0xfc ./drivers/fsl_uart.o
                0x00001a40                UART_ReadBlocking
 .text.UART1_DriverIRQHandler
                0x00001b3c       0x28 ./drivers/fsl_uart.o
                0x00001b3c                UART1_DriverIRQHandler
 .text.UART2_DriverIRQHandler
                0x00001b64       0x28 ./drivers/fsl_uart.o
                0x00001b64                UART2_DriverIRQHandler
 .text.UART3_DriverIRQHandler
                0x00001b8c       0x28 ./drivers/fsl_uart.o
                0x00001b8c                UART3_DriverIRQHandler
 .text.UART4_DriverIRQHandler
                0x00001bb4       0x28 ./drivers/fsl_uart.o
                0x00001bb4                UART4_DriverIRQHandler
 .text.UART5_DriverIRQHandler
                0x00001bdc       0x28 ./drivers/fsl_uart.o
                0x00001bdc                UART5_DriverIRQHandler
 .text.SystemInit
                0x00001c04       0x3c ./device/system_MK64F12.o
                0x00001c04                SystemInit
 .text.CLOCK_SetSdhc0Clock
                0x00001c40       0x3c ./board/clock_config.o
 .text.CLOCK_SetEnetTime0Clock
                0x00001c7c       0x3c ./board/clock_config.o
 .text.CLOCK_SetRmii0Clock
                0x00001cb8       0x3c ./board/clock_config.o
 .text.CLOCK_SetTraceClock
                0x00001cf4       0x3c ./board/clock_config.o
 .text.CLOCK_SetClkOutClock
                0x00001d30       0x38 ./board/clock_config.o
 .text.CLOCK_SetSimSafeDivs
                0x00001d68       0x20 ./board/clock_config.o
 .text.CLOCK_SetXtal0Freq
                0x00001d88       0x20 ./board/clock_config.o
 .text.CLOCK_CONFIG_SetFllExtRefDiv
                0x00001da8       0x3c ./board/clock_config.o
 .text.BOARD_BootClockRUN
                0x00001de4       0x88 ./board/clock_config.o
                0x00001de4                BOARD_BootClockRUN
 .text.__NVIC_EnableIRQ
                0x00001e6c       0x3c ./board/peripherals.o
 .text.UART0_init
                0x00001ea8       0x34 ./board/peripherals.o
 .text.PORT_SetPinConfig
                0x00001edc       0x38 ./board/pin_mux.o
 .text.BOARD_InitPins
                0x00001f14      0x14c ./board/pin_mux.o
                0x00001f14                BOARD_InitPins
 .text.BOARD_InitDEBUG_UARTPins
                0x00002060       0x6c ./board/pin_mux.o
                0x00002060                BOARD_InitDEBUG_UARTPins
 .text.arm_rfft_q15
                0x000020cc      0x134 C:\Users\augus\Documents\MCUXpressoIDE_11.2.0_4120\workspace\TP3_DSP\libs\libarm_cortexM4lf_math.a(arm_rfft_q15.o)
                0x000020cc                arm_rfft_q15
 .text.arm_rfft_init_q15
                0x00002200       0xec C:\Users\augus\Documents\MCUXpressoIDE_11.2.0_4120\workspace\TP3_DSP\libs\libarm_cortexM4lf_math.a(arm_rfft_init_q15.o)
                0x00002200                arm_rfft_init_q15
 .text.arm_cmplx_mag_q15
                0x000022ec       0x8c C:\Users\augus\Documents\MCUXpressoIDE_11.2.0_4120\workspace\TP3_DSP\libs\libarm_cortexM4lf_math.a(arm_cmplx_mag_q15.o)
                0x000022ec                arm_cmplx_mag_q15
 .text.arm_sqrt_q15
                0x00002378       0xcc C:\Users\augus\Documents\MCUXpressoIDE_11.2.0_4120\workspace\TP3_DSP\libs\libarm_cortexM4lf_math.a(arm_sqrt_q15.o)
                0x00002378                arm_sqrt_q15
 .text.arm_mult_q15
                0x00002444       0xc0 C:\Users\augus\Documents\MCUXpressoIDE_11.2.0_4120\workspace\TP3_DSP\libs\libarm_cortexM4lf_math.a(arm_mult_q15.o)
                0x00002444                arm_mult_q15
 .text.arm_cfft_radix4by2_q15
                0x00002504       0xc4 C:\Users\augus\Documents\MCUXpressoIDE_11.2.0_4120\workspace\TP3_DSP\libs\libarm_cortexM4lf_math.a(arm_cfft_q15.o)
                0x00002504                arm_cfft_radix4by2_q15
 .text.arm_cfft_radix4by2_inverse_q15
                0x000025c8       0xc4 C:\Users\augus\Documents\MCUXpressoIDE_11.2.0_4120\workspace\TP3_DSP\libs\libarm_cortexM4lf_math.a(arm_cfft_q15.o)
                0x000025c8                arm_cfft_radix4by2_inverse_q15
 .text.arm_cfft_q15
                0x0000268c       0xd8 C:\Users\augus\Documents\MCUXpressoIDE_11.2.0_4120\workspace\TP3_DSP\libs\libarm_cortexM4lf_math.a(arm_cfft_q15.o)
                0x0000268c                arm_cfft_q15
 .text.arm_radix4_butterfly_q15
                0x00002764      0x268 C:\Users\augus\Documents\MCUXpressoIDE_11.2.0_4120\workspace\TP3_DSP\libs\libarm_cortexM4lf_math.a(arm_cfft_radix4_q15.o)
                0x00002764                arm_radix4_butterfly_q15
 .text.arm_radix4_butterfly_inverse_q15
                0x000029cc      0x268 C:\Users\augus\Documents\MCUXpressoIDE_11.2.0_4120\workspace\TP3_DSP\libs\libarm_cortexM4lf_math.a(arm_cfft_radix4_q15.o)
                0x000029cc                arm_radix4_butterfly_inverse_q15
 .text.arm_bitreversal_16
                0x00002c34       0x44 C:\Users\augus\Documents\MCUXpressoIDE_11.2.0_4120\workspace\TP3_DSP\libs\libarm_cortexM4lf_math.a(arm_bitreversal2.o)
                0x00002c34                arm_bitreversal_16
 .text.__assertion_failed
                0x00002c78       0x4c c:/nxp/mcuxpressoide_11.2.0_4120/ide/plugins/com.nxp.mcuxpresso.tools.win32_11.2.0.202001021529/tools/bin/../lib/gcc/arm-none-eabi/9.2.1/../../../../arm-none-eabi/lib/thumb/v7e-m+fp/hard\libcr_semihost_nf.a(_cr_assert.o)
                0x00002c78                __assertion_failed
 .text.__sys_appexit
                0x00002cc4        0xc c:/nxp/mcuxpressoide_11.2.0_4120/ide/plugins/com.nxp.mcuxpresso.tools.win32_11.2.0.202001021529/tools/bin/../lib/gcc/arm-none-eabi/9.2.1/../../../../arm-none-eabi/lib/thumb/v7e-m+fp/hard\libcr_semihost_nf.a(__sys_appexit.o)
                0x00002cc4                __sys_appexit
                0x00002cc4                __exit
 .text.cosf     0x00002cd0       0x30 c:/nxp/mcuxpressoide_11.2.0_4120/ide/plugins/com.nxp.mcuxpresso.tools.win32_11.2.0.202001021529/tools/bin/../lib/gcc/arm-none-eabi/9.2.1/../../../../arm-none-eabi/lib/thumb/v7e-m+fp/hard\libcr_c.a(cosf.o)
                0x00002cd0                cosf
 .text._Cwritebuf
                0x00002d00       0x6c c:/nxp/mcuxpressoide_11.2.0_4120/ide/plugins/com.nxp.mcuxpresso.tools.win32_11.2.0.202001021529/tools/bin/../lib/gcc/arm-none-eabi/9.2.1/../../../../arm-none-eabi/lib/thumb/v7e-m+fp/hard\libcr_c.a(_writebuf.o)
                0x00002d00                _Cwritebuf
 .text.malloc   0x00002d6c       0xc8 c:/nxp/mcuxpressoide_11.2.0_4120/ide/plugins/com.nxp.mcuxpresso.tools.win32_11.2.0.202001021529/tools/bin/../lib/gcc/arm-none-eabi/9.2.1/../../../../arm-none-eabi/lib/thumb/v7e-m+fp/hard\libcr_c.a(alloc.o)
                0x00002d6c                malloc
 .text._Csys_alloc
                0x00002e34       0x20 c:/nxp/mcuxpressoide_11.2.0_4120/ide/plugins/com.nxp.mcuxpresso.tools.win32_11.2.0.202001021529/tools/bin/../lib/gcc/arm-none-eabi/9.2.1/../../../../arm-none-eabi/lib/thumb/v7e-m+fp/hard\libcr_c.a(alloc.o)
                0x00002e34                _Csys_alloc
 .text.fseek    0x00002e54      0x100 c:/nxp/mcuxpressoide_11.2.0_4120/ide/plugins/com.nxp.mcuxpresso.tools.win32_11.2.0.202001021529/tools/bin/../lib/gcc/arm-none-eabi/9.2.1/../../../../arm-none-eabi/lib/thumb/v7e-m+fp/hard\libcr_c.a(fseek.o)
                0x00002e54                fseek
 .text.ftell    0x00002f54       0x44 c:/nxp/mcuxpressoide_11.2.0_4120/ide/plugins/com.nxp.mcuxpresso.tools.win32_11.2.0.202001021529/tools/bin/../lib/gcc/arm-none-eabi/9.2.1/../../../../arm-none-eabi/lib/thumb/v7e-m+fp/hard\libcr_c.a(ftell.o)
                0x00002f54                ftell
 .text._initio  0x00002f98       0x78 c:/nxp/mcuxpressoide_11.2.0_4120/ide/plugins/com.nxp.mcuxpresso.tools.win32_11.2.0.202001021529/tools/bin/../lib/gcc/arm-none-eabi/9.2.1/../../../../arm-none-eabi/lib/thumb/v7e-m+fp/hard\libcr_c.a(initio.o)
                0x00002f98                _initio
 .text._sbrk    0x00003010       0x3c c:/nxp/mcuxpressoide_11.2.0_4120/ide/plugins/com.nxp.mcuxpresso.tools.win32_11.2.0.202001021529/tools/bin/../lib/gcc/arm-none-eabi/9.2.1/../../../../arm-none-eabi/lib/thumb/v7e-m+fp/hard\libcr_c.a(_cr_sbrk.o)
                0x00003010                _sbrk
 .text.fflush   0x0000304c       0x44 c:/nxp/mcuxpressoide_11.2.0_4120/ide/plugins/com.nxp.mcuxpresso.tools.win32_11.2.0.202001021529/tools/bin/../lib/gcc/arm-none-eabi/9.2.1/../../../../arm-none-eabi/lib/thumb/v7e-m+fp/hard\libcr_c.a(fflush.o)
                0x0000304c                fflush
 .text.__check_heap_overflow
                0x00003090       0x18 c:/nxp/mcuxpressoide_11.2.0_4120/ide/plugins/com.nxp.mcuxpresso.tools.win32_11.2.0.202001021529/tools/bin/../lib/gcc/arm-none-eabi/9.2.1/../../../../arm-none-eabi/lib/thumb/v7e-m+fp/hard\libcr_c.a(_cr_check_heap.o)
                0x00003090                __check_heap_overflow
 .text.__aeabi_dmul
                0x000030a8      0x114 c:/nxp/mcuxpressoide_11.2.0_4120/ide/plugins/com.nxp.mcuxpresso.tools.win32_11.2.0.202001021529/tools/bin/../lib/gcc/arm-none-eabi/9.2.1/thumb/v7e-m+fp/hard\libcr_eabihelpers.a(double.o)
                0x000030a8                __aeabi_dmul
 .text.__aeabi_dsub
                0x000031bc      0x1b0 c:/nxp/mcuxpressoide_11.2.0_4120/ide/plugins/com.nxp.mcuxpresso.tools.win32_11.2.0.202001021529/tools/bin/../lib/gcc/arm-none-eabi/9.2.1/thumb/v7e-m+fp/hard\libcr_eabihelpers.a(double.o)
                0x000031bc                __aeabi_dsub
 .text.__aeabi_dadd
                0x0000336c      0x114 c:/nxp/mcuxpressoide_11.2.0_4120/ide/plugins/com.nxp.mcuxpresso.tools.win32_11.2.0.202001021529/tools/bin/../lib/gcc/arm-none-eabi/9.2.1/thumb/v7e-m+fp/hard\libcr_eabihelpers.a(double.o)
                0x0000336c                __aeabi_dadd
 .text.__aeabi_d2f
                0x00003480       0x58 c:/nxp/mcuxpressoide_11.2.0_4120/ide/plugins/com.nxp.mcuxpresso.tools.win32_11.2.0.202001021529/tools/bin/../lib/gcc/arm-none-eabi/9.2.1/thumb/v7e-m+fp/hard\libcr_eabihelpers.a(double.o)
                0x00003480                __aeabi_d2f
 .text.__aeabi_f2d
                0x000034d8       0x38 c:/nxp/mcuxpressoide_11.2.0_4120/ide/plugins/com.nxp.mcuxpresso.tools.win32_11.2.0.202001021529/tools/bin/../lib/gcc/arm-none-eabi/9.2.1/thumb/v7e-m+fp/hard\libcr_eabihelpers.a(float.o)
                0x000034d8                __aeabi_f2d
 .text.DMA0_IRQHandler
                0x00003510        0x8 ./startup/startup_mk64f12.o
                0x00003510                DMA0_IRQHandler
 .text.DMA1_IRQHandler
                0x00003518        0x8 ./startup/startup_mk64f12.o
                0x00003518                DMA1_IRQHandler
 .text.DMA2_IRQHandler
                0x00003520        0x8 ./startup/startup_mk64f12.o
                0x00003520                DMA2_IRQHandler
 .text.DMA3_IRQHandler
                0x00003528        0x8 ./startup/startup_mk64f12.o
                0x00003528                DMA3_IRQHandler
 .text.DMA4_IRQHandler
                0x00003530        0x8 ./startup/startup_mk64f12.o
                0x00003530                DMA4_IRQHandler
 .text.DMA5_IRQHandler
                0x00003538        0x8 ./startup/startup_mk64f12.o
                0x00003538                DMA5_IRQHandler
 .text.DMA6_IRQHandler
                0x00003540        0x8 ./startup/startup_mk64f12.o
                0x00003540                DMA6_IRQHandler
 .text.DMA7_IRQHandler
                0x00003548        0x8 ./startup/startup_mk64f12.o
                0x00003548                DMA7_IRQHandler
 .text.DMA8_IRQHandler
                0x00003550        0x8 ./startup/startup_mk64f12.o
                0x00003550                DMA8_IRQHandler
 .text.DMA9_IRQHandler
                0x00003558        0x8 ./startup/startup_mk64f12.o
                0x00003558                DMA9_IRQHandler
 .text.DMA10_IRQHandler
                0x00003560        0x8 ./startup/startup_mk64f12.o
                0x00003560                DMA10_IRQHandler
 .text.DMA11_IRQHandler
                0x00003568        0x8 ./startup/startup_mk64f12.o
                0x00003568                DMA11_IRQHandler
 .text.DMA12_IRQHandler
                0x00003570        0x8 ./startup/startup_mk64f12.o
                0x00003570                DMA12_IRQHandler
 .text.DMA13_IRQHandler
                0x00003578        0x8 ./startup/startup_mk64f12.o
                0x00003578                DMA13_IRQHandler
 .text.DMA14_IRQHandler
                0x00003580        0x8 ./startup/startup_mk64f12.o
                0x00003580                DMA14_IRQHandler
 .text.DMA15_IRQHandler
                0x00003588        0x8 ./startup/startup_mk64f12.o
                0x00003588                DMA15_IRQHandler
 .text.DMA_Error_IRQHandler
                0x00003590        0x8 ./startup/startup_mk64f12.o
                0x00003590                DMA_Error_IRQHandler
 .text.MCM_IRQHandler
                0x00003598        0x8 ./startup/startup_mk64f12.o
                0x00003598                MCM_IRQHandler
 .text.FTFE_IRQHandler
                0x000035a0        0x8 ./startup/startup_mk64f12.o
                0x000035a0                FTFE_IRQHandler
 .text.Read_Collision_IRQHandler
                0x000035a8        0x8 ./startup/startup_mk64f12.o
                0x000035a8                Read_Collision_IRQHandler
 .text.LVD_LVW_IRQHandler
                0x000035b0        0x8 ./startup/startup_mk64f12.o
                0x000035b0                LVD_LVW_IRQHandler
 .text.LLWU_IRQHandler
                0x000035b8        0x8 ./startup/startup_mk64f12.o
                0x000035b8                LLWU_IRQHandler
 .text.WDOG_EWM_IRQHandler
                0x000035c0        0x8 ./startup/startup_mk64f12.o
                0x000035c0                WDOG_EWM_IRQHandler
 .text.RNG_IRQHandler
                0x000035c8        0x8 ./startup/startup_mk64f12.o
                0x000035c8                RNG_IRQHandler
 .text.I2C0_IRQHandler
                0x000035d0        0x8 ./startup/startup_mk64f12.o
                0x000035d0                I2C0_IRQHandler
 .text.I2C1_IRQHandler
                0x000035d8        0x8 ./startup/startup_mk64f12.o
                0x000035d8                I2C1_IRQHandler
 .text.SPI0_IRQHandler
                0x000035e0        0x8 ./startup/startup_mk64f12.o
                0x000035e0                SPI0_IRQHandler
 .text.SPI1_IRQHandler
                0x000035e8        0x8 ./startup/startup_mk64f12.o
                0x000035e8                SPI1_IRQHandler
 .text.I2S0_Tx_IRQHandler
                0x000035f0        0x8 ./startup/startup_mk64f12.o
                0x000035f0                I2S0_Tx_IRQHandler
 .text.I2S0_Rx_IRQHandler
                0x000035f8        0x8 ./startup/startup_mk64f12.o
                0x000035f8                I2S0_Rx_IRQHandler
 .text.UART0_LON_IRQHandler
                0x00003600        0x8 ./startup/startup_mk64f12.o
                0x00003600                UART0_LON_IRQHandler
 .text.UART0_ERR_IRQHandler
                0x00003608        0x8 ./startup/startup_mk64f12.o
                0x00003608                UART0_ERR_IRQHandler
 .text.UART1_RX_TX_IRQHandler
                0x00003610        0x8 ./startup/startup_mk64f12.o
                0x00003610                UART1_RX_TX_IRQHandler
 .text.UART1_ERR_IRQHandler
                0x00003618        0x8 ./startup/startup_mk64f12.o
                0x00003618                UART1_ERR_IRQHandler
 .text.UART2_RX_TX_IRQHandler
                0x00003620        0x8 ./startup/startup_mk64f12.o
                0x00003620                UART2_RX_TX_IRQHandler
 .text.UART2_ERR_IRQHandler
                0x00003628        0x8 ./startup/startup_mk64f12.o
                0x00003628                UART2_ERR_IRQHandler
 .text.UART3_RX_TX_IRQHandler
                0x00003630        0x8 ./startup/startup_mk64f12.o
                0x00003630                UART3_RX_TX_IRQHandler
 .text.UART3_ERR_IRQHandler
                0x00003638        0x8 ./startup/startup_mk64f12.o
                0x00003638                UART3_ERR_IRQHandler
 .text.ADC0_IRQHandler
                0x00003640        0x8 ./startup/startup_mk64f12.o
                0x00003640                ADC0_IRQHandler
 .text.CMP0_IRQHandler
                0x00003648        0x8 ./startup/startup_mk64f12.o
                0x00003648                CMP0_IRQHandler
 .text.CMP1_IRQHandler
                0x00003650        0x8 ./startup/startup_mk64f12.o
                0x00003650                CMP1_IRQHandler
 .text.FTM0_IRQHandler
                0x00003658        0x8 ./startup/startup_mk64f12.o
                0x00003658                FTM0_IRQHandler
 .text.FTM1_IRQHandler
                0x00003660        0x8 ./startup/startup_mk64f12.o
                0x00003660                FTM1_IRQHandler
 .text.FTM2_IRQHandler
                0x00003668        0x8 ./startup/startup_mk64f12.o
                0x00003668                FTM2_IRQHandler
 .text.CMT_IRQHandler
                0x00003670        0x8 ./startup/startup_mk64f12.o
                0x00003670                CMT_IRQHandler
 .text.RTC_IRQHandler
                0x00003678        0x8 ./startup/startup_mk64f12.o
                0x00003678                RTC_IRQHandler
 .text.RTC_Seconds_IRQHandler
                0x00003680        0x8 ./startup/startup_mk64f12.o
                0x00003680                RTC_Seconds_IRQHandler
 .text.PIT0_IRQHandler
                0x00003688        0x8 ./startup/startup_mk64f12.o
                0x00003688                PIT0_IRQHandler
 .text.PIT1_IRQHandler
                0x00003690        0x8 ./startup/startup_mk64f12.o
                0x00003690                PIT1_IRQHandler
 .text.PIT2_IRQHandler
                0x00003698        0x8 ./startup/startup_mk64f12.o
                0x00003698                PIT2_IRQHandler
 .text.PIT3_IRQHandler
                0x000036a0        0x8 ./startup/startup_mk64f12.o
                0x000036a0                PIT3_IRQHandler
 .text.PDB0_IRQHandler
                0x000036a8        0x8 ./startup/startup_mk64f12.o
                0x000036a8                PDB0_IRQHandler
 .text.USB0_IRQHandler
                0x000036b0        0x8 ./startup/startup_mk64f12.o
                0x000036b0                USB0_IRQHandler
 .text.USBDCD_IRQHandler
                0x000036b8        0x8 ./startup/startup_mk64f12.o
                0x000036b8                USBDCD_IRQHandler
 .text.Reserved71_IRQHandler
                0x000036c0        0x8 ./startup/startup_mk64f12.o
                0x000036c0                Reserved71_IRQHandler
 .text.DAC0_IRQHandler
                0x000036c8        0x8 ./startup/startup_mk64f12.o
                0x000036c8                DAC0_IRQHandler
 .text.MCG_IRQHandler
                0x000036d0        0x8 ./startup/startup_mk64f12.o
                0x000036d0                MCG_IRQHandler
 .text.LPTMR0_IRQHandler
                0x000036d8        0x8 ./startup/startup_mk64f12.o
                0x000036d8                LPTMR0_IRQHandler
 .text.PORTB_IRQHandler
                0x000036e0        0x8 ./startup/startup_mk64f12.o
                0x000036e0                PORTB_IRQHandler
 .text.PORTD_IRQHandler
                0x000036e8        0x8 ./startup/startup_mk64f12.o
                0x000036e8                PORTD_IRQHandler
 .text.PORTE_IRQHandler
                0x000036f0        0x8 ./startup/startup_mk64f12.o
                0x000036f0                PORTE_IRQHandler
 .text.SWI_IRQHandler
                0x000036f8        0x8 ./startup/startup_mk64f12.o
                0x000036f8                SWI_IRQHandler
 .text.SPI2_IRQHandler
                0x00003700        0x8 ./startup/startup_mk64f12.o
                0x00003700                SPI2_IRQHandler
 .text.UART4_RX_TX_IRQHandler
                0x00003708        0x8 ./startup/startup_mk64f12.o
                0x00003708                UART4_RX_TX_IRQHandler
 .text.UART4_ERR_IRQHandler
                0x00003710        0x8 ./startup/startup_mk64f12.o
                0x00003710                UART4_ERR_IRQHandler
 .text.UART5_RX_TX_IRQHandler
                0x00003718        0x8 ./startup/startup_mk64f12.o
                0x00003718                UART5_RX_TX_IRQHandler
 .text.UART5_ERR_IRQHandler
                0x00003720        0x8 ./startup/startup_mk64f12.o
                0x00003720                UART5_ERR_IRQHandler
 .text.CMP2_IRQHandler
                0x00003728        0x8 ./startup/startup_mk64f12.o
                0x00003728                CMP2_IRQHandler
 .text.FTM3_IRQHandler
                0x00003730        0x8 ./startup/startup_mk64f12.o
                0x00003730                FTM3_IRQHandler
 .text.DAC1_IRQHandler
                0x00003738        0x8 ./startup/startup_mk64f12.o
                0x00003738                DAC1_IRQHandler
 .text.ADC1_IRQHandler
                0x00003740        0x8 ./startup/startup_mk64f12.o
                0x00003740                ADC1_IRQHandler
 .text.I2C2_IRQHandler
                0x00003748        0x8 ./startup/startup_mk64f12.o
                0x00003748                I2C2_IRQHandler
 .text.CAN0_ORed_Message_buffer_IRQHandler
                0x00003750        0x8 ./startup/startup_mk64f12.o
                0x00003750                CAN0_ORed_Message_buffer_IRQHandler
 .text.CAN0_Bus_Off_IRQHandler
                0x00003758        0x8 ./startup/startup_mk64f12.o
                0x00003758                CAN0_Bus_Off_IRQHandler
 .text.CAN0_Error_IRQHandler
                0x00003760        0x8 ./startup/startup_mk64f12.o
                0x00003760                CAN0_Error_IRQHandler
 .text.CAN0_Tx_Warning_IRQHandler
                0x00003768        0x8 ./startup/startup_mk64f12.o
                0x00003768                CAN0_Tx_Warning_IRQHandler
 .text.CAN0_Rx_Warning_IRQHandler
                0x00003770        0x8 ./startup/startup_mk64f12.o
                0x00003770                CAN0_Rx_Warning_IRQHandler
 .text.CAN0_Wake_Up_IRQHandler
                0x00003778        0x8 ./startup/startup_mk64f12.o
                0x00003778                CAN0_Wake_Up_IRQHandler
 .text.SDHC_IRQHandler
                0x00003780        0x8 ./startup/startup_mk64f12.o
                0x00003780                SDHC_IRQHandler
 .text.ENET_1588_Timer_IRQHandler
                0x00003788        0x8 ./startup/startup_mk64f12.o
                0x00003788                ENET_1588_Timer_IRQHandler
 .text.ENET_Transmit_IRQHandler
                0x00003790        0x8 ./startup/startup_mk64f12.o
                0x00003790                ENET_Transmit_IRQHandler
 .text.ENET_Receive_IRQHandler
                0x00003798        0x8 ./startup/startup_mk64f12.o
                0x00003798                ENET_Receive_IRQHandler
 .text.ENET_Error_IRQHandler
                0x000037a0        0x8 ./startup/startup_mk64f12.o
                0x000037a0                ENET_Error_IRQHandler
 .text.GPIO_PortSet
                0x000037a8       0x1c ./source/TP3_DSP.o
 .text.GPIO_PortClear
                0x000037c4       0x1c ./source/TP3_DSP.o
 .text.HardFault_Handler
                0x000037e0       0x2c ./source/semihost_hardfault.o
                0x000037e0                HardFault_Handler
 .text.CLOCK_EnableClock
                0x0000380c       0x34 ./drivers/fsl_clock.o
 .text.CLOCK_DisableClock
                0x00003840       0x38 ./drivers/fsl_clock.o
 .text.OSC_SetExtRefClkConfig
                0x00003878       0x34 ./drivers/fsl_clock.o
 .text.OSC_SetCapLoad
                0x000038ac       0x34 ./drivers/fsl_clock.o
 .text.CLOCK_GetPll0RefFreq
                0x000038e0        0xe ./drivers/fsl_clock.o
 .text.CLOCK_GetFixedFreqClkFreq
                0x000038ee       0x34 ./drivers/fsl_clock.o
                0x000038ee                CLOCK_GetFixedFreqClkFreq
 .text.GPIO_PinWrite
                0x00003922       0x3a ./drivers/fsl_gpio.o
 .text.CLOCK_EnableClock
                0x0000395c       0x34 ./drivers/fsl_uart.o
 .text.UART_GetStatusFlags
                0x00003990       0x48 ./drivers/fsl_uart.o
                0x00003990                UART_GetStatusFlags
 .text.UART_ClearStatusFlags
                0x000039d8       0x80 ./drivers/fsl_uart.o
                0x000039d8                UART_ClearStatusFlags
 .text.UART_WriteBlocking
                0x00003a58       0x50 ./drivers/fsl_uart.o
                0x00003a58                UART_WriteBlocking
 .text.UART1_RX_TX_DriverIRQHandler
                0x00003aa8       0x12 ./drivers/fsl_uart.o
                0x00003aa8                UART1_RX_TX_DriverIRQHandler
 .text.UART2_RX_TX_DriverIRQHandler
                0x00003aba       0x12 ./drivers/fsl_uart.o
                0x00003aba                UART2_RX_TX_DriverIRQHandler
 .text.UART3_RX_TX_DriverIRQHandler
                0x00003acc       0x12 ./drivers/fsl_uart.o
                0x00003acc                UART3_RX_TX_DriverIRQHandler
 .text.UART4_RX_TX_DriverIRQHandler
                0x00003ade       0x12 ./drivers/fsl_uart.o
                0x00003ade                UART4_RX_TX_DriverIRQHandler
 .text.UART5_RX_TX_DriverIRQHandler
                0x00003af0       0x12 ./drivers/fsl_uart.o
                0x00003af0                UART5_RX_TX_DriverIRQHandler
 .text.SystemInitHook
                0x00003b02        0xe ./device/system_MK64F12.o
                0x00003b02                SystemInitHook
 .text.DbgConsole_Init
                0x00003b10       0x20 ./board/board.o
 .text.BOARD_InitDebugConsole
                0x00003b30       0x22 ./board/board.o
                0x00003b30                BOARD_InitDebugConsole
 .text.BOARD_InitBootClocks
                0x00003b52        0xc ./board/clock_config.o
                0x00003b52                BOARD_InitBootClocks
 .text.EnableIRQ
                0x00003b5e       0x2c ./board/peripherals.o
 .text.GPIOA_init
                0x00003b8a        0xe ./board/peripherals.o
 .text.GPIOC_init
                0x00003b98        0xe ./board/peripherals.o
 .text.BOARD_InitPeripherals
                0x00003ba6       0x14 ./board/peripherals.o
                0x00003ba6                BOARD_InitPeripherals
 .text.BOARD_InitBootPeripherals
                0x00003bba        0xc ./board/peripherals.o
                0x00003bba                BOARD_InitBootPeripherals
 .text.CLOCK_EnableClock
                0x00003bc6       0x34 ./board/pin_mux.o
 .text.PORT_SetPinMux
                0x00003bfa       0x3a ./board/pin_mux.o
 .text.PORT_SetPinInterruptConfig
                0x00003c34       0x3a ./board/pin_mux.o
 .text.__main   0x00003c6e        0xe c:/nxp/mcuxpressoide_11.2.0_4120/ide/plugins/com.nxp.mcuxpresso.tools.win32_11.2.0.202001021529/tools/bin/../lib/gcc/arm-none-eabi/9.2.1/../../../../arm-none-eabi/lib/thumb/v7e-m+fp/hard\libcr_semihost_nf.a(_cr__main.o)
                0x00003c6e                __CR_SEMIHOST
                0x00003c6e                __main
 .text.memset   0x00003c7c        0x4 c:/nxp/mcuxpressoide_11.2.0_4120/ide/plugins/com.nxp.mcuxpresso.tools.win32_11.2.0.202001021529/tools/bin/../lib/gcc/arm-none-eabi/9.2.1/../../../../arm-none-eabi/lib/thumb/v7e-m+fp/hard\libcr_c.a(memset.o)
                0x00003c7c                memset
 .text._deferredlazyseek
                0x00003c80       0x40 c:/nxp/mcuxpressoide_11.2.0_4120/ide/plugins/com.nxp.mcuxpresso.tools.win32_11.2.0.202001021529/tools/bin/../lib/gcc/arm-none-eabi/9.2.1/../../../../arm-none-eabi/lib/thumb/v7e-m+fp/hard\libcr_c.a(_deferredlazyseek.o)
                0x00003c80                _deferredlazyseek
 .text.__flsbuf
                0x00003cc0      0x140 c:/nxp/mcuxpressoide_11.2.0_4120/ide/plugins/com.nxp.mcuxpresso.tools.win32_11.2.0.202001021529/tools/bin/../lib/gcc/arm-none-eabi/9.2.1/../../../../arm-none-eabi/lib/thumb/v7e-m+fp/hard\libcr_c.a(_deferredlazyseek.o)
                0x00003cc0                __flsbuf
 .text._fflush  0x00003e00       0x52 c:/nxp/mcuxpressoide_11.2.0_4120/ide/plugins/com.nxp.mcuxpresso.tools.win32_11.2.0.202001021529/tools/bin/../lib/gcc/arm-none-eabi/9.2.1/../../../../arm-none-eabi/lib/thumb/v7e-m+fp/hard\libcr_c.a(_fflush.o)
                0x00003e00                _fflush
 .text.free     0x00003e52       0x30 c:/nxp/mcuxpressoide_11.2.0_4120/ide/plugins/com.nxp.mcuxpresso.tools.win32_11.2.0.202001021529/tools/bin/../lib/gcc/arm-none-eabi/9.2.1/../../../../arm-none-eabi/lib/thumb/v7e-m+fp/hard\libcr_c.a(alloc.o)
                0x00003e52                free
 .text.fputs    0x00003e82       0x2c c:/nxp/mcuxpressoide_11.2.0_4120/ide/plugins/com.nxp.mcuxpresso.tools.win32_11.2.0.202001021529/tools/bin/../lib/gcc/arm-none-eabi/9.2.1/../../../../arm-none-eabi/lib/thumb/v7e-m+fp/hard\libcr_c.a(fputs.o)
                0x00003e82                fputs
 .text.setvbuf  0x00003eae       0x3e c:/nxp/mcuxpressoide_11.2.0_4120/ide/plugins/com.nxp.mcuxpresso.tools.win32_11.2.0.202001021529/tools/bin/../lib/gcc/arm-none-eabi/9.2.1/../../../../arm-none-eabi/lib/thumb/v7e-m+fp/hard\libcr_c.a(setvbuf.o)
                0x00003eae                setvbuf
 .text.strlen   0x00003eec       0x4c c:/nxp/mcuxpressoide_11.2.0_4120/ide/plugins/com.nxp.mcuxpresso.tools.win32_11.2.0.202001021529/tools/bin/../lib/gcc/arm-none-eabi/9.2.1/../../../../arm-none-eabi/lib/thumb/v7e-m+fp/hard\libcr_c.a(strlen.o)
                0x00003eec                strlen
 .text.fabsf    0x00003f38       0x10 c:/nxp/mcuxpressoide_11.2.0_4120/ide/plugins/com.nxp.mcuxpresso.tools.win32_11.2.0.202001021529/tools/bin/../lib/gcc/arm-none-eabi/9.2.1/../../../../arm-none-eabi/lib/thumb/v7e-m+fp/hard\libcr_c.a(fabsf.o)
                0x00003f38                fabsf
 .text._fdopen  0x00003f48       0x68 c:/nxp/mcuxpressoide_11.2.0_4120/ide/plugins/com.nxp.mcuxpresso.tools.win32_11.2.0.202001021529/tools/bin/../lib/gcc/arm-none-eabi/9.2.1/../../../../arm-none-eabi/lib/thumb/v7e-m+fp/hard\libcr_c.a(_fdopen.o)
                0x00003f48                _fdopen
 .text.fclose   0x00003fb0       0x58 c:/nxp/mcuxpressoide_11.2.0_4120/ide/plugins/com.nxp.mcuxpresso.tools.win32_11.2.0.202001021529/tools/bin/../lib/gcc/arm-none-eabi/9.2.1/../../../../arm-none-eabi/lib/thumb/v7e-m+fp/hard\libcr_c.a(fclose.o)
                0x00003fb0                fclose
 .text.remove   0x00004008       0x14 c:/nxp/mcuxpressoide_11.2.0_4120/ide/plugins/com.nxp.mcuxpresso.tools.win32_11.2.0.202001021529/tools/bin/../lib/gcc/arm-none-eabi/9.2.1/../../../../arm-none-eabi/lib/thumb/v7e-m+fp/hard\libcr_c.a(remove.o)
                0x00004008                remove
 .text._do_fflush
                0x0000401c       0x40 c:/nxp/mcuxpressoide_11.2.0_4120/ide/plugins/com.nxp.mcuxpresso.tools.win32_11.2.0.202001021529/tools/bin/../lib/gcc/arm-none-eabi/9.2.1/../../../../arm-none-eabi/lib/thumb/v7e-m+fp/hard\libcr_c.a(_do_fflush.o)
                0x0000401c                _do_fflush
 .text.__aeabi_memset_lowlevel
                0x0000405c       0x32 c:/nxp/mcuxpressoide_11.2.0_4120/ide/plugins/com.nxp.mcuxpresso.tools.win32_11.2.0.202001021529/tools/bin/../lib/gcc/arm-none-eabi/9.2.1/thumb/v7e-m+fp/hard\libcr_eabihelpers.a(memcpy.o)
                0x0000405c                __aeabi_lowlevel_memset
 .text.__sys_close
                0x0000408e        0xc c:/nxp/mcuxpressoide_11.2.0_4120/ide/plugins/com.nxp.mcuxpresso.tools.win32_11.2.0.202001021529/tools/bin/../lib/gcc/arm-none-eabi/9.2.1/../../../../arm-none-eabi/lib/thumb/v7e-m+fp/hard\libcr_semihost_nf.a(__sys_close.o)
                0x0000408e                __sys_close
 .text.__sys_flen
                0x0000409a        0xc c:/nxp/mcuxpressoide_11.2.0_4120/ide/plugins/com.nxp.mcuxpresso.tools.win32_11.2.0.202001021529/tools/bin/../lib/gcc/arm-none-eabi/9.2.1/../../../../arm-none-eabi/lib/thumb/v7e-m+fp/hard\libcr_semihost_nf.a(__sys_flen.o)
                0x0000409a                __sys_flen
 .text.__sys_istty
                0x000040a6        0xc c:/nxp/mcuxpressoide_11.2.0_4120/ide/plugins/com.nxp.mcuxpresso.tools.win32_11.2.0.202001021529/tools/bin/../lib/gcc/arm-none-eabi/9.2.1/../../../../arm-none-eabi/lib/thumb/v7e-m+fp/hard\libcr_semihost_nf.a(__sys_istty.o)
                0x000040a6                __sys_istty
 .text.__sys_remove
                0x000040b2        0xc c:/nxp/mcuxpressoide_11.2.0_4120/ide/plugins/com.nxp.mcuxpresso.tools.win32_11.2.0.202001021529/tools/bin/../lib/gcc/arm-none-eabi/9.2.1/../../../../arm-none-eabi/lib/thumb/v7e-m+fp/hard\libcr_semihost_nf.a(__sys_remove.o)
                0x000040b2                __sys_remove
 .text.__sys_seek
                0x000040be        0xc c:/nxp/mcuxpressoide_11.2.0_4120/ide/plugins/com.nxp.mcuxpresso.tools.win32_11.2.0.202001021529/tools/bin/../lib/gcc/arm-none-eabi/9.2.1/../../../../arm-none-eabi/lib/thumb/v7e-m+fp/hard\libcr_semihost_nf.a(__sys_seek.o)
                0x000040be                __sys_seek
 .text.__sys_tmpnam
                0x000040ca        0xc c:/nxp/mcuxpressoide_11.2.0_4120/ide/plugins/com.nxp.mcuxpresso.tools.win32_11.2.0.202001021529/tools/bin/../lib/gcc/arm-none-eabi/9.2.1/../../../../arm-none-eabi/lib/thumb/v7e-m+fp/hard\libcr_semihost_nf.a(__sys_tmpnam.o)
                0x000040ca                __sys_tmpnam
 .text.__sys_write
                0x000040d6        0xc c:/nxp/mcuxpressoide_11.2.0_4120/ide/plugins/com.nxp.mcuxpresso.tools.win32_11.2.0.202001021529/tools/bin/../lib/gcc/arm-none-eabi/9.2.1/../../../../arm-none-eabi/lib/thumb/v7e-m+fp/hard\libcr_semihost_nf.a(__sys_write.o)
                0x000040d6                __sys_write
 *(SORT_BY_ALIGNMENT(.rodata) SORT_BY_ALIGNMENT(.rodata.*) SORT_BY_ALIGNMENT(.constdata) SORT_BY_ALIGNMENT(.constdata.*))
 *fill*         0x000040e2        0x2 ff
 .rodata.CLOCK_GetMcgExtClkFreq.str1.4
                0x000040e4       0x4e ./drivers/fsl_clock.o
 *fill*         0x00004132        0x2 ff
 .rodata.CLOCK_GetOsc0ErClkFreq.str1.4
                0x00004134       0x1f ./drivers/fsl_clock.o
 *fill*         0x00004153        0x1 ff
 .rodata.CLOCK_GetEr32kClkFreq.str1.4
                0x00004154       0x20 ./drivers/fsl_clock.o
 .rodata.CLOCK_GetPll0Freq.str1.4
                0x00004174       0x1e ./drivers/fsl_clock.o
 *fill*         0x00004192        0x2 ff
 .rodata.CLOCK_EnablePll0.str1.4
                0x00004194       0x1b ./drivers/fsl_clock.o
 *fill*         0x000041af        0x1 ff
 .rodata.CLOCK_SetPbeMode.str1.4
                0x000041b0       0x1b ./drivers/fsl_clock.o
 *fill*         0x000041cb        0x1 ff
 .rodata.CLOCK_BootToPeeMode.str1.4
                0x000041cc       0x1b ./drivers/fsl_clock.o
 *fill*         0x000041e7        0x1 ff
 .rodata.fllFactorTable.7941
                0x000041e8       0x10 ./drivers/fsl_clock.o
 .rodata.s_portBases
                0x000041f8       0x14 ./drivers/fsl_gpio.o
 .rodata.s_gpioBases
                0x0000420c       0x14 ./drivers/fsl_gpio.o
 .rodata.GPIO_GetInstance.str1.4
                0x00004220       0x34 ./drivers/fsl_gpio.o
 .rodata.GPIO_PinInit.str1.4
                0x00004254       0x21 ./drivers/fsl_gpio.o
 *fill*         0x00004275        0x3 ff
 .rodata.s_uartBases
                0x00004278       0x18 ./drivers/fsl_uart.o
 .rodata.s_uartClock
                0x00004290       0x18 ./drivers/fsl_uart.o
 .rodata.UART_GetInstance.str1.4
                0x000042a8       0x2c ./drivers/fsl_uart.o
 .rodata.UART_Init.str1.4
                0x000042d4       0xf4 ./drivers/fsl_uart.o
 .rodata.UART_ReadBlocking.str1.4
                0x000043c8       0x1f ./drivers/fsl_uart.o
 *fill*         0x000043e7        0x1 ff
 .rodata.mcgConfig_BOARD_BootClockRUN
                0x000043e8        0xb ./board/clock_config.o
                0x000043e8                mcgConfig_BOARD_BootClockRUN
 *fill*         0x000043f3        0x1 ff
 .rodata.simConfig_BOARD_BootClockRUN
                0x000043f4        0x8 ./board/clock_config.o
                0x000043f4                simConfig_BOARD_BootClockRUN
 .rodata.oscConfig_BOARD_BootClockRUN
                0x000043fc        0x8 ./board/clock_config.o
                0x000043fc                oscConfig_BOARD_BootClockRUN
 .rodata.UART0_config
                0x00004404       0x10 ./board/peripherals.o
                0x00004404                UART0_config
 .rodata.PORT_SetPinConfig.str1.4
                0x00004414       0x65 ./board/pin_mux.o
 *fill*         0x00004479        0x3 ff
 .rodata.arm_cfft_sR_q15_len1024
                0x0000447c       0x10 C:\Users\augus\Documents\MCUXpressoIDE_11.2.0_4120\workspace\TP3_DSP\libs\libarm_cortexM4lf_math.a(arm_const_structs.o)
                0x0000447c                arm_cfft_sR_q15_len1024
 .rodata.arm_cfft_sR_q15_len128
                0x0000448c       0x10 C:\Users\augus\Documents\MCUXpressoIDE_11.2.0_4120\workspace\TP3_DSP\libs\libarm_cortexM4lf_math.a(arm_const_structs.o)
                0x0000448c                arm_cfft_sR_q15_len128
 .rodata.arm_cfft_sR_q15_len16
                0x0000449c       0x10 C:\Users\augus\Documents\MCUXpressoIDE_11.2.0_4120\workspace\TP3_DSP\libs\libarm_cortexM4lf_math.a(arm_const_structs.o)
                0x0000449c                arm_cfft_sR_q15_len16
 .rodata.arm_cfft_sR_q15_len2048
                0x000044ac       0x10 C:\Users\augus\Documents\MCUXpressoIDE_11.2.0_4120\workspace\TP3_DSP\libs\libarm_cortexM4lf_math.a(arm_const_structs.o)
                0x000044ac                arm_cfft_sR_q15_len2048
 .rodata.arm_cfft_sR_q15_len256
                0x000044bc       0x10 C:\Users\augus\Documents\MCUXpressoIDE_11.2.0_4120\workspace\TP3_DSP\libs\libarm_cortexM4lf_math.a(arm_const_structs.o)
                0x000044bc                arm_cfft_sR_q15_len256
 .rodata.arm_cfft_sR_q15_len32
                0x000044cc       0x10 C:\Users\augus\Documents\MCUXpressoIDE_11.2.0_4120\workspace\TP3_DSP\libs\libarm_cortexM4lf_math.a(arm_const_structs.o)
                0x000044cc                arm_cfft_sR_q15_len32
 .rodata.arm_cfft_sR_q15_len4096
                0x000044dc       0x10 C:\Users\augus\Documents\MCUXpressoIDE_11.2.0_4120\workspace\TP3_DSP\libs\libarm_cortexM4lf_math.a(arm_const_structs.o)
                0x000044dc                arm_cfft_sR_q15_len4096
 .rodata.arm_cfft_sR_q15_len512
                0x000044ec       0x10 C:\Users\augus\Documents\MCUXpressoIDE_11.2.0_4120\workspace\TP3_DSP\libs\libarm_cortexM4lf_math.a(arm_const_structs.o)
                0x000044ec                arm_cfft_sR_q15_len512
 .rodata.arm_cfft_sR_q15_len64
                0x000044fc       0x10 C:\Users\augus\Documents\MCUXpressoIDE_11.2.0_4120\workspace\TP3_DSP\libs\libarm_cortexM4lf_math.a(arm_const_structs.o)
                0x000044fc                arm_cfft_sR_q15_len64
 .rodata.armBitRevIndexTable_fixed_1024
                0x0000450c      0x7c0 C:\Users\augus\Documents\MCUXpressoIDE_11.2.0_4120\workspace\TP3_DSP\libs\libarm_cortexM4lf_math.a(arm_common_tables.o)
                0x0000450c                armBitRevIndexTable_fixed_1024
 .rodata.armBitRevIndexTable_fixed_128
                0x00004ccc       0xe0 C:\Users\augus\Documents\MCUXpressoIDE_11.2.0_4120\workspace\TP3_DSP\libs\libarm_cortexM4lf_math.a(arm_common_tables.o)
                0x00004ccc                armBitRevIndexTable_fixed_128
 .rodata.armBitRevIndexTable_fixed_16
                0x00004dac       0x18 C:\Users\augus\Documents\MCUXpressoIDE_11.2.0_4120\workspace\TP3_DSP\libs\libarm_cortexM4lf_math.a(arm_common_tables.o)
                0x00004dac                armBitRevIndexTable_fixed_16
 .rodata.armBitRevIndexTable_fixed_2048
                0x00004dc4      0xf80 C:\Users\augus\Documents\MCUXpressoIDE_11.2.0_4120\workspace\TP3_DSP\libs\libarm_cortexM4lf_math.a(arm_common_tables.o)
                0x00004dc4                armBitRevIndexTable_fixed_2048
 .rodata.armBitRevIndexTable_fixed_256
                0x00005d44      0x1e0 C:\Users\augus\Documents\MCUXpressoIDE_11.2.0_4120\workspace\TP3_DSP\libs\libarm_cortexM4lf_math.a(arm_common_tables.o)
                0x00005d44                armBitRevIndexTable_fixed_256
 .rodata.armBitRevIndexTable_fixed_32
                0x00005f24       0x30 C:\Users\augus\Documents\MCUXpressoIDE_11.2.0_4120\workspace\TP3_DSP\libs\libarm_cortexM4lf_math.a(arm_common_tables.o)
                0x00005f24                armBitRevIndexTable_fixed_32
 .rodata.armBitRevIndexTable_fixed_4096
                0x00005f54     0x1f80 C:\Users\augus\Documents\MCUXpressoIDE_11.2.0_4120\workspace\TP3_DSP\libs\libarm_cortexM4lf_math.a(arm_common_tables.o)
                0x00005f54                armBitRevIndexTable_fixed_4096
 .rodata.armBitRevIndexTable_fixed_512
                0x00007ed4      0x3c0 C:\Users\augus\Documents\MCUXpressoIDE_11.2.0_4120\workspace\TP3_DSP\libs\libarm_cortexM4lf_math.a(arm_common_tables.o)
                0x00007ed4                armBitRevIndexTable_fixed_512
 .rodata.armBitRevIndexTable_fixed_64
                0x00008294       0x70 C:\Users\augus\Documents\MCUXpressoIDE_11.2.0_4120\workspace\TP3_DSP\libs\libarm_cortexM4lf_math.a(arm_common_tables.o)
                0x00008294                armBitRevIndexTable_fixed_64
 .rodata.realCoefAQ15
                0x00008304     0x4000 C:\Users\augus\Documents\MCUXpressoIDE_11.2.0_4120\workspace\TP3_DSP\libs\libarm_cortexM4lf_math.a(arm_common_tables.o)
                0x00008304                realCoefAQ15
 .rodata.realCoefBQ15
                0x0000c304     0x4000 C:\Users\augus\Documents\MCUXpressoIDE_11.2.0_4120\workspace\TP3_DSP\libs\libarm_cortexM4lf_math.a(arm_common_tables.o)
                0x0000c304                realCoefBQ15
 .rodata.twiddleCoef_1024_q15
                0x00010304      0xc00 C:\Users\augus\Documents\MCUXpressoIDE_11.2.0_4120\workspace\TP3_DSP\libs\libarm_cortexM4lf_math.a(arm_common_tables.o)
                0x00010304                twiddleCoef_1024_q15
 .rodata.twiddleCoef_128_q15
                0x00010f04      0x180 C:\Users\augus\Documents\MCUXpressoIDE_11.2.0_4120\workspace\TP3_DSP\libs\libarm_cortexM4lf_math.a(arm_common_tables.o)
                0x00010f04                twiddleCoef_128_q15
 .rodata.twiddleCoef_16_q15
                0x00011084       0x30 C:\Users\augus\Documents\MCUXpressoIDE_11.2.0_4120\workspace\TP3_DSP\libs\libarm_cortexM4lf_math.a(arm_common_tables.o)
                0x00011084                twiddleCoef_16_q15
 .rodata.twiddleCoef_2048_q15
                0x000110b4     0x1800 C:\Users\augus\Documents\MCUXpressoIDE_11.2.0_4120\workspace\TP3_DSP\libs\libarm_cortexM4lf_math.a(arm_common_tables.o)
                0x000110b4                twiddleCoef_2048_q15
 .rodata.twiddleCoef_256_q15
                0x000128b4      0x300 C:\Users\augus\Documents\MCUXpressoIDE_11.2.0_4120\workspace\TP3_DSP\libs\libarm_cortexM4lf_math.a(arm_common_tables.o)
                0x000128b4                twiddleCoef_256_q15
 .rodata.twiddleCoef_32_q15
                0x00012bb4       0x60 C:\Users\augus\Documents\MCUXpressoIDE_11.2.0_4120\workspace\TP3_DSP\libs\libarm_cortexM4lf_math.a(arm_common_tables.o)
                0x00012bb4                twiddleCoef_32_q15
 .rodata.twiddleCoef_4096_q15
                0x00012c14     0x3000 C:\Users\augus\Documents\MCUXpressoIDE_11.2.0_4120\workspace\TP3_DSP\libs\libarm_cortexM4lf_math.a(arm_common_tables.o)
                0x00012c14                twiddleCoef_4096_q15
 .rodata.twiddleCoef_512_q15
                0x00015c14      0x600 C:\Users\augus\Documents\MCUXpressoIDE_11.2.0_4120\workspace\TP3_DSP\libs\libarm_cortexM4lf_math.a(arm_common_tables.o)
                0x00015c14                twiddleCoef_512_q15
 .rodata.twiddleCoef_64_q15
                0x00016214       0xc0 C:\Users\augus\Documents\MCUXpressoIDE_11.2.0_4120\workspace\TP3_DSP\libs\libarm_cortexM4lf_math.a(arm_common_tables.o)
                0x00016214                twiddleCoef_64_q15
 .rodata.__num_Ciob_streams
                0x000162d4        0x4 c:/nxp/mcuxpressoide_11.2.0_4120/ide/plugins/com.nxp.mcuxpresso.tools.win32_11.2.0.202001021529/tools/bin/../lib/gcc/arm-none-eabi/9.2.1/../../../../arm-none-eabi/lib/thumb/v7e-m+fp/hard\libcr_semihost_nf.a(__ciob.o)
                0x000162d4                __num_Ciob_streams
 .rodata.__assertion_failed.str1.1
                0x000162d8       0x15 c:/nxp/mcuxpressoide_11.2.0_4120/ide/plugins/com.nxp.mcuxpresso.tools.win32_11.2.0.202001021529/tools/bin/../lib/gcc/arm-none-eabi/9.2.1/../../../../arm-none-eabi/lib/thumb/v7e-m+fp/hard\libcr_semihost_nf.a(_cr_assert.o)
 .rodata._Csys_alloc.str1.1
                0x000162ed       0x18 c:/nxp/mcuxpressoide_11.2.0_4120/ide/plugins/com.nxp.mcuxpresso.tools.win32_11.2.0.202001021529/tools/bin/../lib/gcc/arm-none-eabi/9.2.1/../../../../arm-none-eabi/lib/thumb/v7e-m+fp/hard\libcr_c.a(alloc.o)
 .rodata._initio.str1.1
                0x00016305        0x4 c:/nxp/mcuxpressoide_11.2.0_4120/ide/plugins/com.nxp.mcuxpresso.tools.win32_11.2.0.202001021529/tools/bin/../lib/gcc/arm-none-eabi/9.2.1/../../../../arm-none-eabi/lib/thumb/v7e-m+fp/hard\libcr_c.a(initio.o)
                0x00016310                . = ALIGN (0x8)
 *fill*         0x00016309        0x7 ff

.glue_7         0x00016310        0x0
 .glue_7        0x00016310        0x0 linker stubs

.glue_7t        0x00016310        0x0
 .glue_7t       0x00016310        0x0 linker stubs

.vfp11_veneer   0x00016310        0x0
 .vfp11_veneer  0x00016310        0x0 linker stubs

.v4_bx          0x00016310        0x0
 .v4_bx         0x00016310        0x0 linker stubs

.iplt           0x00016310        0x0
 .iplt          0x00016310        0x0 ./startup/startup_mk64f12.o

.rel.dyn        0x00016310        0x0
 .rel.iplt      0x00016310        0x0 ./startup/startup_mk64f12.o

.ARM.extab
 *(SORT_BY_ALIGNMENT(.ARM.extab*) SORT_BY_ALIGNMENT(.gnu.linkonce.armextab.*))

.ARM.exidx      0x00016310        0x0
                0x00016310                __exidx_start = .
 *(SORT_BY_ALIGNMENT(.ARM.exidx*) SORT_BY_ALIGNMENT(.gnu.linkonce.armexidx.*))
                0x00016310                __exidx_end = .
                0x00016310                _etext = .

.m_usb_data
 *(SORT_BY_ALIGNMENT(m_usb_bdt))

.data_RAM2      0x1fff0000        0x0 load address 0x00016310
 FILL mask 0xff
                [!provide]                PROVIDE (__start_data_RAM2 = .)
                [!provide]                PROVIDE (__start_data_SRAM_LOWER = .)
 *(SORT_BY_ALIGNMENT(.ramfunc.$RAM2))
 *(SORT_BY_ALIGNMENT(.ramfunc.$SRAM_LOWER))
 *(SORT_BY_ALIGNMENT(.data.$RAM2))
 *(SORT_BY_ALIGNMENT(.data.$SRAM_LOWER))
 *(SORT_BY_ALIGNMENT(.data.$RAM2.*))
 *(SORT_BY_ALIGNMENT(.data.$SRAM_LOWER.*))
                0x1fff0000                . = ALIGN (0x8)
                [!provide]                PROVIDE (__end_data_RAM2 = .)
                [!provide]                PROVIDE (__end_data_SRAM_LOWER = .)

.data_RAM3      0x14000000        0x0 load address 0x00016310
 FILL mask 0xff
                [!provide]                PROVIDE (__start_data_RAM3 = .)
                [!provide]                PROVIDE (__start_data_FLEX_RAM = .)
 *(SORT_BY_ALIGNMENT(.ramfunc.$RAM3))
 *(SORT_BY_ALIGNMENT(.ramfunc.$FLEX_RAM))
 *(SORT_BY_ALIGNMENT(.data.$RAM3))
 *(SORT_BY_ALIGNMENT(.data.$FLEX_RAM))
 *(SORT_BY_ALIGNMENT(.data.$RAM3.*))
 *(SORT_BY_ALIGNMENT(.data.$FLEX_RAM.*))
                0x14000000                . = ALIGN (0x8)
                [!provide]                PROVIDE (__end_data_RAM3 = .)
                [!provide]                PROVIDE (__end_data_FLEX_RAM = .)

.uninit_RESERVED
                0x20000000        0x0
                0x20000000                _start_uninit_RESERVED = .
 *(SORT_BY_ALIGNMENT(.bss.$RESERVED*))
                0x20000000                . = ALIGN (0x8)
                0x20000000                _end_uninit_RESERVED = .

.data           0x20000000      0x428 load address 0x00016310
 FILL mask 0xff
                0x20000000                _data = .
                [!provide]                PROVIDE (__start_data_RAM = .)
                [!provide]                PROVIDE (__start_data_SRAM_UPPER = .)
 *(SORT_BY_ALIGNMENT(vtable))
 *(SORT_BY_ALIGNMENT(.ramfunc*))
 *(SORT_BY_ALIGNMENT(CodeQuickAccess))
 *(SORT_BY_ALIGNMENT(DataQuickAccess))
 *(SORT_BY_ALIGNMENT(RamFunction))
 *(SORT_BY_ALIGNMENT(.data*))
 .data.sineTable
                0x20000000      0x400 ./source/TP3_DSP.o
                0x20000000                sineTable
 .data.rate     0x20000400       0x14 ./source/TP3_DSP.o
                0x20000400                rate
 .data.s_slowIrcFreq
                0x20000414        0x4 ./drivers/fsl_clock.o
 .data.s_fastIrcFreq
                0x20000418        0x4 ./drivers/fsl_clock.o
 .data.SystemCoreClock
                0x2000041c        0x4 ./device/system_MK64F12.o
                0x2000041c                SystemCoreClock
 .data.byPass   0x20000420        0x1 ./source/TP3_DSP.o
                0x20000420                byPass
                0x20000428                . = ALIGN (0x8)
 *fill*         0x20000421        0x7 ff
                0x20000428                _edata = .
                [!provide]                PROVIDE (__end_data_RAM = .)
                [!provide]                PROVIDE (__end_data_SRAM_UPPER = .)

.igot.plt       0x20000428        0x0 load address 0x00016738
 .igot.plt      0x20000428        0x0 ./startup/startup_mk64f12.o

.bss_RAM2       0x1fff0000        0x0
                [!provide]                PROVIDE (__start_bss_RAM2 = .)
                [!provide]                PROVIDE (__start_bss_SRAM_LOWER = .)
 *(SORT_BY_ALIGNMENT(.bss.$RAM2))
 *(SORT_BY_ALIGNMENT(.bss.$SRAM_LOWER))
 *(SORT_BY_ALIGNMENT(.bss.$RAM2.*))
 *(SORT_BY_ALIGNMENT(.bss.$SRAM_LOWER.*))
                0x1fff0000                . = ALIGN ((. != 0x0)?0x8:0x1)
                [!provide]                PROVIDE (__end_bss_RAM2 = .)
                [!provide]                PROVIDE (__end_bss_SRAM_LOWER = .)

.bss_RAM3       0x14000000        0x0
                [!provide]                PROVIDE (__start_bss_RAM3 = .)
                [!provide]                PROVIDE (__start_bss_FLEX_RAM = .)
 *(SORT_BY_ALIGNMENT(.bss.$RAM3))
 *(SORT_BY_ALIGNMENT(.bss.$FLEX_RAM))
 *(SORT_BY_ALIGNMENT(.bss.$RAM3.*))
 *(SORT_BY_ALIGNMENT(.bss.$FLEX_RAM.*))
                0x14000000                . = ALIGN ((. != 0x0)?0x8:0x1)
                [!provide]                PROVIDE (__end_bss_RAM3 = .)
                [!provide]                PROVIDE (__end_bss_FLEX_RAM = .)

.bss            0x20000428     0x1938
                0x20000428                _bss = .
                [!provide]                PROVIDE (__start_bss_RAM = .)
                [!provide]                PROVIDE (__start_bss_SRAM_UPPER = .)
 *(SORT_BY_ALIGNMENT(.bss*))
 .bss.buffIn    0x20000428      0x400 ./source/TP3_DSP.o
                0x20000428                buffIn
 .bss.buffAux   0x20000828      0x400 ./source/TP3_DSP.o
                0x20000828                buffAux
 .bss.buffOut   0x20000c28      0x400 ./source/TP3_DSP.o
                0x20000c28                buffOut
 .bss.buffOutFFT
                0x20001028      0x400 ./source/TP3_DSP.o
                0x20001028                buffOutFFT
 .bss.buffFFT   0x20001428      0x800 ./source/TP3_DSP.o
                0x20001428                buffFFT
 .bss.pBuffIn   0x20001c28        0x4 ./source/TP3_DSP.o
                0x20001c28                pBuffIn
 .bss.pBuffOut  0x20001c2c        0x4 ./source/TP3_DSP.o
                0x20001c2c                pBuffOut
 .bss.fBuffIn   0x20001c30        0x4 ./source/TP3_DSP.o
                0x20001c30                fBuffIn
 .bss.fBuffOut  0x20001c34        0x4 ./source/TP3_DSP.o
                0x20001c34                fBuffOut
 .bss.pBuffOutFFT
                0x20001c38        0x4 ./source/TP3_DSP.o
                0x20001c38                pBuffOutFFT
 .bss.fBuffOutFFT
                0x20001c3c        0x4 ./source/TP3_DSP.o
                0x20001c3c                fBuffOutFFT
 .bss.pRate     0x20001c40        0x4 ./source/TP3_DSP.o
                0x20001c40                pRate
 .bss.fRate     0x20001c44        0x4 ./source/TP3_DSP.o
                0x20001c44                fRate
 .bss.fft512    0x20001c48       0x18 ./source/TP3_DSP.o
                0x20001c48                fft512
 .bss.g_xtal0Freq
                0x20001c60        0x4 ./drivers/fsl_clock.o
                0x20001c60                g_xtal0Freq
 .bss.g_xtal32Freq
                0x20001c64        0x4 ./drivers/fsl_clock.o
                0x20001c64                g_xtal32Freq
 .bss.s_i2cHandle
                0x20001c68        0xc ./drivers/fsl_i2c.o
 .bss.s_i2cMasterIsr
                0x20001c74        0x4 ./drivers/fsl_i2c.o
 .bss.s_i2cSlaveIsr
                0x20001c78        0x4 ./drivers/fsl_i2c.o
 .bss.s_uartHandle
                0x20001c7c       0x18 ./drivers/fsl_uart.o
 .bss.s_uartIsr
                0x20001c94        0x4 ./drivers/fsl_uart.o
 .bss.__Ciob    0x20001c98       0xb4 c:/nxp/mcuxpressoide_11.2.0_4120/ide/plugins/com.nxp.mcuxpresso.tools.win32_11.2.0.202001021529/tools/bin/../lib/gcc/arm-none-eabi/9.2.1/../../../../arm-none-eabi/lib/thumb/v7e-m+fp/hard\libcr_semihost_nf.a(__ciob.o)
                0x20001c98                __Ciob
 .bss.__end_of_heap
                0x20001d4c        0x4 c:/nxp/mcuxpressoide_11.2.0_4120/ide/plugins/com.nxp.mcuxpresso.tools.win32_11.2.0.202001021529/tools/bin/../lib/gcc/arm-none-eabi/9.2.1/../../../../arm-none-eabi/lib/thumb/v7e-m+fp/hard\libcr_c.a(__init_alloc.o)
                0x20001d4c                __end_of_heap
 .bss.__heaps   0x20001d50        0x4 c:/nxp/mcuxpressoide_11.2.0_4120/ide/plugins/com.nxp.mcuxpresso.tools.win32_11.2.0.202001021529/tools/bin/../lib/gcc/arm-none-eabi/9.2.1/../../../../arm-none-eabi/lib/thumb/v7e-m+fp/hard\libcr_c.a(__init_alloc.o)
                0x20001d50                __heaps
 .bss.errno     0x20001d54        0x4 c:/nxp/mcuxpressoide_11.2.0_4120/ide/plugins/com.nxp.mcuxpresso.tools.win32_11.2.0.202001021529/tools/bin/../lib/gcc/arm-none-eabi/9.2.1/../../../../arm-none-eabi/lib/thumb/v7e-m+fp/hard\libcr_c.a(errno.o)
                0x20001d54                errno
 .bss.contRate  0x20001d58        0x1 ./source/TP3_DSP.o
                0x20001d58                contRate
 .bss.uartEnable
                0x20001d59        0x1 ./source/TP3_DSP.o
                0x20001d59                uartEnable
 *(SORT_BY_ALIGNMENT(COMMON))
                0x20001d60                . = ALIGN (0x8)
 *fill*         0x20001d5a        0x6 
                0x20001d60                _ebss = .
                [!provide]                PROVIDE (__end_bss_RAM = .)
                [!provide]                PROVIDE (__end_bss_SRAM_UPPER = .)
                [!provide]                PROVIDE (end = .)

.noinit_RAM2    0x1fff0000        0x0
                [!provide]                PROVIDE (__start_noinit_RAM2 = .)
                [!provide]                PROVIDE (__start_noinit_SRAM_LOWER = .)
 *(SORT_BY_ALIGNMENT(.noinit.$RAM2))
 *(SORT_BY_ALIGNMENT(.noinit.$SRAM_LOWER))
 *(SORT_BY_ALIGNMENT(.noinit.$RAM2.*))
 *(SORT_BY_ALIGNMENT(.noinit.$SRAM_LOWER.*))
                0x1fff0000                . = ALIGN (0x8)
                [!provide]                PROVIDE (__end_noinit_RAM2 = .)
                [!provide]                PROVIDE (__end_noinit_SRAM_LOWER = .)

.noinit_RAM3    0x14000000        0x0
                [!provide]                PROVIDE (__start_noinit_RAM3 = .)
                [!provide]                PROVIDE (__start_noinit_FLEX_RAM = .)
 *(SORT_BY_ALIGNMENT(.noinit.$RAM3))
 *(SORT_BY_ALIGNMENT(.noinit.$FLEX_RAM))
 *(SORT_BY_ALIGNMENT(.noinit.$RAM3.*))
 *(SORT_BY_ALIGNMENT(.noinit.$FLEX_RAM.*))
                0x14000000                . = ALIGN (0x8)
                [!provide]                PROVIDE (__end_noinit_RAM3 = .)
                [!provide]                PROVIDE (__end_noinit_FLEX_RAM = .)

.noinit         0x20001d60        0x0
                0x20001d60                _noinit = .
                [!provide]                PROVIDE (__start_noinit_RAM = .)
                [!provide]                PROVIDE (__start_noinit_SRAM_UPPER = .)
 *(SORT_BY_ALIGNMENT(.noinit*))
                0x20001d60                . = ALIGN (0x8)
                0x20001d60                _end_noinit = .
                [!provide]                PROVIDE (__end_noinit_RAM = .)
                [!provide]                PROVIDE (__end_noinit_SRAM_UPPER = .)
                0x00001000                _HeapSize = 0x1000

.heap           0x20001d60     0x1000
                0x20001d60                _pvHeapStart = .
                0x20002d60                . = (. + _HeapSize)
 *fill*         0x20001d60     0x1000 
                0x20002d60                . = ALIGN (0x8)
                0x20002d60                _pvHeapLimit = .
                0x00001000                _StackSize = 0x1000

.heap2stackfill
                0x20002d60     0x1000
                0x20003d60                . = (. + _StackSize)
 *fill*         0x20002d60     0x1000 

.stack          0x2002f000        0x0
                0x2002f000                _vStackBase = .
                0x2002f000                . = ALIGN (0x8)
                0x20030000                _vStackTop = (. + _StackSize)
                0x00000000                _image_start = LOADADDR (.text)
                0x00016738                _image_end = (LOADADDR (.data) + SIZEOF (.data))
                0x00016738                _image_size = (_image_end - _image_start)
OUTPUT(TP3_DSP.axf elf32-littlearm)

.debug_info     0x00000000    0x1c886
 .debug_info    0x00000000      0x92e ./startup/startup_mk64f12.o
 .debug_info    0x0000092e     0x117b ./source/TP3_DSP.o
 .debug_info    0x00001aa9       0x3c ./source/semihost_hardfault.o
 .debug_info    0x00001ae5     0x21ca ./drivers/fsl_clock.o
 .debug_info    0x00003caf      0x6f8 ./drivers/fsl_gpio.o
 .debug_info    0x000043a7     0x1f08 ./drivers/fsl_i2c.o
 .debug_info    0x000062af     0x1cbb ./drivers/fsl_uart.o
 .debug_info    0x00007f6a      0x69f ./device/system_MK64F12.o
 .debug_info    0x00008609      0x672 ./board/board.o
 .debug_info    0x00008c7b      0xcf0 ./board/clock_config.o
 .debug_info    0x0000996b      0xc55 ./board/peripherals.o
 .debug_info    0x0000a5c0      0xc45 ./board/pin_mux.o
 .debug_info    0x0000b205     0x1f4d C:\Users\augus\Documents\MCUXpressoIDE_11.2.0_4120\workspace\TP3_DSP\libs\libarm_cortexM4lf_math.a(arm_rfft_q15.o)
 .debug_info    0x0000d152     0x198e C:\Users\augus\Documents\MCUXpressoIDE_11.2.0_4120\workspace\TP3_DSP\libs\libarm_cortexM4lf_math.a(arm_rfft_init_q15.o)
 .debug_info    0x0000eae0      0xed3 C:\Users\augus\Documents\MCUXpressoIDE_11.2.0_4120\workspace\TP3_DSP\libs\libarm_cortexM4lf_math.a(arm_cmplx_mag_q15.o)
 .debug_info    0x0000f9b3     0x171c C:\Users\augus\Documents\MCUXpressoIDE_11.2.0_4120\workspace\TP3_DSP\libs\libarm_cortexM4lf_math.a(arm_sqrt_q15.o)
 .debug_info    0x000110cf      0xe68 C:\Users\augus\Documents\MCUXpressoIDE_11.2.0_4120\workspace\TP3_DSP\libs\libarm_cortexM4lf_math.a(arm_mult_q15.o)
 .debug_info    0x00011f37     0x1d16 C:\Users\augus\Documents\MCUXpressoIDE_11.2.0_4120\workspace\TP3_DSP\libs\libarm_cortexM4lf_math.a(arm_const_structs.o)
 .debug_info    0x00013c4d     0x1a84 C:\Users\augus\Documents\MCUXpressoIDE_11.2.0_4120\workspace\TP3_DSP\libs\libarm_cortexM4lf_math.a(arm_common_tables.o)
 .debug_info    0x000156d1     0x188b C:\Users\augus\Documents\MCUXpressoIDE_11.2.0_4120\workspace\TP3_DSP\libs\libarm_cortexM4lf_math.a(arm_cfft_q15.o)
 .debug_info    0x00016f5c     0x4284 C:\Users\augus\Documents\MCUXpressoIDE_11.2.0_4120\workspace\TP3_DSP\libs\libarm_cortexM4lf_math.a(arm_cfft_radix4_q15.o)
 .debug_info    0x0001b1e0     0x16a6 C:\Users\augus\Documents\MCUXpressoIDE_11.2.0_4120\workspace\TP3_DSP\libs\libarm_cortexM4lf_math.a(arm_bitreversal2.o)

.debug_abbrev   0x00000000     0x35ba
 .debug_abbrev  0x00000000      0x17a ./startup/startup_mk64f12.o
 .debug_abbrev  0x0000017a      0x293 ./source/TP3_DSP.o
 .debug_abbrev  0x0000040d       0x31 ./source/semihost_hardfault.o
 .debug_abbrev  0x0000043e      0x371 ./drivers/fsl_clock.o
 .debug_abbrev  0x000007af      0x1b8 ./drivers/fsl_gpio.o
 .debug_abbrev  0x00000967      0x395 ./drivers/fsl_i2c.o
 .debug_abbrev  0x00000cfc      0x358 ./drivers/fsl_uart.o
 .debug_abbrev  0x00001054      0x170 ./device/system_MK64F12.o
 .debug_abbrev  0x000011c4      0x1a0 ./board/board.o
 .debug_abbrev  0x00001364      0x265 ./board/clock_config.o
 .debug_abbrev  0x000015c9      0x241 ./board/peripherals.o
 .debug_abbrev  0x0000180a      0x2c4 ./board/pin_mux.o
 .debug_abbrev  0x00001ace      0x3d1 C:\Users\augus\Documents\MCUXpressoIDE_11.2.0_4120\workspace\TP3_DSP\libs\libarm_cortexM4lf_math.a(arm_rfft_q15.o)
 .debug_abbrev  0x00001e9f      0x230 C:\Users\augus\Documents\MCUXpressoIDE_11.2.0_4120\workspace\TP3_DSP\libs\libarm_cortexM4lf_math.a(arm_rfft_init_q15.o)
 .debug_abbrev  0x000020cf      0x2c3 C:\Users\augus\Documents\MCUXpressoIDE_11.2.0_4120\workspace\TP3_DSP\libs\libarm_cortexM4lf_math.a(arm_cmplx_mag_q15.o)
 .debug_abbrev  0x00002392      0x273 C:\Users\augus\Documents\MCUXpressoIDE_11.2.0_4120\workspace\TP3_DSP\libs\libarm_cortexM4lf_math.a(arm_sqrt_q15.o)
 .debug_abbrev  0x00002605      0x2c1 C:\Users\augus\Documents\MCUXpressoIDE_11.2.0_4120\workspace\TP3_DSP\libs\libarm_cortexM4lf_math.a(arm_mult_q15.o)
 .debug_abbrev  0x000028c6      0x201 C:\Users\augus\Documents\MCUXpressoIDE_11.2.0_4120\workspace\TP3_DSP\libs\libarm_cortexM4lf_math.a(arm_const_structs.o)
 .debug_abbrev  0x00002ac7      0x1dd C:\Users\augus\Documents\MCUXpressoIDE_11.2.0_4120\workspace\TP3_DSP\libs\libarm_cortexM4lf_math.a(arm_common_tables.o)
 .debug_abbrev  0x00002ca4      0x353 C:\Users\augus\Documents\MCUXpressoIDE_11.2.0_4120\workspace\TP3_DSP\libs\libarm_cortexM4lf_math.a(arm_cfft_q15.o)
 .debug_abbrev  0x00002ff7      0x3bd C:\Users\augus\Documents\MCUXpressoIDE_11.2.0_4120\workspace\TP3_DSP\libs\libarm_cortexM4lf_math.a(arm_cfft_radix4_q15.o)
 .debug_abbrev  0x000033b4      0x206 C:\Users\augus\Documents\MCUXpressoIDE_11.2.0_4120\workspace\TP3_DSP\libs\libarm_cortexM4lf_math.a(arm_bitreversal2.o)

.debug_aranges  0x00000000      0xbf0
 .debug_aranges
                0x00000000      0x330 ./startup/startup_mk64f12.o
 .debug_aranges
                0x00000330       0x58 ./source/TP3_DSP.o
 .debug_aranges
                0x00000388       0x20 ./source/semihost_hardfault.o
 .debug_aranges
                0x000003a8      0x1f8 ./drivers/fsl_clock.o
 .debug_aranges
                0x000005a0       0x40 ./drivers/fsl_gpio.o
 .debug_aranges
                0x000005e0      0x180 ./drivers/fsl_i2c.o
 .debug_aranges
                0x00000760      0x180 ./drivers/fsl_uart.o
 .debug_aranges
                0x000008e0       0x30 ./device/system_MK64F12.o
 .debug_aranges
                0x00000910       0x28 ./board/board.o
 .debug_aranges
                0x00000938       0x80 ./board/clock_config.o
 .debug_aranges
                0x000009b8       0x50 ./board/peripherals.o
 .debug_aranges
                0x00000a08       0x80 ./board/pin_mux.o
 .debug_aranges
                0x00000a88       0x30 C:\Users\augus\Documents\MCUXpressoIDE_11.2.0_4120\workspace\TP3_DSP\libs\libarm_cortexM4lf_math.a(arm_rfft_q15.o)
 .debug_aranges
                0x00000ab8       0x20 C:\Users\augus\Documents\MCUXpressoIDE_11.2.0_4120\workspace\TP3_DSP\libs\libarm_cortexM4lf_math.a(arm_rfft_init_q15.o)
 .debug_aranges
                0x00000ad8       0x20 C:\Users\augus\Documents\MCUXpressoIDE_11.2.0_4120\workspace\TP3_DSP\libs\libarm_cortexM4lf_math.a(arm_cmplx_mag_q15.o)
 .debug_aranges
                0x00000af8       0x20 C:\Users\augus\Documents\MCUXpressoIDE_11.2.0_4120\workspace\TP3_DSP\libs\libarm_cortexM4lf_math.a(arm_sqrt_q15.o)
 .debug_aranges
                0x00000b18       0x20 C:\Users\augus\Documents\MCUXpressoIDE_11.2.0_4120\workspace\TP3_DSP\libs\libarm_cortexM4lf_math.a(arm_mult_q15.o)
 .debug_aranges
                0x00000b38       0x18 C:\Users\augus\Documents\MCUXpressoIDE_11.2.0_4120\workspace\TP3_DSP\libs\libarm_cortexM4lf_math.a(arm_const_structs.o)
 .debug_aranges
                0x00000b50       0x18 C:\Users\augus\Documents\MCUXpressoIDE_11.2.0_4120\workspace\TP3_DSP\libs\libarm_cortexM4lf_math.a(arm_common_tables.o)
 .debug_aranges
                0x00000b68       0x30 C:\Users\augus\Documents\MCUXpressoIDE_11.2.0_4120\workspace\TP3_DSP\libs\libarm_cortexM4lf_math.a(arm_cfft_q15.o)
 .debug_aranges
                0x00000b98       0x30 C:\Users\augus\Documents\MCUXpressoIDE_11.2.0_4120\workspace\TP3_DSP\libs\libarm_cortexM4lf_math.a(arm_cfft_radix4_q15.o)
 .debug_aranges
                0x00000bc8       0x28 C:\Users\augus\Documents\MCUXpressoIDE_11.2.0_4120\workspace\TP3_DSP\libs\libarm_cortexM4lf_math.a(arm_bitreversal2.o)

.debug_ranges   0x00000000     0x1258
 .debug_ranges  0x00000000      0x320 ./startup/startup_mk64f12.o
 .debug_ranges  0x00000320       0x48 ./source/TP3_DSP.o
 .debug_ranges  0x00000368       0x10 ./source/semihost_hardfault.o
 .debug_ranges  0x00000378      0x1e8 ./drivers/fsl_clock.o
 .debug_ranges  0x00000560       0x30 ./drivers/fsl_gpio.o
 .debug_ranges  0x00000590      0x170 ./drivers/fsl_i2c.o
 .debug_ranges  0x00000700      0x170 ./drivers/fsl_uart.o
 .debug_ranges  0x00000870       0x20 ./device/system_MK64F12.o
 .debug_ranges  0x00000890       0x18 ./board/board.o
 .debug_ranges  0x000008a8       0x70 ./board/clock_config.o
 .debug_ranges  0x00000918       0x40 ./board/peripherals.o
 .debug_ranges  0x00000958       0x70 ./board/pin_mux.o
 .debug_ranges  0x000009c8       0xc8 C:\Users\augus\Documents\MCUXpressoIDE_11.2.0_4120\workspace\TP3_DSP\libs\libarm_cortexM4lf_math.a(arm_rfft_q15.o)
 .debug_ranges  0x00000a90       0x10 C:\Users\augus\Documents\MCUXpressoIDE_11.2.0_4120\workspace\TP3_DSP\libs\libarm_cortexM4lf_math.a(arm_rfft_init_q15.o)
 .debug_ranges  0x00000aa0       0x10 C:\Users\augus\Documents\MCUXpressoIDE_11.2.0_4120\workspace\TP3_DSP\libs\libarm_cortexM4lf_math.a(arm_cmplx_mag_q15.o)
 .debug_ranges  0x00000ab0       0x10 C:\Users\augus\Documents\MCUXpressoIDE_11.2.0_4120\workspace\TP3_DSP\libs\libarm_cortexM4lf_math.a(arm_sqrt_q15.o)
 .debug_ranges  0x00000ac0      0x120 C:\Users\augus\Documents\MCUXpressoIDE_11.2.0_4120\workspace\TP3_DSP\libs\libarm_cortexM4lf_math.a(arm_mult_q15.o)
 .debug_ranges  0x00000be0      0x120 C:\Users\augus\Documents\MCUXpressoIDE_11.2.0_4120\workspace\TP3_DSP\libs\libarm_cortexM4lf_math.a(arm_cfft_q15.o)
 .debug_ranges  0x00000d00      0x540 C:\Users\augus\Documents\MCUXpressoIDE_11.2.0_4120\workspace\TP3_DSP\libs\libarm_cortexM4lf_math.a(arm_cfft_radix4_q15.o)
 .debug_ranges  0x00001240       0x18 C:\Users\augus\Documents\MCUXpressoIDE_11.2.0_4120\workspace\TP3_DSP\libs\libarm_cortexM4lf_math.a(arm_bitreversal2.o)

.debug_macro    0x00000000     0x15f1
 .debug_macro   0x00000000       0x29 ./startup/startup_mk64f12.o
 .debug_macro   0x00000029      0x1d4 ./source/TP3_DSP.o
 .debug_macro   0x000001fd       0xd8 ./source/TP3_DSP.o
 .debug_macro   0x000002d5       0x22 ./source/TP3_DSP.o
 .debug_macro   0x000002f7       0x16 ./source/TP3_DSP.o
 .debug_macro   0x0000030d       0x16 ./source/TP3_DSP.o
 .debug_macro   0x00000323       0x16 ./source/TP3_DSP.o
 .debug_macro   0x00000339      0x1a4 ./source/TP3_DSP.o
 .debug_macro   0x000004dd       0x16 ./source/TP3_DSP.o
 .debug_macro   0x000004f3       0x58 ./source/TP3_DSP.o
 .debug_macro   0x0000054b      0x2c9 ./source/TP3_DSP.o
 .debug_macro   0x00000814       0x2e ./source/TP3_DSP.o
 .debug_macro   0x00000842       0xc4 ./source/TP3_DSP.o
 .debug_macro   0x00000906      0x16f ./source/TP3_DSP.o
 .debug_macro   0x00000a75       0xc8 ./source/TP3_DSP.o
 .debug_macro   0x00000b3d       0x11 ./source/semihost_hardfault.o
 .debug_macro   0x00000b4e      0x1ba ./drivers/fsl_clock.o
 .debug_macro   0x00000d08      0x103 ./drivers/fsl_gpio.o
 .debug_macro   0x00000e0b       0x10 ./drivers/fsl_gpio.o
 .debug_macro   0x00000e1b      0x103 ./drivers/fsl_i2c.o
 .debug_macro   0x00000f1e       0x1c ./drivers/fsl_i2c.o
 .debug_macro   0x00000f3a      0x109 ./drivers/fsl_uart.o
 .debug_macro   0x00001043       0x10 ./drivers/fsl_uart.o
 .debug_macro   0x00001053       0x98 ./device/system_MK64F12.o
 .debug_macro   0x000010eb      0x16c ./board/board.o
 .debug_macro   0x00001257       0x16 ./board/board.o
 .debug_macro   0x0000126d      0x15f ./board/clock_config.o
 .debug_macro   0x000013cc      0x11c ./board/peripherals.o
 .debug_macro   0x000014e8      0x109 ./board/pin_mux.o

.debug_line     0x00000000     0xbb47
 .debug_line    0x00000000      0x90e ./startup/startup_mk64f12.o
 .debug_line    0x0000090e      0x7e3 ./source/TP3_DSP.o
 .debug_line    0x000010f1       0x59 ./source/semihost_hardfault.o
 .debug_line    0x0000114a     0x14ba ./drivers/fsl_clock.o
 .debug_line    0x00002604      0x3e6 ./drivers/fsl_gpio.o
 .debug_line    0x000029ea     0x13ed ./drivers/fsl_i2c.o
 .debug_line    0x00003dd7     0x1334 ./drivers/fsl_uart.o
 .debug_line    0x0000510b      0x3ea ./device/system_MK64F12.o
 .debug_line    0x000054f5      0x4ee ./board/board.o
 .debug_line    0x000059e3      0x51a ./board/clock_config.o
 .debug_line    0x00005efd      0x446 ./board/peripherals.o
 .debug_line    0x00006343      0x630 ./board/pin_mux.o
 .debug_line    0x00006973      0xa15 C:\Users\augus\Documents\MCUXpressoIDE_11.2.0_4120\workspace\TP3_DSP\libs\libarm_cortexM4lf_math.a(arm_rfft_q15.o)
 .debug_line    0x00007388      0x412 C:\Users\augus\Documents\MCUXpressoIDE_11.2.0_4120\workspace\TP3_DSP\libs\libarm_cortexM4lf_math.a(arm_rfft_init_q15.o)
 .debug_line    0x0000779a      0x3dd C:\Users\augus\Documents\MCUXpressoIDE_11.2.0_4120\workspace\TP3_DSP\libs\libarm_cortexM4lf_math.a(arm_cmplx_mag_q15.o)
 .debug_line    0x00007b77      0x3b5 C:\Users\augus\Documents\MCUXpressoIDE_11.2.0_4120\workspace\TP3_DSP\libs\libarm_cortexM4lf_math.a(arm_sqrt_q15.o)
 .debug_line    0x00007f2c      0x3c7 C:\Users\augus\Documents\MCUXpressoIDE_11.2.0_4120\workspace\TP3_DSP\libs\libarm_cortexM4lf_math.a(arm_mult_q15.o)
 .debug_line    0x000082f3      0x25a C:\Users\augus\Documents\MCUXpressoIDE_11.2.0_4120\workspace\TP3_DSP\libs\libarm_cortexM4lf_math.a(arm_const_structs.o)
 .debug_line    0x0000854d      0x243 C:\Users\augus\Documents\MCUXpressoIDE_11.2.0_4120\workspace\TP3_DSP\libs\libarm_cortexM4lf_math.a(arm_common_tables.o)
 .debug_line    0x00008790      0x7f4 C:\Users\augus\Documents\MCUXpressoIDE_11.2.0_4120\workspace\TP3_DSP\libs\libarm_cortexM4lf_math.a(arm_cfft_q15.o)
 .debug_line    0x00008f84     0x2870 C:\Users\augus\Documents\MCUXpressoIDE_11.2.0_4120\workspace\TP3_DSP\libs\libarm_cortexM4lf_math.a(arm_cfft_radix4_q15.o)
 .debug_line    0x0000b7f4      0x353 C:\Users\augus\Documents\MCUXpressoIDE_11.2.0_4120\workspace\TP3_DSP\libs\libarm_cortexM4lf_math.a(arm_bitreversal2.o)

.debug_str      0x00000000    0x83967
 .debug_str     0x00000000     0x36b4 ./startup/startup_mk64f12.o
                               0x3775 (size before relaxing)
 .debug_str     0x000036b4    0x7a391 ./source/TP3_DSP.o
                              0x7d42f (size before relaxing)
 .debug_str     0x0007da45       0x1f ./source/semihost_hardfault.o
                               0x2f06 (size before relaxing)
 .debug_str     0x0007da64     0x1b26 ./drivers/fsl_clock.o
                              0x7b977 (size before relaxing)
 .debug_str     0x0007f58a      0x192 ./drivers/fsl_gpio.o
                              0x79c8d (size before relaxing)
 .debug_str     0x0007f71c     0x11a6 ./drivers/fsl_i2c.o
                              0x7b085 (size before relaxing)
 .debug_str     0x000808c2      0xbc5 ./drivers/fsl_uart.o
                              0x7b1eb (size before relaxing)
 .debug_str     0x00081487      0x117 ./device/system_MK64F12.o
                              0x783b7 (size before relaxing)
 .debug_str     0x0008159e       0xc4 ./board/board.o
                              0x7ad63 (size before relaxing)
 .debug_str     0x00081662      0x455 ./board/clock_config.o
                              0x7a485 (size before relaxing)
 .debug_str     0x00081ab7       0x68 ./board/peripherals.o
                              0x7a93d (size before relaxing)
 .debug_str     0x00081b1f      0x664 ./board/pin_mux.o
                              0x7a9fb (size before relaxing)
 .debug_str     0x00082183      0x69c C:\Users\augus\Documents\MCUXpressoIDE_11.2.0_4120\workspace\TP3_DSP\libs\libarm_cortexM4lf_math.a(arm_rfft_q15.o)
                                0x850 (size before relaxing)
 .debug_str     0x0008281f      0xa3b C:\Users\augus\Documents\MCUXpressoIDE_11.2.0_4120\workspace\TP3_DSP\libs\libarm_cortexM4lf_math.a(arm_rfft_init_q15.o)
                               0x1152 (size before relaxing)
 .debug_str     0x0008325a       0x74 C:\Users\augus\Documents\MCUXpressoIDE_11.2.0_4120\workspace\TP3_DSP\libs\libarm_cortexM4lf_math.a(arm_cmplx_mag_q15.o)
                                0x6d3 (size before relaxing)
 .debug_str     0x000832ce       0x8a C:\Users\augus\Documents\MCUXpressoIDE_11.2.0_4120\workspace\TP3_DSP\libs\libarm_cortexM4lf_math.a(arm_sqrt_q15.o)
                                0xe4b (size before relaxing)
 .debug_str     0x00083358       0x9b C:\Users\augus\Documents\MCUXpressoIDE_11.2.0_4120\workspace\TP3_DSP\libs\libarm_cortexM4lf_math.a(arm_mult_q15.o)
                                0x70a (size before relaxing)
 .debug_str     0x000833f3      0x2ff C:\Users\augus\Documents\MCUXpressoIDE_11.2.0_4120\workspace\TP3_DSP\libs\libarm_cortexM4lf_math.a(arm_const_structs.o)
                               0x135c (size before relaxing)
 .debug_str     0x000836f2       0x2e C:\Users\augus\Documents\MCUXpressoIDE_11.2.0_4120\workspace\TP3_DSP\libs\libarm_cortexM4lf_math.a(arm_common_tables.o)
                                0xd1d (size before relaxing)
 .debug_str     0x00083720       0xda C:\Users\augus\Documents\MCUXpressoIDE_11.2.0_4120\workspace\TP3_DSP\libs\libarm_cortexM4lf_math.a(arm_cfft_q15.o)
                                0x802 (size before relaxing)
 .debug_str     0x000837fa      0x112 C:\Users\augus\Documents\MCUXpressoIDE_11.2.0_4120\workspace\TP3_DSP\libs\libarm_cortexM4lf_math.a(arm_cfft_radix4_q15.o)
                                0x860 (size before relaxing)
 .debug_str     0x0008390c       0x5b C:\Users\augus\Documents\MCUXpressoIDE_11.2.0_4120\workspace\TP3_DSP\libs\libarm_cortexM4lf_math.a(arm_bitreversal2.o)
                                0xd76 (size before relaxing)

.comment        0x00000000       0xee
 .comment       0x00000000       0x79 ./startup/startup_mk64f12.o
                                 0x7a (size before relaxing)
 .comment       0x00000079       0x7a ./source/TP3_DSP.o
 .comment       0x00000079       0x7a ./source/semihost_hardfault.o
 .comment       0x00000079       0x7a ./drivers/fsl_clock.o
 .comment       0x00000079       0x7a ./drivers/fsl_gpio.o
 .comment       0x00000079       0x7a ./drivers/fsl_i2c.o
 .comment       0x00000079       0x7a ./drivers/fsl_uart.o
 .comment       0x00000079       0x7a ./device/system_MK64F12.o
 .comment       0x00000079       0x7a ./board/board.o
 .comment       0x00000079       0x7a ./board/clock_config.o
 .comment       0x00000079       0x7a ./board/peripherals.o
 .comment       0x00000079       0x7a ./board/pin_mux.o
 .comment       0x00000079       0x75 C:\Users\augus\Documents\MCUXpressoIDE_11.2.0_4120\workspace\TP3_DSP\libs\libarm_cortexM4lf_math.a(arm_rfft_q15.o)
                                 0x76 (size before relaxing)
 .comment       0x000000ee       0x76 C:\Users\augus\Documents\MCUXpressoIDE_11.2.0_4120\workspace\TP3_DSP\libs\libarm_cortexM4lf_math.a(arm_rfft_init_q15.o)
 .comment       0x000000ee       0x76 C:\Users\augus\Documents\MCUXpressoIDE_11.2.0_4120\workspace\TP3_DSP\libs\libarm_cortexM4lf_math.a(arm_cmplx_mag_q15.o)
 .comment       0x000000ee       0x76 C:\Users\augus\Documents\MCUXpressoIDE_11.2.0_4120\workspace\TP3_DSP\libs\libarm_cortexM4lf_math.a(arm_sqrt_q15.o)
 .comment       0x000000ee       0x76 C:\Users\augus\Documents\MCUXpressoIDE_11.2.0_4120\workspace\TP3_DSP\libs\libarm_cortexM4lf_math.a(arm_mult_q15.o)
 .comment       0x000000ee       0x76 C:\Users\augus\Documents\MCUXpressoIDE_11.2.0_4120\workspace\TP3_DSP\libs\libarm_cortexM4lf_math.a(arm_const_structs.o)
 .comment       0x000000ee       0x76 C:\Users\augus\Documents\MCUXpressoIDE_11.2.0_4120\workspace\TP3_DSP\libs\libarm_cortexM4lf_math.a(arm_common_tables.o)
 .comment       0x000000ee       0x76 C:\Users\augus\Documents\MCUXpressoIDE_11.2.0_4120\workspace\TP3_DSP\libs\libarm_cortexM4lf_math.a(arm_cfft_q15.o)
 .comment       0x000000ee       0x76 C:\Users\augus\Documents\MCUXpressoIDE_11.2.0_4120\workspace\TP3_DSP\libs\libarm_cortexM4lf_math.a(arm_cfft_radix4_q15.o)
 .comment       0x000000ee       0x76 C:\Users\augus\Documents\MCUXpressoIDE_11.2.0_4120\workspace\TP3_DSP\libs\libarm_cortexM4lf_math.a(arm_bitreversal2.o)
 .comment       0x000000ee       0x7a c:/nxp/mcuxpressoide_11.2.0_4120/ide/plugins/com.nxp.mcuxpresso.tools.win32_11.2.0.202001021529/tools/bin/../lib/gcc/arm-none-eabi/9.2.1/../../../../arm-none-eabi/lib/thumb/v7e-m+fp/hard\libcr_semihost_nf.a(_cr__main.o)
 .comment       0x000000ee       0x7a c:/nxp/mcuxpressoide_11.2.0_4120/ide/plugins/com.nxp.mcuxpresso.tools.win32_11.2.0.202001021529/tools/bin/../lib/gcc/arm-none-eabi/9.2.1/../../../../arm-none-eabi/lib/thumb/v7e-m+fp/hard\libcr_semihost_nf.a(_cr_assert.o)