core_cm4.h:1679:22:__NVIC_EnableIRQ	16	static
core_cm4.h:1809:22:__NVIC_SetPriority	16	static
fsl_common.h:552:28:DisableGlobalIRQ	16	static
fsl_common.h:583:24:EnableGlobalIRQ	24	static
fsl_gpio.h:162:20:GPIO_PinWrite	32	static
fsl_gpio.h:223:24:GPIO_PinRead	16	static
fsl_port.h:416:20:PORT_SetPinInterruptConfig	24	static
gpio_adapter.c:63:13:HAL_GpioInterruptHandle	32	static
gpio_adapter.c:117:26:HAL_GpioConflictSearch	16	static
gpio_adapter.c:130:26:HAL_GpioAddItem	32	static
gpio_adapter.c:162:26:HAL_GpioRemoveItem	32	static
gpio_adapter.c:265:6:PORTB_IRQHandler	8	static
gpio_adapter.c:283:6:PORTB_PORTC_IRQHandler	8	static
gpio_adapter.c:295:6:PORTB_PORTC_PORTD_PORTE_IRQHandler	8	static
gpio_adapter.c:309:6:PORTC_PORTD_IRQHandler	8	static
gpio_adapter.c:321:6:PORTD_IRQHandler	8	static
gpio_adapter.c:330:6:PORTE_IRQHandler	8	static
gpio_adapter.c:348:19:HAL_GpioInit	24	static
gpio_adapter.c:391:19:HAL_GpioDeinit	24	static
gpio_adapter.c:406:19:HAL_GpioGetInput	24	static
gpio_adapter.c:419:19:HAL_GpioSetOutput	24	static
gpio_adapter.c:431:19:HAL_GpioInstallCallback	32	static
gpio_adapter.c:447:19:HAL_GpioGetTriggerMode	24	static
gpio_adapter.c:464:19:HAL_GpioSetTriggerMode	64	static
gpio_adapter.c:545:19:HAL_GpioWakeUpSetting	24	static
gpio_adapter.c:565:19:HAL_GpioEnterLowpower	16	static
gpio_adapter.c:572:19:HAL_GpioExitLowpower	24	static
