fsl_clock.h:668:20:CLOCK_EnableClock	24	static
fsl_clock.h:679:20:CLOCK_DisableClock	24	static
fsl_ftm.h:833:20:FTM_SetDeadTimeEnable	16	static
fsl_ftm.h:852:20:FTM_SetComplementaryEnable	16	static
fsl_ftm.c:66:17:FTM_GetInstance	24	static
fsl_ftm.c:85:13:FTM_SetPwmSync	32	static
fsl_ftm.c:145:13:FTM_SetReloadPoints	32	static
fsl_ftm.c:221:10:FTM_Init	24	static
fsl_ftm.c:299:6:FTM_Deinit	16	static
fsl_ftm.c:330:6:FTM_GetDefaultConfig	16	static
fsl_ftm.c:379:10:FTM_SetupPwm	48	static
fsl_ftm.c:565:6:FTM_UpdatePwmDutycycle	32	static
fsl_ftm.c:613:6:FTM_UpdateChnlEdgeLevelSelect	24	static
fsl_ftm.c:640:10:FTM_SetupPwmMode	32	static
fsl_ftm.c:760:6:FTM_SetupInputCapture	32	static
fsl_ftm.c:809:6:FTM_SetupOutputCompare	32	static
fsl_ftm.c:856:6:FTM_SetupDualEdgeCapture	32	static
fsl_ftm.c:907:6:FTM_SetupQuadDecode	32	static
fsl_ftm.c:957:6:FTM_SetupFault	24	static
fsl_ftm.c:1002:6:FTM_EnableInterrupts	24	static
fsl_ftm.c:1046:6:FTM_DisableInterrupts	24	static
fsl_ftm.c:1090:10:FTM_GetEnabledInterrupts	24	static
fsl_ftm.c:1138:10:FTM_GetStatusFlags	24	static
fsl_ftm.c:1178:6:FTM_ClearStatusFlags	16	static
