fsl_gpio.h:182:20:GPIO_PortSet	16	static
fsl_gpio.h:193:20:GPIO_PortClear	16	static
fsl_pit.h:220:20:PIT_ClearStatusFlags	24	static
fsl_pit.h:246:20:PIT_SetTimerPeriod	24	static
fsl_pit.h:286:20:PIT_StartTimer	16	static
fsl_pit.h:300:20:PIT_StopTimer	16	static
fsl_uart.h:544:20:UART_WriteByte	16	static
TP2_DSP.c:67:6:enviarDatos	8	static
TP2_DSP.c:81:6:mostrarRate	8	static
TP2_DSP.c:112:6:PORTC_IRQHandler	8	static
TP2_DSP.c:129:6:PORTA_IRQHandler	8	static
TP2_DSP.c:139:6:PIT0_IRQHandler	8	static
TP2_DSP.c:151:5:main	16	static
