core_cm4.h:1679:22:__NVIC_EnableIRQ	16	static
core_cm4.h:1809:22:__NVIC_SetPriority	16	static
fsl_common.h:484:28:EnableIRQ	16	static
fsl_ftm.h:637:20:FTM_SetTimerPeriod	16	static
fsl_ftm.h:654:24:FTM_GetCurrentTimerCount	16	static
fsl_ftm.h:671:20:FTM_StartTimer	24	static
fsl_ftm.h:685:20:FTM_StopTimer	16	static
ftm_adapter.c:41:13:HAL_TimerInterruptHandle	24	static
ftm_adapter.c:53:6:FTM0_IRQHandler	8	static
ftm_adapter.c:60:6:FTM1_IRQHandler	8	static
ftm_adapter.c:67:6:FTM2_IRQHandler	8	static
ftm_adapter.c:78:20:HAL_TimerInit	72	static
ftm_adapter.c:118:6:HAL_TimerDeinit	24	static
ftm_adapter.c:126:6:HAL_TimerEnable	24	static
ftm_adapter.c:134:6:HAL_TimerDisable	24	static
ftm_adapter.c:143:6:HAL_TimerInstallCallback	32	static
ftm_adapter.c:151:10:HAL_TimerGetMaxTimeout	40	static
ftm_adapter.c:164:10:HAL_TimerGetCurrentTimerCount	40	static
ftm_adapter.c:171:20:HAL_TimerUpdateTimeout	32	static
ftm_adapter.c:184:6:HAL_TimerExitLowpower	16	static
ftm_adapter.c:189:6:HAL_TimerEnterLowpower	16	static
