fsl_common.h:552:28:DisableGlobalIRQ	16	static
fsl_common.h:583:24:EnableGlobalIRQ	24	static
timer_manager.c:167:16:TimerGetTimerStatus	24	static
timer_manager.c:178:13:TimerSetTimerStatus	24	static
timer_manager.c:190:16:TimerGetTimerType	24	static
timer_manager.c:201:13:TimerSetTimerType	24	static
timer_manager.c:213:13:TimerMarkTimerFree	24	static
timer_manager.c:223:13:NotifyTimersTask	8	static
timer_manager.c:241:13:TimersUpdate	40	static
timer_manager.c:281:13:TimersUpdateSyncTask	16	static
timer_manager.c:291:13:HAL_TIMER_Callback	16	static
timer_manager.c:300:13:TimerManagerTask	48	static
timer_manager.c:415:13:TimerEnable	24	static
timer_manager.c:442:16:TM_Init	40	static
timer_manager.c:487:6:TM_Deinit	8	static
timer_manager.c:503:6:TM_ExitLowpower	8	static
timer_manager.c:514:6:TM_EnterLowpower	8	static
timer_manager.c:525:10:TM_GetTimestamp	4	static
timer_manager.c:542:16:TM_Open	24	static
timer_manager.c:561:16:TM_Close	24	static
timer_manager.c:584:9:TM_AreAllTimersOff	4	static
timer_manager.c:596:9:TM_IsTimerActive	16	static
timer_manager.c:609:9:TM_IsTimerReady	16	static
timer_manager.c:625:16:TM_InstallCallback	32	static
timer_manager.c:646:16:TM_Start	56	static
timer_manager.c:687:16:TM_Stop	32	static
timer_manager.c:727:10:TM_GetRemainingTime	32	static
timer_manager.c:743:10:TM_GetFirstExpireTime	40	static
timer_manager.c:775:16:TM_GetFirstTimerWithParam	32	static
timer_manager.c:799:10:TM_NotCountedTimeBeforeSleep	16	static
timer_manager.c:828:6:TM_SyncLpmTimers	16	static
timer_manager.c:846:6:TM_MakeTimerTaskReady	8	static
