C:\Users\augus\Documents\MCUXpressoIDE_11.4.0_6224\workspace\DSP_TPF\CMSIS/core_cm4.h:1679:22:__NVIC_EnableIRQ	16	static
../drivers/fsl_clock.h:668:20:CLOCK_EnableClock	24	static
../drivers/fsl_clock.h:679:20:CLOCK_DisableClock	24	static
../drivers/fsl_common_arm.h:488:24:EnableIRQ	24	static
../drivers/fsl_common_arm.h:568:24:DisableGlobalIRQ	16	static
../drivers/fsl_common_arm.h:595:20:EnableGlobalIRQ	24	static
../drivers/fsl_edma.c:61:17:EDMA_GetInstance	24	static
../drivers/fsl_edma.c:86:6:EDMA_InstallTCD	24	static
../drivers/fsl_edma.c:118:6:EDMA_Init	24	static
../drivers/fsl_edma.c:148:6:EDMA_Deinit	16	static
../drivers/fsl_edma.c:170:6:EDMA_GetDefaultConfig	16	static
../drivers/fsl_edma.c:194:6:EDMA_ResetChannel	16	static
../drivers/fsl_edma.c:226:6:EDMA_SetTransferConfig	24	static
../drivers/fsl_edma.c:245:6:EDMA_SetMinorOffsetConfig	32	static
../drivers/fsl_edma.c:270:6:EDMA_SetMajorOffsetConfig	24	static
../drivers/fsl_edma.c:287:6:EDMA_SetChannelPreemptionConfig	32	static
../drivers/fsl_edma.c:318:6:EDMA_SetChannelLink	24	static
../drivers/fsl_edma.c:340:6:EDMA_SetBandWidth	24	static
../drivers/fsl_edma.c:359:6:EDMA_SetModulo	32	static
../drivers/fsl_edma.c:377:6:EDMA_EnableChannelInterrupts	24	static
../drivers/fsl_edma.c:408:6:EDMA_DisableChannelInterrupts	24	static
../drivers/fsl_edma.c:439:6:EDMA_TcdReset	16	static
../drivers/fsl_edma.c:486:6:EDMA_TcdSetTransferConfig	24	static
../drivers/fsl_edma.c:537:6:EDMA_TcdSetMinorOffsetConfig	24	static
../drivers/fsl_edma.c:561:6:EDMA_TcdSetMajorOffsetConfig	24	static
../drivers/fsl_edma.c:585:6:EDMA_TcdSetChannelLink	32	static
../drivers/fsl_edma.c:635:6:EDMA_TcdSetModulo	24	static
../drivers/fsl_edma.c:653:6:EDMA_TcdEnableInterrupts	16	static
../drivers/fsl_edma.c:677:6:EDMA_TcdDisableInterrupts	16	static
../drivers/fsl_edma.c:715:10:EDMA_GetRemainingMajorLoopCount	24	static
../drivers/fsl_edma.c:751:10:EDMA_GetChannelStatusFlags	24	static
../drivers/fsl_edma.c:775:6:EDMA_ClearChannelStatusFlags	24	static
../drivers/fsl_edma.c:796:17:EDMA_GetInstanceOffset	16	static
../drivers/fsl_edma.c:826:6:EDMA_CreateHandle	40	static
../drivers/fsl_edma.c:880:6:EDMA_InstallTCDMemory	24	static
../drivers/fsl_edma.c:912:6:EDMA_SetCallback	24	static
../drivers/fsl_edma.c:920:29:EDMA_TransferWidthMapping	24	static
../drivers/fsl_edma.c:982:6:EDMA_PrepareTransferConfig	24	static
../drivers/fsl_edma.c:1031:6:EDMA_PrepareTransfer	56	static
../drivers/fsl_edma.c:1085:10:EDMA_SubmitTransfer	40	static
../drivers/fsl_edma.c:1246:6:EDMA_StartTransfer	32	static
../drivers/fsl_edma.c:1293:6:EDMA_StopTransfer	16	static
../drivers/fsl_edma.c:1309:6:EDMA_AbortTransfer	16	static
../drivers/fsl_edma.c:1362:6:EDMA_HandleIRQ	48	static
../drivers/fsl_edma.c:2567:6:DMA0_DriverIRQHandler	8	static
../drivers/fsl_edma.c:2574:6:DMA1_DriverIRQHandler	8	static
../drivers/fsl_edma.c:2581:6:DMA2_DriverIRQHandler	8	static
../drivers/fsl_edma.c:2588:6:DMA3_DriverIRQHandler	8	static
../drivers/fsl_edma.c:2598:6:DMA4_DriverIRQHandler	8	static
../drivers/fsl_edma.c:2605:6:DMA5_DriverIRQHandler	8	static
../drivers/fsl_edma.c:2612:6:DMA6_DriverIRQHandler	8	static
../drivers/fsl_edma.c:2619:6:DMA7_DriverIRQHandler	8	static
../drivers/fsl_edma.c:2630:6:DMA8_DriverIRQHandler	8	static
../drivers/fsl_edma.c:2637:6:DMA9_DriverIRQHandler	8	static
../drivers/fsl_edma.c:2644:6:DMA10_DriverIRQHandler	8	static
../drivers/fsl_edma.c:2651:6:DMA11_DriverIRQHandler	8	static
../drivers/fsl_edma.c:2658:6:DMA12_DriverIRQHandler	8	static
../drivers/fsl_edma.c:2665:6:DMA13_DriverIRQHandler	8	static
../drivers/fsl_edma.c:2672:6:DMA14_DriverIRQHandler	8	static
../drivers/fsl_edma.c:2679:6:DMA15_DriverIRQHandler	8	static
