../drivers/fsl_sai.h:1179:20:SAI_TxEnableDMA	24	static
../drivers/fsl_sai.h:1200:20:SAI_RxEnableDMA	24	static
../drivers/fsl_sai.h:1221:24:SAI_TxGetDataRegisterAddress	16	static
../drivers/fsl_sai.h:1235:24:SAI_RxGetDataRegisterAddress	16	static
../drivers/fsl_sai_edma.c:74:17:SAI_GetInstance	24	static
../drivers/fsl_sai_edma.c:92:13:SAI_TxEDMACallback	40	static
../drivers/fsl_sai_edma.c:115:13:SAI_RxEDMACallback	40	static
../drivers/fsl_sai_edma.c:150:6:SAI_TransferTxCreateHandleEDMA	32	static
../drivers/fsl_sai_edma.c:191:6:SAI_TransferRxCreateHandleEDMA	32	static
../drivers/fsl_sai_edma.c:236:6:SAI_TransferTxSetFormatEDMA	24	static
../drivers/fsl_sai_edma.c:277:6:SAI_TransferTxSetConfigEDMA	24	static
../drivers/fsl_sai_edma.c:322:6:SAI_TransferRxSetFormatEDMA	24	static
../drivers/fsl_sai_edma.c:363:6:SAI_TransferRxSetConfigEDMA	24	static
../drivers/fsl_sai_edma.c:405:10:SAI_TransferSendEDMA	88	static
../drivers/fsl_sai_edma.c:472:10:SAI_TransferReceiveEDMA	88	static
../drivers/fsl_sai_edma.c:535:6:SAI_TransferAbortSendEDMA	16	static
../drivers/fsl_sai_edma.c:575:6:SAI_TransferAbortReceiveEDMA	16	static
../drivers/fsl_sai_edma.c:615:6:SAI_TransferTerminateSendEDMA	16	static
../drivers/fsl_sai_edma.c:640:6:SAI_TransferTerminateReceiveEDMA	16	static
../drivers/fsl_sai_edma.c:665:10:SAI_TransferGetSendCountEDMA	40	static
../drivers/fsl_sai_edma.c:694:10:SAI_TransferGetReceiveCountEDMA	40	static
../drivers/fsl_sai_edma.c:725:10:SAI_TransferGetValidTransferSlotsEDMA	24	static
