C:\Users\augus\Documents\MCUXpressoIDE_11.4.0_6224\workspace\DSP_TPF\CMSIS/core_cm4.h:1679:22:__NVIC_EnableIRQ	16	static
../drivers/fsl_clock.h:668:20:CLOCK_EnableClock	24	static
../drivers/fsl_clock.h:679:20:CLOCK_DisableClock	24	static
../drivers/fsl_common_arm.h:488:24:EnableIRQ	24	static
../drivers/fsl_i2c.h:385:20:I2C_Enable	16	static
../drivers/fsl_i2c.h:418:24:I2C_SlaveGetStatusFlags	16	static
../drivers/fsl_i2c.h:436:20:I2C_MasterClearStatusFlags	16	static
../drivers/fsl_i2c.h:471:20:I2C_SlaveClearStatusFlags	16	static
../drivers/fsl_i2c.c:145:10:I2C_GetInstance	24	static
../drivers/fsl_i2c.c:163:13:I2C_SetHoldTime	56	static
../drivers/fsl_i2c.c:231:17:I2C_InitTransferStateMachine	40	static
../drivers/fsl_i2c.c:309:17:I2C_CheckAndClearError	24	static
../drivers/fsl_i2c.c:333:17:I2C_MasterTransferRunStateMachine	40	static
../drivers/fsl_i2c.c:518:13:I2C_TransferCommonIRQHandler	24	static
../drivers/fsl_i2c.c:560:6:I2C_MasterInit	32	static
../drivers/fsl_i2c.c:628:6:I2C_MasterDeinit	16	static
../drivers/fsl_i2c.c:652:6:I2C_MasterGetDefaultConfig	16	static
../drivers/fsl_i2c.c:689:6:I2C_EnableInterrupts	24	static
../drivers/fsl_i2c.c:739:6:I2C_DisableInterrupts	16	static
../drivers/fsl_i2c.c:768:6:I2C_MasterSetBaudRate	56	static
../drivers/fsl_i2c.c:831:10:I2C_MasterStart	24	static
../drivers/fsl_i2c.c:879:10:I2C_MasterRepeatedStart	32	static
../drivers/fsl_i2c.c:938:10:I2C_MasterStop	24	static
../drivers/fsl_i2c.c:973:10:I2C_MasterGetStatusFlags	24	static
../drivers/fsl_i2c.c:1008:10:I2C_MasterWriteBlocking	32	static
../drivers/fsl_i2c.c:1113:10:I2C_MasterReadBlocking	32	static
../drivers/fsl_i2c.c:1231:10:I2C_MasterTransferBlocking	48	static
../drivers/fsl_i2c.c:1461:6:I2C_MasterTransferCreateHandle	32	static
../drivers/fsl_i2c.c:1502:10:I2C_MasterTransferNonBlocking	32	static
../drivers/fsl_i2c.c:1540:10:I2C_MasterTransferAbort	16	static
../drivers/fsl_i2c.c:1620:10:I2C_MasterTransferGetCount	24	static
../drivers/fsl_i2c.c:1640:6:I2C_MasterTransferHandleIRQ	40	static
../drivers/fsl_i2c.c:1711:6:I2C_SlaveInit	32	static
../drivers/fsl_i2c.c:1780:6:I2C_SlaveDeinit	16	static
../drivers/fsl_i2c.c:1803:6:I2C_SlaveGetDefaultConfig	16	static
../drivers/fsl_i2c.c:1844:10:I2C_SlaveWriteBlocking	32	static
../drivers/fsl_i2c.c:1899:10:I2C_SlaveReadBlocking	32	static
../drivers/fsl_i2c.c:1992:6:I2C_SlaveTransferCreateHandle	32	static
../drivers/fsl_i2c.c:2042:10:I2C_SlaveTransferNonBlocking	24	static
../drivers/fsl_i2c.c:2084:6:I2C_SlaveTransferAbort	16	static
../drivers/fsl_i2c.c:2110:10:I2C_SlaveTransferGetCount	24	static
../drivers/fsl_i2c.c:2138:6:I2C_SlaveTransferHandleIRQ	40	static
../drivers/fsl_i2c.c:2391:6:I2C0_DriverIRQHandler	8	static
../drivers/fsl_i2c.c:2399:6:I2C1_DriverIRQHandler	8	static
../drivers/fsl_i2c.c:2408:6:I2C2_DriverIRQHandler	8	static
