../drivers/fsl_clock.h:668:20:CLOCK_EnableClock	24	static
../drivers/fsl_clock.h:679:20:CLOCK_DisableClock	24	static
../drivers/fsl_ftm.h:866:20:FTM_SetDeadTimeEnable	16	static
../drivers/fsl_ftm.h:885:20:FTM_SetComplementaryEnable	16	static
../drivers/fsl_ftm.c:66:17:FTM_GetInstance	24	static
../drivers/fsl_ftm.c:85:13:FTM_SetPwmSync	32	static
../drivers/fsl_ftm.c:145:13:FTM_SetReloadPoints	32	static
../drivers/fsl_ftm.c:221:10:FTM_Init	24	static
../drivers/fsl_ftm.c:323:6:FTM_Deinit	16	static
../drivers/fsl_ftm.c:354:6:FTM_GetDefaultConfig	16	static
../drivers/fsl_ftm.c:403:10:FTM_SetupPwm	48	static
../drivers/fsl_ftm.c:586:6:FTM_UpdatePwmDutycycle	32	static
../drivers/fsl_ftm.c:645:6:FTM_UpdateChnlEdgeLevelSelect	24	static
../drivers/fsl_ftm.c:672:10:FTM_SetupPwmMode	40	static
../drivers/fsl_ftm.c:819:6:FTM_SetupInputCapture	32	static
../drivers/fsl_ftm.c:868:6:FTM_SetupOutputCompare	32	static
../drivers/fsl_ftm.c:915:6:FTM_SetupDualEdgeCapture	32	static
../drivers/fsl_ftm.c:966:6:FTM_SetupQuadDecode	32	static
../drivers/fsl_ftm.c:1016:6:FTM_SetupFaultInput	24	static
../drivers/fsl_ftm.c:1065:6:FTM_EnableInterrupts	24	static
../drivers/fsl_ftm.c:1121:6:FTM_DisableInterrupts	24	static
../drivers/fsl_ftm.c:1177:10:FTM_GetEnabledInterrupts	24	static
../drivers/fsl_ftm.c:1237:10:FTM_GetStatusFlags	24	static
../drivers/fsl_ftm.c:1289:6:FTM_ClearStatusFlags	16	static
