C:\Users\augus\Documents\MCUXpressoIDE_11.4.0_6224\workspace\DSP_TPF\CMSIS/core_cm4.h:1679:22:__NVIC_EnableIRQ	16	static
../drivers/fsl_clock.h:668:20:CLOCK_EnableClock	24	static
../drivers/fsl_clock.h:679:20:CLOCK_DisableClock	24	static
../drivers/fsl_common_arm.h:488:24:EnableIRQ	24	static
../drivers/fsl_sai.h:904:20:SAI_TxClearStatusFlags	16	static
../drivers/fsl_sai.h:929:20:SAI_RxClearStatusFlags	16	static
../drivers/fsl_sai.h:1107:20:SAI_TxEnableInterrupts	16	static
../drivers/fsl_sai.h:1124:20:SAI_RxEnableInterrupts	16	static
../drivers/fsl_sai.h:1141:20:SAI_TxDisableInterrupts	16	static
../drivers/fsl_sai.h:1158:20:SAI_RxDisableInterrupts	16	static
../drivers/fsl_sai.c:165:13:SAI_RxGetEnabledInterruptStatus	32	static
../drivers/fsl_sai.c:172:13:SAI_TxGetEnabledInterruptStatus	32	static
../drivers/fsl_sai.c:181:13:SAI_SetMasterClockDivider	56	static
../drivers/fsl_sai.c:259:17:SAI_GetInstance	24	static
../drivers/fsl_sai.c:277:13:SAI_WriteNonBlocking	48	static
../drivers/fsl_sai.c:310:13:SAI_ReadNonBlocking	40	static
../drivers/fsl_sai.c:340:13:SAI_GetCommonConfig	24	static
../drivers/fsl_sai.c:409:6:SAI_TxInit	24	static
../drivers/fsl_sai.c:533:6:SAI_RxInit	24	static
../drivers/fsl_sai.c:648:6:SAI_Init	16	static
../drivers/fsl_sai.c:676:6:SAI_Deinit	16	static
../drivers/fsl_sai.c:702:6:SAI_TxGetDefaultConfig	16	static
../drivers/fsl_sai.c:736:6:SAI_RxGetDefaultConfig	16	static
../drivers/fsl_sai.c:760:6:SAI_TxReset	16	static
../drivers/fsl_sai.c:783:6:SAI_RxReset	16	static
../drivers/fsl_sai.c:805:6:SAI_TxEnable	16	static
../drivers/fsl_sai.c:835:6:SAI_RxEnable	16	static
../drivers/fsl_sai.c:870:6:SAI_TxSoftwareReset	16	static
../drivers/fsl_sai.c:889:6:SAI_RxSoftwareReset	16	static
../drivers/fsl_sai.c:904:6:SAI_TxSetChannelFIFOMask	16	static
../drivers/fsl_sai.c:917:6:SAI_RxSetChannelFIFOMask	16	static
../drivers/fsl_sai.c:929:6:SAI_TxSetDataOrder	24	static
../drivers/fsl_sai.c:943:6:SAI_RxSetDataOrder	24	static
../drivers/fsl_sai.c:957:6:SAI_TxSetBitClockPolarity	24	static
../drivers/fsl_sai.c:971:6:SAI_RxSetBitClockPolarity	24	static
../drivers/fsl_sai.c:985:6:SAI_TxSetFrameSyncPolarity	24	static
../drivers/fsl_sai.c:999:6:SAI_RxSetFrameSyncPolarity	24	static
../drivers/fsl_sai.c:1048:6:SAI_TxSetBitClockRate	40	static
../drivers/fsl_sai.c:1095:6:SAI_RxSetBitClockRate	40	static
../drivers/fsl_sai.c:1140:6:SAI_TxSetBitclockConfig	32	static
../drivers/fsl_sai.c:1168:6:SAI_RxSetBitclockConfig	32	static
../drivers/fsl_sai.c:1197:6:SAI_SetMasterClockConfig	24	static
../drivers/fsl_sai.c:1232:6:SAI_TxSetFifoConfig	24	static
../drivers/fsl_sai.c:1274:6:SAI_RxSetFifoConfig	24	static
../drivers/fsl_sai.c:1312:6:SAI_TxSetFrameSyncConfig	32	static
../drivers/fsl_sai.c:1341:6:SAI_RxSetFrameSyncConfig	32	static
../drivers/fsl_sai.c:1369:6:SAI_TxSetSerialDataConfig	24	static
../drivers/fsl_sai.c:1403:6:SAI_RxSetSerialDataConfig	24	static
../drivers/fsl_sai.c:1425:6:SAI_TxSetConfig	24	static
../drivers/fsl_sai.c:1527:6:SAI_TransferTxSetConfig	24	static
../drivers/fsl_sai.c:1554:6:SAI_RxSetConfig	24	static
../drivers/fsl_sai.c:1657:6:SAI_TransferRxSetConfig	24	static
../drivers/fsl_sai.c:1685:6:SAI_GetClassicI2SConfig	24	static
../drivers/fsl_sai.c:1701:6:SAI_GetLeftJustifiedConfig	24	static
../drivers/fsl_sai.c:1723:6:SAI_GetRightJustifiedConfig	24	static
../drivers/fsl_sai.c:1760:6:SAI_GetDSPConfig	16	static
../drivers/fsl_sai.c:1793:6:SAI_GetTDMConfig	24	static
../drivers/fsl_sai.c:1836:6:SAI_TxSetFormat	40	static
../drivers/fsl_sai.c:1979:6:SAI_RxSetFormat	40	static
../drivers/fsl_sai.c:2120:6:SAI_WriteBlocking	48	static
../drivers/fsl_sai.c:2158:6:SAI_WriteMultiChannelBlocking	64	static
../drivers/fsl_sai.c:2213:6:SAI_ReadMultiChannelBlocking	64	static
../drivers/fsl_sai.c:2260:6:SAI_ReadBlocking	48	static
../drivers/fsl_sai.c:2292:6:SAI_TransferTxCreateHandle	24	static
../drivers/fsl_sai.c:2323:6:SAI_TransferRxCreateHandle	24	static
../drivers/fsl_sai.c:2359:10:SAI_TransferTxSetFormat	24	static
../drivers/fsl_sai.c:2409:10:SAI_TransferRxSetFormat	24	static
../drivers/fsl_sai.c:2458:10:SAI_TransferSendNonBlocking	24	static
../drivers/fsl_sai.c:2507:10:SAI_TransferReceiveNonBlocking	24	static
../drivers/fsl_sai.c:2550:10:SAI_TransferGetSendCount	32	static
../drivers/fsl_sai.c:2578:10:SAI_TransferGetReceiveCount	32	static
../drivers/fsl_sai.c:2606:6:SAI_TransferAbortSend	16	static
../drivers/fsl_sai.c:2636:6:SAI_TransferAbortReceive	16	static
../drivers/fsl_sai.c:2666:6:SAI_TransferTerminateSend	16	static
../drivers/fsl_sai.c:2690:6:SAI_TransferTerminateReceive	16	static
../drivers/fsl_sai.c:2711:6:SAI_TransferTxHandleIRQ	56	static
../drivers/fsl_sai.c:2788:6:SAI_TransferRxHandleIRQ	56	static
../drivers/fsl_sai.c:2860:6:I2S0_DriverIRQHandler	8	static
../drivers/fsl_sai.c:2886:6:I2S0_Tx_DriverIRQHandler	8	static
../drivers/fsl_sai.c:2894:6:I2S0_Rx_DriverIRQHandler	8	static
