C:\Users\augus\Documents\MCUXpressoIDE_11.4.0_6224\workspace\DSP_TPF\drivers/fsl_gpio.h:162:20:GPIO_PinWrite	24	static
C:\Users\augus\Documents\MCUXpressoIDE_11.4.0_6224\workspace\DSP_TPF\drivers/fsl_gpio.h:191:20:GPIO_PortSet	16	static
C:\Users\augus\Documents\MCUXpressoIDE_11.4.0_6224\workspace\DSP_TPF\drivers/fsl_gpio.h:206:20:GPIO_PortClear	16	static
C:\Users\augus\Documents\MCUXpressoIDE_11.4.0_6224\workspace\DSP_TPF\drivers/fsl_gpio.h:221:20:GPIO_PortToggle	16	static
C:\Users\augus\Documents\MCUXpressoIDE_11.4.0_6224\workspace\DSP_TPF\drivers/fsl_adc16.h:491:24:ADC16_GetChannelConversionValue	16	static
C:\Users\augus\Documents\MCUXpressoIDE_11.4.0_6224\workspace\DSP_TPF\drivers/fsl_pit.h:207:24:PIT_GetStatusFlags	16	static
C:\Users\augus\Documents\MCUXpressoIDE_11.4.0_6224\workspace\DSP_TPF\drivers/fsl_pit.h:220:20:PIT_ClearStatusFlags	24	static
C:\Users\augus\Documents\MCUXpressoIDE_11.4.0_6224\workspace\DSP_TPF\drivers/fsl_pit.h:246:20:PIT_SetTimerPeriod	24	static
C:\Users\augus\Documents\MCUXpressoIDE_11.4.0_6224\workspace\DSP_TPF\drivers/fsl_pit.h:288:20:PIT_StartTimer	16	static
../source/DSP_TPF.c:136:5:main	32	static
../source/DSP_TPF.c:191:10:single_pole_iir_filter	16	static
../source/DSP_TPF.c:197:6:cook_variables	4	static
../source/DSP_TPF.c:221:6:process_block	40	static
../source/DSP_TPF.c:294:6:I2S_RX_eDMA_callback	24	static
../source/DSP_TPF.c:316:6:I2S_TX_eDMA_callback	24	static
../source/DSP_TPF.c:332:6:debug_printf_registers	8	static
../source/DSP_TPF.c:368:6:ADC0_IRQHandler	24	static
../source/DSP_TPF.c:399:6:PIT0_IRQHandler	16	static
../source/DSP_TPF.c:427:6:PIT1_IRQHandler	16	static
../source/DSP_TPF.c:470:6:PORTC_IRQHandler	16	static
../source/DSP_TPF.c:491:6:PORTA_IRQHandler	16	static
