../source/sgtl5000.c:21:10:sgtl5000_read_register	48	static
../source/sgtl5000.c:41:6:sgtl5000_write_register	48	static
../source/sgtl5000.c:65:6:sgtl5000_modify_register	32	static
../source/sgtl5000.c:87:6:sgtl5000_power_up	8	static
../source/sgtl5000.c:151:6:sgtl5000_clk_setup	8	static
../source/sgtl5000.c:158:6:sgtl5000_IO_routing	8	static
../source/sgtl5000.c:213:6:sgtl5000_dap_setup	4	static
../source/sgtl5000.c:231:6:sgtl5000_i2s_setup	8	static
../source/sgtl5000.c:239:6:sgtl5000_volume_setup	16	static
../source/sgtl5000.c:283:6:sgtl5000_RW_test	16	static
../source/sgtl5000.c:329:6:sgtl5000_init_Line_in_AVC_HP_out_32K	16	static
../source/sgtl5000.c:438:6:sgtl5000_init_Line_in_HP_out_32K	16	static
../source/sgtl5000.c:540:6:sgtl5000_init_MIC_in_AVC_HP_Line_out_32K	16	static
../source/sgtl5000.c:667:6:sgtl5000_init_Line_in_AVC_Line_out_32K	16	static
