../source/sgtl5000.c:20:10:sgtl5000_read_register	48	static
../source/sgtl5000.c:40:6:sgtl5000_write_register	48	static
../source/sgtl5000.c:64:6:sgtl5000_modify_register	32	static
../source/sgtl5000.c:86:6:sgtl5000_power_up	8	static
../source/sgtl5000.c:150:6:sgtl5000_clk_setup	8	static
../source/sgtl5000.c:157:6:sgtl5000_IO_routing	8	static
../source/sgtl5000.c:212:6:sgtl5000_dap_setup	4	static
../source/sgtl5000.c:230:6:sgtl5000_i2s_setup	8	static
../source/sgtl5000.c:238:6:sgtl5000_volume_setup	16	static
../source/sgtl5000.c:282:6:sgtl5000_RW_test	16	static
../source/sgtl5000.c:328:6:sgtl5000_init_Line_in_AVC_HP_out_32K	16	static
../source/sgtl5000.c:437:6:sgtl5000_init_Line_in_HP_out_32K	16	static
