Archive member included to satisfy reference by file (symbol)

c:/nxp/mcuxpressoide_11.4.0_6224/ide/plugins/com.nxp.mcuxpresso.tools.win32_11.4.0.202103011116/tools/bin/../lib/gcc/arm-none-eabi/10.2.1/../../../../arm-none-eabi/lib/thumb/v7e-m+fp/hard\libcr_semihost_nf.a(_cr__main.o)
                              ./startup/startup_mk64f12.o (__main)
c:/nxp/mcuxpressoide_11.4.0_6224/ide/plugins/com.nxp.mcuxpresso.tools.win32_11.4.0.202103011116/tools/bin/../lib/gcc/arm-none-eabi/10.2.1/../../../../arm-none-eabi/lib/thumb/v7e-m+fp/hard\libcr_semihost_nf.a(_cr_assert.o)
                              ./source/DSP_TPF.o (__assertion_failed)
c:/nxp/mcuxpressoide_11.4.0_6224/ide/plugins/com.nxp.mcuxpresso.tools.win32_11.4.0.202103011116/tools/bin/../lib/gcc/arm-none-eabi/10.2.1/../../../../arm-none-eabi/lib/thumb/v7e-m+fp/hard\libcr_semihost_nf.a(__ciob.o)
                              c:/nxp/mcuxpressoide_11.4.0_6224/ide/plugins/com.nxp.mcuxpresso.tools.win32_11.4.0.202103011116/tools/bin/../lib/gcc/arm-none-eabi/10.2.1/../../../../arm-none-eabi/lib/thumb/v7e-m+fp/hard\libcr_semihost_nf.a(_cr_assert.o) (__Ciob)
c:/nxp/mcuxpressoide_11.4.0_6224/ide/plugins/com.nxp.mcuxpresso.tools.win32_11.4.0.202103011116/tools/bin/../lib/gcc/arm-none-eabi/10.2.1/../../../../arm-none-eabi/lib/thumb/v7e-m+fp/hard\libcr_semihost_nf.a(__sys_appexit.o)
                              c:/nxp/mcuxpressoide_11.4.0_6224/ide/plugins/com.nxp.mcuxpresso.tools.win32_11.4.0.202103011116/tools/bin/../lib/gcc/arm-none-eabi/10.2.1/../../../../arm-none-eabi/lib/thumb/v7e-m+fp/hard\libcr_semihost_nf.a(_cr_assert.o) (__sys_appexit)
c:/nxp/mcuxpressoide_11.4.0_6224/ide/plugins/com.nxp.mcuxpresso.tools.win32_11.4.0.202103011116/tools/bin/../lib/gcc/arm-none-eabi/10.2.1/../../../../arm-none-eabi/lib/thumb/v7e-m+fp/hard\libcr_c.a(fabsf.o)
                              ./CMSIS/DSP/Source/BasicMathFunctions/BasicMathFunctions.o (fabsf)
c:/nxp/mcuxpressoide_11.4.0_6224/ide/plugins/com.nxp.mcuxpresso.tools.win32_11.4.0.202103011116/tools/bin/../lib/gcc/arm-none-eabi/10.2.1/../../../../arm-none-eabi/lib/thumb/v7e-m+fp/hard\libcr_c.a(sqrtf_m4_hardfp.o)
                              ./CMSIS/DSP/Source/StatisticsFunctions/StatisticsFunctions.o (sqrtf)
c:/nxp/mcuxpressoide_11.4.0_6224/ide/plugins/com.nxp.mcuxpresso.tools.win32_11.4.0.202103011116/tools/bin/../lib/gcc/arm-none-eabi/10.2.1/../../../../arm-none-eabi/lib/thumb/v7e-m+fp/hard\libcr_c.a(memcpy.o)
                              ./utilities/fsl_str.o (memcpy)
c:/nxp/mcuxpressoide_11.4.0_6224/ide/plugins/com.nxp.mcuxpresso.tools.win32_11.4.0.202103011116/tools/bin/../lib/gcc/arm-none-eabi/10.2.1/../../../../arm-none-eabi/lib/thumb/v7e-m+fp/hard\libcr_c.a(memset.o)
                              ./drivers/fsl_adc16.o (memset)
c:/nxp/mcuxpressoide_11.4.0_6224/ide/plugins/com.nxp.mcuxpresso.tools.win32_11.4.0.202103011116/tools/bin/../lib/gcc/arm-none-eabi/10.2.1/../../../../arm-none-eabi/lib/thumb/v7e-m+fp/hard\libcr_c.a(_deferredlazyseek.o)
                              c:/nxp/mcuxpressoide_11.4.0_6224/ide/plugins/com.nxp.mcuxpresso.tools.win32_11.4.0.202103011116/tools/bin/../lib/gcc/arm-none-eabi/10.2.1/../../../../arm-none-eabi/lib/thumb/v7e-m+fp/hard\libcr_semihost_nf.a(_cr_assert.o) (__flsbuf)
c:/nxp/mcuxpressoide_11.4.0_6224/ide/plugins/com.nxp.mcuxpresso.tools.win32_11.4.0.202103011116/tools/bin/../lib/gcc/arm-none-eabi/10.2.1/../../../../arm-none-eabi/lib/thumb/v7e-m+fp/hard\libcr_c.a(_fflush.o)
                              c:/nxp/mcuxpressoide_11.4.0_6224/ide/plugins/com.nxp.mcuxpresso.tools.win32_11.4.0.202103011116/tools/bin/../lib/gcc/arm-none-eabi/10.2.1/../../../../arm-none-eabi/lib/thumb/v7e-m+fp/hard\libcr_c.a(_deferredlazyseek.o) (_fflush)
c:/nxp/mcuxpressoide_11.4.0_6224/ide/plugins/com.nxp.mcuxpresso.tools.win32_11.4.0.202103011116/tools/bin/../lib/gcc/arm-none-eabi/10.2.1/../../../../arm-none-eabi/lib/thumb/v7e-m+fp/hard\libcr_c.a(_writebuf.o)
                              c:/nxp/mcuxpressoide_11.4.0_6224/ide/plugins/com.nxp.mcuxpresso.tools.win32_11.4.0.202103011116/tools/bin/../lib/gcc/arm-none-eabi/10.2.1/../../../../arm-none-eabi/lib/thumb/v7e-m+fp/hard\libcr_c.a(_deferredlazyseek.o) (_Cwritebuf)
c:/nxp/mcuxpressoide_11.4.0_6224/ide/plugins/com.nxp.mcuxpresso.tools.win32_11.4.0.202103011116/tools/bin/../lib/gcc/arm-none-eabi/10.2.1/../../../../arm-none-eabi/lib/thumb/v7e-m+fp/hard\libcr_c.a(alloc.o)
                              ./drivers/fsl_common.o (malloc)
c:/nxp/mcuxpressoide_11.4.0_6224/ide/plugins/com.nxp.mcuxpresso.tools.win32_11.4.0.202103011116/tools/bin/../lib/gcc/arm-none-eabi/10.2.1/../../../../arm-none-eabi/lib/thumb/v7e-m+fp/hard\libcr_c.a(errno.o)
                              ./utilities/fsl_str.o (errno)
c:/nxp/mcuxpressoide_11.4.0_6224/ide/plugins/com.nxp.mcuxpresso.tools.win32_11.4.0.202103011116/tools/bin/../lib/gcc/arm-none-eabi/10.2.1/../../../../arm-none-eabi/lib/thumb/v7e-m+fp/hard\libcr_c.a(fputs.o)
[...]
Memory Configuration

Name             Origin             Length             Attributes
PROGRAM_FLASH    0x00000000         0x00100000         xr
SRAM_UPPER       0x20000000         0x00030000         xrw
SRAM_LOWER       0x1fff0000         0x00010000         xrw
FLEX_RAM         0x14000000         0x00001000         xrw
*default*        0x00000000         0xffffffff

Linker script and memory map

LOAD ./utilities/fsl_debug_console.o
LOAD ./utilities/fsl_str.o
LOAD ./startup/startup_mk64f12.o
LOAD ./source/DSP_TPF.o
LOAD ./source/semihost_hardfault.o
LOAD ./source/sgtl5000.o
LOAD ./drivers/fsl_adc16.o
LOAD ./drivers/fsl_clock.o
LOAD ./drivers/fsl_common.o
LOAD ./drivers/fsl_common_arm.o
LOAD ./drivers/fsl_dac.o
LOAD ./drivers/fsl_dmamux.o
LOAD ./drivers/fsl_edma.o
LOAD ./drivers/fsl_ftm.o
LOAD ./drivers/fsl_gpio.o
LOAD ./drivers/fsl_i2c.o
LOAD ./drivers/fsl_pdb.o
LOAD ./drivers/fsl_pit.o
LOAD ./drivers/fsl_sai.o
LOAD ./drivers/fsl_sai_edma.o
LOAD ./drivers/fsl_smc.o
LOAD ./drivers/fsl_uart.o
LOAD ./drivers/fsl_uart_edma.o
LOAD ./device/system_MK64F12.o
LOAD ./component/uart/fsl_adapter_uart.o
LOAD ./component/serial_manager/fsl_component_serial_manager.o
LOAD ./component/serial_manager/fsl_component_serial_port_uart.o
LOAD ./component/lists/fsl_component_generic_list.o
LOAD ./board/board.o
LOAD ./board/clock_config.o
LOAD ./board/peripherals.o
LOAD ./board/pin_mux.o
LOAD ./CMSIS/DSP/Source/TransformFunctions/TransformFunctions.o
LOAD ./CMSIS/DSP/Source/SupportFunctions/SupportFunctions.o
LOAD ./CMSIS/DSP/Source/StatisticsFunctions/StatisticsFunctions.o
LOAD ./CMSIS/DSP/Source/MatrixFunctions/MatrixFunctions.o
LOAD ./CMSIS/DSP/Source/FilteringFunctions/FilteringFunctions.o
LOAD ./CMSIS/DSP/Source/FastMathFunctions/FastMathFunctions.o
LOAD ./CMSIS/DSP/Source/ControllerFunctions/ControllerFunctions.o
LOAD ./CMSIS/DSP/Source/ComplexMathFunctions/ComplexMathFunctions.o
LOAD ./CMSIS/DSP/Source/CommonTables/CommonTables.o
LOAD ./CMSIS/DSP/Source/BasicMathFunctions/BasicMathFunctions.o
LOAD C:\Users\augus\Documents\MCUXpressoIDE_11.4.0_6224\workspace\DSP_TPF\CMSIS\DSP\libarm_cortexM4lf_math.a
START GROUP
LOAD c:/nxp/mcuxpressoide_11.4.0_6224/ide/plugins/com.nxp.mcuxpresso.tools.win32_11.4.0.202103011116/tools/bin/../lib/gcc/arm-none-eabi/10.2.1/../../../../arm-none-eabi/lib/thumb/v7e-m+fp/hard\libcr_semihost_nf.a
LOAD c:/nxp/mcuxpressoide_11.4.0_6224/ide/plugins/com.nxp.mcuxpresso.tools.win32_11.4.0.202103011116/tools/bin/../lib/gcc/arm-none-eabi/10.2.1/../../../../arm-none-eabi/lib/thumb/v7e-m+fp/hard\libcr_c.a
LOAD c:/nxp/mcuxpressoide_11.4.0_6224/ide/plugins/com.nxp.mcuxpresso.tools.win32_11.4.0.202103011116/tools/bin/../lib/gcc/arm-none-eabi/10.2.1/thumb/v7e-m+fp/hard\libcr_eabihelpers.a
LOAD c:/nxp/mcuxpressoide_11.4.0_6224/ide/plugins/com.nxp.mcuxpresso.tools.win32_11.4.0.202103011116/tools/bin/../lib/gcc/arm-none-eabi/10.2.1/thumb/v7e-m+fp/hard\libgcc.a
END GROUP
                0x00000000                __base_PROGRAM_FLASH = 0x0
                0x00000000                __base_Flash = 0x0
                0x00100000                __top_PROGRAM_FLASH = 0x100000
                0x00100000                __top_Flash = 0x100000
                0x20000000                __base_SRAM_UPPER = 0x20000000
                0x20000000                __base_RAM = 0x20000000
                0x20030000                __top_SRAM_UPPER = 0x20030000
                0x20030000                __top_RAM = 0x20030000
                0x1fff0000                __base_SRAM_LOWER = 0x1fff0000
                0x1fff0000                __base_RAM2 = 0x1fff0000
                0x20000000                __top_SRAM_LOWER = 0x20000000
                0x20000000                __top_RAM2 = 0x20000000
                0x14000000                __base_FLEX_RAM = 0x14000000
                0x14000000                __base_RAM3 = 0x14000000
                0x14001000                __top_FLEX_RAM = 0x14001000
                0x14001000                __top_RAM3 = 0x14001000

.text           0x00000000     0x87c0
 FILL mask 0xff
                0x00000000                __vectors_start__ = ABSOLUTE (.)
 *(SORT_BY_ALIGNMENT(.isr_vector))
 .isr_vector    0x00000000      0x198 ./startup/startup_mk64f12.o
                0x00000000                g_pfnVectors
                0x00000000                __Vectors
                0x00000198                . = ALIGN (0x4)
                0x00000198                __section_table_start = .
                0x00000198                __data_section_table = .
                0x00000198        0x4 LONG 0x87c0 LOADADDR (.data)
                0x0000019c        0x4 LONG 0x20000000 ADDR (.data)
                0x000001a0        0x4 LONG 0x80 SIZEOF (.data)
                0x000001a4        0x4 LONG 0x87c0 LOADADDR (.data_RAM2)
                0x000001a8        0x4 LONG 0x1fff0000 ADDR (.data_RAM2)
                0x000001ac        0x4 LONG 0x0 SIZEOF (.data_RAM2)
                0x000001b0        0x4 LONG 0x87c0 LOADADDR (.data_RAM3)
                0x000001b4        0x4 LONG 0x14000000 ADDR (.data_RAM3)
                0x000001b8        0x4 LONG 0x0 SIZEOF (.data_RAM3)
                0x000001bc                __data_section_table_end = .
                0x000001bc                __bss_section_table = .
                0x000001bc        0x4 LONG 0x20000080 ADDR (.bss)
                0x000001c0        0x4 LONG 0x1fa58 SIZEOF (.bss)
                0x000001c4        0x4 LONG 0x1fff0000 ADDR (.bss_RAM2)
                0x000001c8        0x4 LONG 0x0 SIZEOF (.bss_RAM2)
                0x000001cc        0x4 LONG 0x14000000 ADDR (.bss_RAM3)
                0x000001d0        0x4 LONG 0x0 SIZEOF (.bss_RAM3)
                0x000001d4                __bss_section_table_end = .
                0x000001d4                __section_table_end = .
 *(SORT_BY_ALIGNMENT(.after_vectors*))
 .after_vectors.reset
                0x000001d4       0x4c ./startup/startup_mk64f12.o
                0x000001d4                ResetISR
 .after_vectors.init_data
                0x00000220       0x1e ./startup/startup_mk64f12.o
                0x00000220                data_init
 .after_vectors.init_bss
                0x0000023e       0x12 ./startup/startup_mk64f12.o
                0x0000023e                bss_init
 .after_vectors
                0x00000250       0x14 ./startup/startup_mk64f12.o
                0x00000250                NMI_Handler
                0x00000254                MemManage_Handler
                0x00000256                BusFault_Handler
                0x00000258                UsageFault_Handler
                0x0000025a                SVC_Handler
                0x0000025c                DebugMon_Handler
                0x0000025e                PendSV_Handler
                0x00000260                SysTick_Handler
                0x00000262                FTM1_DriverIRQHandler
                0x00000262                FTM2_DriverIRQHandler
                0x00000262                PIT2_DriverIRQHandler
                0x00000262                SDHC_DriverIRQHandler
                0x00000262                RTC_Seconds_DriverIRQHandler
                0x00000262                LLWU_DriverIRQHandler
                0x00000262                MCM_DriverIRQHandler
                0x00000262                MCG_DriverIRQHandler
                0x00000262                ENET_1588_Timer_DriverIRQHandler
                0x00000262                DAC1_DriverIRQHandler
                0x00000262                DMA_Error_DriverIRQHandler
                0x00000262                CMP1_DriverIRQHandler
                0x00000262                FTM0_DriverIRQHandler
                0x00000262                IntDefaultHandler
                0x00000262                USB0_DriverIRQHandler
                0x00000262                UART5_ERR_DriverIRQHandler
                0x00000262                PORTC_DriverIRQHandler
                0x00000262                DAC0_DriverIRQHandler
                0x00000262                CMP2_DriverIRQHandler
                0x00000262                UART2_ERR_DriverIRQHandler
                0x00000262                SPI2_DriverIRQHandler
                0x00000262                LPTMR0_DriverIRQHandler
                0x00000262                PIT0_DriverIRQHandler
                0x00000262                RNG_DriverIRQHandler
                0x00000262                USBDCD_DriverIRQHandler
                0x00000262                UART3_ERR_DriverIRQHandler
                0x00000262                UART0_ERR_DriverIRQHandler
                0x00000262                CMT_DriverIRQHandler
                0x00000262                Reserved71_DriverIRQHandler
                0x00000262                ADC1_DriverIRQHandler
                0x00000262                PORTA_DriverIRQHandler
                0x00000262                PIT3_DriverIRQHandler
                0x00000262                PIT1_DriverIRQHandler
                0x00000262                WDOG_EWM_DriverIRQHandler
                0x00000262                PDB0_DriverIRQHandler
                0x00000262                RTC_DriverIRQHandler
                0x00000262                Read_Collision_DriverIRQHandler
                0x00000262                SWI_DriverIRQHandler
                0x00000262                UART4_ERR_DriverIRQHandler
                0x00000262                SPI1_DriverIRQHandler
                0x00000262                UART0_LON_DriverIRQHandler
                0x00000262                PORTB_DriverIRQHandler
                0x00000262                ENET_Receive_DriverIRQHandler
                0x00000262                ENET_Error_DriverIRQHandler
                0x00000262                SPI0_DriverIRQHandler
                0x00000262                ADC0_DriverIRQHandler
                0x00000262                CMP0_DriverIRQHandler
                0x00000262                CAN0_DriverIRQHandler
                0x00000262                FTM3_DriverIRQHandler
                0x00000262                LVD_LVW_DriverIRQHandler
                0x00000262                UART1_ERR_DriverIRQHandler
                0x00000262                ENET_Transmit_DriverIRQHandler
                0x00000262                PORTD_DriverIRQHandler
                0x00000262                PORTE_DriverIRQHandler
                0x00000262                FTFE_DriverIRQHandler
                0x00000400                . = 0x400
 *fill*         0x00000264      0x19c ff
                0x00000400                PROVIDE (__FLASH_CONFIG_START__ = .)
 *(SORT_BY_ALIGNMENT(.FlashConfig))
 .FlashConfig   0x00000400       0x10 ./startup/startup_mk64f12.o
                0x00000400                Flash_Config
                0x00000410                PROVIDE (__FLASH_CONFIG_END__ = .)
                0x00000001                ASSERT (! ((__FLASH_CONFIG_START__ == __FLASH_CONFIG_END__)), Linker Flash Config Support Enabled, but no .FlashConfig section provided within application)
 *(SORT_BY_ALIGNMENT(.text*))
 .text.ADC16_GetChannelConversionValue
                0x00000410       0x2c ./source/DSP_TPF.o
 .text.PIT_SetTimerPeriod
                0x0000043c       0x38 ./source/DSP_TPF.o
 .text.main     0x00000474      0x15c ./source/DSP_TPF.o
                0x00000474                main
 .text.cook_variables
                0x000005d0      0x104 ./source/DSP_TPF.o
                0x000005d0                cook_variables
 .text.process_block
                0x000006d4      0x1c8 ./source/DSP_TPF.o
                0x000006d4                process_block
 .text.I2S_RX_eDMA_callback
                0x0000089c       0x90 ./source/DSP_TPF.o
                0x0000089c                I2S_RX_eDMA_callback
 .text.I2S_TX_eDMA_callback
                0x0000092c       0x6c ./source/DSP_TPF.o
                0x0000092c                I2S_TX_eDMA_callback
 .text.ADC0_IRQHandler
                0x00000998       0xac ./source/DSP_TPF.o
                0x00000998                ADC0_IRQHandler
 .text.PIT0_IRQHandler
                0x00000a44       0x74 ./source/DSP_TPF.o
                0x00000a44                PIT0_IRQHandler
 .text.PIT1_IRQHandler
                0x00000ab8      0x104 ./source/DSP_TPF.o
                0x00000ab8                PIT1_IRQHandler
 .text.PORTC_IRQHandler
                0x00000bbc       0x48 ./source/DSP_TPF.o
                0x00000bbc                PORTC_IRQHandler
 .text.PORTA_IRQHandler
                0x00000c04       0x48 ./source/DSP_TPF.o
                0x00000c04                PORTA_IRQHandler
 .text.sgtl5000_read_register
                0x00000c4c       0x58 ./source/sgtl5000.o
                0x00000c4c                sgtl5000_read_register
 .text.sgtl5000_write_register
                0x00000ca4       0x78 ./source/sgtl5000.o
                0x00000ca4                sgtl5000_write_register
 .text.ADC16_GetInstance
                0x00000d1c       0x4c ./drivers/fsl_adc16.o
 .text.ADC16_Init
                0x00000d68      0x118 ./drivers/fsl_adc16.o
                0x00000d68                ADC16_Init
 .text.ADC16_SetChannelConfig
                0x00000e80       0x68 ./drivers/fsl_adc16.o
                0x00000e80                ADC16_SetChannelConfig
 .text.ADC16_GetChannelStatusFlags
                0x00000ee8       0x40 ./drivers/fsl_adc16.o
                0x00000ee8                ADC16_GetChannelStatusFlags
 .text.CLOCK_SetEr32kClock
                0x00000f28       0x30 ./drivers/fsl_clock.o
 .text.CLOCK_SetPllFllSelClock
                0x00000f58       0x38 ./drivers/fsl_clock.o
 .text.CLOCK_GetMcgExtClkFreq
                0x00000f90       0x7c ./drivers/fsl_clock.o
 .text.CLOCK_GetFllExtRefClkFreq
                0x0000100c       0xb0 ./drivers/fsl_clock.o
 .text.CLOCK_GetInternalRefClkSelectFreq
                0x000010bc       0x4c ./drivers/fsl_clock.o
 .text.CLOCK_GetFllRefClkFreq
                0x00001108       0x34 ./drivers/fsl_clock.o
 .text.CLOCK_GetOscRangeFromFreq
                0x0000113c       0x3c ./drivers/fsl_clock.o
 .text.CLOCK_GetOsc0ErClkFreq
                0x00001178       0x44 ./drivers/fsl_clock.o
                0x00001178                CLOCK_GetOsc0ErClkFreq
 .text.CLOCK_GetEr32kClkFreq
                0x000011bc       0x74 ./drivers/fsl_clock.o
                0x000011bc                CLOCK_GetEr32kClkFreq
 .text.CLOCK_GetPllFllSelClkFreq
                0x00001230       0x54 ./drivers/fsl_clock.o
                0x00001230                CLOCK_GetPllFllSelClkFreq
 .text.CLOCK_GetCoreSysClkFreq
                0x00001284       0x28 ./drivers/fsl_clock.o
                0x00001284                CLOCK_GetCoreSysClkFreq
 .text.CLOCK_GetFreq
                0x000012ac      0x140 ./drivers/fsl_clock.o
                0x000012ac                CLOCK_GetFreq
 .text.CLOCK_SetSimConfig
                0x000013ec       0x34 ./drivers/fsl_clock.o
                0x000013ec                CLOCK_SetSimConfig
 .text.CLOCK_EnableUsbfs0Clock
                0x00001420      0x108 ./drivers/fsl_clock.o
                0x00001420                CLOCK_EnableUsbfs0Clock
 .text.CLOCK_GetOutClkFreq
                0x00001528       0x64 ./drivers/fsl_clock.o
                0x00001528                CLOCK_GetOutClkFreq
 .text.CLOCK_GetFllFreq
                0x0000158c       0x84 ./drivers/fsl_clock.o
                0x0000158c                CLOCK_GetFllFreq
 .text.CLOCK_GetInternalRefClkFreq
                0x00001610       0x30 ./drivers/fsl_clock.o
                0x00001610                CLOCK_GetInternalRefClkFreq
 .text.CLOCK_GetPll0Freq
                0x00001640       0x78 ./drivers/fsl_clock.o
                0x00001640                CLOCK_GetPll0Freq
 .text.CLOCK_SetExternalRefClkConfig
                0x000016b8       0x6c ./drivers/fsl_clock.o
                0x000016b8                CLOCK_SetExternalRefClkConfig
 .text.CLOCK_SetInternalRefClkConfig
                0x00001724      0x104 ./drivers/fsl_clock.o
                0x00001724                CLOCK_SetInternalRefClkConfig
 .text.CLOCK_EnablePll0
                0x00001828       0x88 ./drivers/fsl_clock.o
                0x00001828                CLOCK_EnablePll0
 .text.CLOCK_InitOsc0
                0x000018b0       0x8c ./drivers/fsl_clock.o
                0x000018b0                CLOCK_InitOsc0
 .text.CLOCK_SetPbeMode
                0x0000193c       0xa8 ./drivers/fsl_clock.o
                0x0000193c                CLOCK_SetPbeMode
 .text.CLOCK_BootToPeeMode
                0x000019e4       0x64 ./drivers/fsl_clock.o
                0x000019e4                CLOCK_BootToPeeMode
 .text.DMAMUX_GetInstance
                0x00001a48       0x44 ./drivers/fsl_dmamux.o
 .text.DMAMUX_Init
                0x00001a8c       0x24 ./drivers/fsl_dmamux.o
                0x00001a8c                DMAMUX_Init
 .text.__NVIC_EnableIRQ
                0x00001ab0       0x3c ./drivers/fsl_edma.o
 .text.EDMA_GetInstance
                0x00001aec       0x44 ./drivers/fsl_edma.o
 .text.EDMA_InstallTCD
                0x00001b30      0x14c ./drivers/fsl_edma.o
                0x00001b30                EDMA_InstallTCD
 .text.EDMA_Init
                0x00001c7c       0x98 ./drivers/fsl_edma.o
                0x00001c7c                EDMA_Init
 .text.EDMA_SetTransferConfig
                0x00001d14       0x60 ./drivers/fsl_edma.o
                0x00001d14                EDMA_SetTransferConfig
 .text.EDMA_TcdReset
                0x00001d74       0x78 ./drivers/fsl_edma.o
                0x00001d74                EDMA_TcdReset
 .text.EDMA_TcdSetTransferConfig
                0x00001dec      0x12c ./drivers/fsl_edma.o
                0x00001dec                EDMA_TcdSetTransferConfig
 .text.EDMA_GetInstanceOffset
                0x00001f18       0x48 ./drivers/fsl_edma.o
 .text.EDMA_CreateHandle
                0x00001f60       0xe0 ./drivers/fsl_edma.o
                0x00001f60                EDMA_CreateHandle
 .text.EDMA_InstallTCDMemory
                0x00002040       0x58 ./drivers/fsl_edma.o
                0x00002040                EDMA_InstallTCDMemory
 .text.EDMA_SetCallback
                0x00002098       0x30 ./drivers/fsl_edma.o
                0x00002098                EDMA_SetCallback
 .text.EDMA_TransferWidthMapping
                0x000020c8       0xd0 ./drivers/fsl_edma.o
 .text.EDMA_PrepareTransferConfig
                0x00002198      0x134 ./drivers/fsl_edma.o
                0x00002198                EDMA_PrepareTransferConfig
 .text.EDMA_PrepareTransfer
                0x000022cc       0xa4 ./drivers/fsl_edma.o
                0x000022cc                EDMA_PrepareTransfer
 .text.EDMA_SubmitTransfer
                0x00002370      0x304 ./drivers/fsl_edma.o
                0x00002370                EDMA_SubmitTransfer
 .text.EDMA_StartTransfer
                0x00002674       0xb0 ./drivers/fsl_edma.o
                0x00002674                EDMA_StartTransfer
 .text.EDMA_HandleIRQ
                0x00002724      0x180 ./drivers/fsl_edma.o
                0x00002724                EDMA_HandleIRQ
 .text.DMA0_DriverIRQHandler
                0x000028a4       0x1c ./drivers/fsl_edma.o
                0x000028a4                DMA0_DriverIRQHandler
 .text.DMA1_DriverIRQHandler
                0x000028c0       0x1c ./drivers/fsl_edma.o
                0x000028c0                DMA1_DriverIRQHandler
 .text.DMA2_DriverIRQHandler
                0x000028dc       0x1c ./drivers/fsl_edma.o
                0x000028dc                DMA2_DriverIRQHandler
 .text.DMA3_DriverIRQHandler
                0x000028f8       0x1c ./drivers/fsl_edma.o
                0x000028f8                DMA3_DriverIRQHandler
 .text.DMA4_DriverIRQHandler
                0x00002914       0x1c ./drivers/fsl_edma.o
                0x00002914                DMA4_DriverIRQHandler
 .text.DMA5_DriverIRQHandler
                0x00002930       0x1c ./drivers/fsl_edma.o
                0x00002930                DMA5_DriverIRQHandler
 .text.DMA6_DriverIRQHandler
                0x0000294c       0x1c ./drivers/fsl_edma.o
                0x0000294c                DMA6_DriverIRQHandler
 .text.DMA7_DriverIRQHandler
                0x00002968       0x1c ./drivers/fsl_edma.o
                0x00002968                DMA7_DriverIRQHandler
 .text.DMA8_DriverIRQHandler
                0x00002984       0x1c ./drivers/fsl_edma.o
                0x00002984                DMA8_DriverIRQHandler
 .text.DMA9_DriverIRQHandler
                0x000029a0       0x1c ./drivers/fsl_edma.o
                0x000029a0                DMA9_DriverIRQHandler
 .text.DMA10_DriverIRQHandler
                0x000029bc       0x1c ./drivers/fsl_edma.o
                0x000029bc                DMA10_DriverIRQHandler
 .text.DMA11_DriverIRQHandler
                0x000029d8       0x1c ./drivers/fsl_edma.o
                0x000029d8                DMA11_DriverIRQHandler
 .text.DMA12_DriverIRQHandler
                0x000029f4       0x1c ./drivers/fsl_edma.o
                0x000029f4                DMA12_DriverIRQHandler
 .text.DMA13_DriverIRQHandler
                0x00002a10       0x1c ./drivers/fsl_edma.o
                0x00002a10                DMA13_DriverIRQHandler
 .text.DMA14_DriverIRQHandler
                0x00002a2c       0x1c ./drivers/fsl_edma.o
                0x00002a2c                DMA14_DriverIRQHandler
 .text.DMA15_DriverIRQHandler
                0x00002a48       0x1c ./drivers/fsl_edma.o
                0x00002a48                DMA15_DriverIRQHandler
 .text.GPIO_GetInstance
                0x00002a64       0x4c ./drivers/fsl_gpio.o
 .text.GPIO_PinInit
                0x00002ab0       0x64 ./drivers/fsl_gpio.o
                0x00002ab0                GPIO_PinInit
 .text.GPIO_PortGetInterruptFlags
                0x00002b14       0x30 ./drivers/fsl_gpio.o
                0x00002b14                GPIO_PortGetInterruptFlags
 .text.GPIO_PortClearInterruptFlags
                0x00002b44       0x34 ./drivers/fsl_gpio.o
                0x00002b44                GPIO_PortClearInterruptFlags
 .text.I2C_GetInstance
                0x00002b78       0x4c ./drivers/fsl_i2c.o
                0x00002b78                I2C_GetInstance
 .text.I2C_TransferCommonIRQHandler
                0x00002bc4       0x58 ./drivers/fsl_i2c.o
 .text.I2C_MasterInit
                0x00002c1c       0xe4 ./drivers/fsl_i2c.o
                0x00002c1c                I2C_MasterInit
 .text.I2C_MasterSetBaudRate
                0x00002d00       0xe8 ./drivers/fsl_i2c.o
                0x00002d00                I2C_MasterSetBaudRate
 .text.I2C_MasterTransferBlocking
                0x00002de8      0x24c ./drivers/fsl_i2c.o
                0x00002de8                I2C_MasterTransferBlocking
 .text.I2C0_DriverIRQHandler
                0x00003034       0x1c ./drivers/fsl_i2c.o
                0x00003034                I2C0_DriverIRQHandler
 .text.I2C1_DriverIRQHandler
                0x00003050       0x1c ./drivers/fsl_i2c.o
                0x00003050                I2C1_DriverIRQHandler
 .text.I2C2_DriverIRQHandler
                0x0000306c       0x1c ./drivers/fsl_i2c.o
                0x0000306c                I2C2_DriverIRQHandler
 .text.PIT_GetInstance
                0x00003088       0x44 ./drivers/fsl_pit.o
 .text.PIT_Init
                0x000030cc       0x94 ./drivers/fsl_pit.o
                0x000030cc                PIT_Init
 .text.SAI_SetMasterClockDivider
                0x00003160      0x120 ./drivers/fsl_sai.o
 .text.SAI_GetInstance
                0x00003280       0x44 ./drivers/fsl_sai.o
 .text.SAI_Init
                0x000032c4       0x48 ./drivers/fsl_sai.o
                0x000032c4                SAI_Init
 .text.SAI_TxSetBitClockRate
                0x0000330c       0x88 ./drivers/fsl_sai.o
                0x0000330c                SAI_TxSetBitClockRate
 .text.SAI_RxSetBitClockRate
                0x00003394       0x8c ./drivers/fsl_sai.o
                0x00003394                SAI_RxSetBitClockRate
 .text.SAI_TxSetBitclockConfig
                0x00003420       0x98 ./drivers/fsl_sai.o
                0x00003420                SAI_TxSetBitclockConfig
 .text.SAI_RxSetBitclockConfig
                0x000034b8       0x9c ./drivers/fsl_sai.o
                0x000034b8                SAI_RxSetBitclockConfig
 .text.SAI_SetMasterClockConfig
                0x00003554       0x80 ./drivers/fsl_sai.o
                0x00003554                SAI_SetMasterClockConfig
 .text.SAI_TxSetFifoConfig
                0x000035d4       0x58 ./drivers/fsl_sai.o
                0x000035d4                SAI_TxSetFifoConfig
 .text.SAI_RxSetFifoConfig
                0x0000362c       0x60 ./drivers/fsl_sai.o
                0x0000362c                SAI_RxSetFifoConfig
 .text.SAI_TxSetFrameSyncConfig
                0x0000368c       0x90 ./drivers/fsl_sai.o
                0x0000368c                SAI_TxSetFrameSyncConfig
 .text.SAI_RxSetFrameSyncConfig
                0x0000371c       0x94 ./drivers/fsl_sai.o
                0x0000371c                SAI_RxSetFrameSyncConfig
 .text.SAI_TxSetSerialDataConfig
                0x000037b0       0x8c ./drivers/fsl_sai.o
                0x000037b0                SAI_TxSetSerialDataConfig
 .text.SAI_RxSetSerialDataConfig
                0x0000383c       0x94 ./drivers/fsl_sai.o
                0x0000383c                SAI_RxSetSerialDataConfig
 .text.SAI_TxSetConfig
                0x000038d0      0x15c ./drivers/fsl_sai.o
                0x000038d0                SAI_TxSetConfig
 .text.SAI_RxSetConfig
                0x00003a2c      0x168 ./drivers/fsl_sai.o
                0x00003a2c                SAI_RxSetConfig
 .text.I2S0_Tx_DriverIRQHandler
                0x00003b94       0x3c ./drivers/fsl_sai.o
                0x00003b94                I2S0_Tx_DriverIRQHandler
 .text.I2S0_Rx_DriverIRQHandler
                0x00003bd0       0x3c ./drivers/fsl_sai.o
                0x00003bd0                I2S0_Rx_DriverIRQHandler
 .text.SAI_GetInstance
                0x00003c0c       0x44 ./drivers/fsl_sai_edma.o
 .text.SAI_TransferTxCreateHandleEDMA
                0x00003c50       0xa0 ./drivers/fsl_sai_edma.o
                0x00003c50                SAI_TransferTxCreateHandleEDMA
 .text.SAI_TransferRxCreateHandleEDMA
                0x00003cf0       0xa4 ./drivers/fsl_sai_edma.o
                0x00003cf0                SAI_TransferRxCreateHandleEDMA
 .text.SAI_TransferTxSetConfigEDMA
                0x00003d94       0x70 ./drivers/fsl_sai_edma.o
                0x00003d94                SAI_TransferTxSetConfigEDMA
 .text.SAI_TransferRxSetConfigEDMA
                0x00003e04       0x70 ./drivers/fsl_sai_edma.o
                0x00003e04                SAI_TransferRxSetConfigEDMA
 .text.SAI_TransferSendEDMA
                0x00003e74      0x188 ./drivers/fsl_sai_edma.o
                0x00003e74                SAI_TransferSendEDMA
 .text.SAI_TransferReceiveEDMA
                0x00003ffc      0x18c ./drivers/fsl_sai_edma.o
                0x00003ffc                SAI_TransferReceiveEDMA
 .text.UART_GetInstance
                0x00004188       0x54 ./drivers/fsl_uart.o
                0x00004188                UART_GetInstance
 .text.UART_Init
                0x000041dc      0x2f4 ./drivers/fsl_uart.o
                0x000041dc                UART_Init
 .text.UART0_DriverIRQHandler
                0x000044d0       0x28 ./drivers/fsl_uart.o
                0x000044d0                UART0_DriverIRQHandler
 .text.UART1_DriverIRQHandler
                0x000044f8       0x28 ./drivers/fsl_uart.o
                0x000044f8                UART1_DriverIRQHandler
 .text.UART2_DriverIRQHandler
                0x00004520       0x28 ./drivers/fsl_uart.o
                0x00004520                UART2_DriverIRQHandler
 .text.UART3_DriverIRQHandler
                0x00004548       0x28 ./drivers/fsl_uart.o
                0x00004548                UART3_DriverIRQHandler
 .text.UART4_DriverIRQHandler
                0x00004570       0x28 ./drivers/fsl_uart.o
                0x00004570                UART4_DriverIRQHandler
 .text.UART5_DriverIRQHandler
                0x00004598       0x28 ./drivers/fsl_uart.o
                0x00004598                UART5_DriverIRQHandler
 .text.SystemInit
                0x000045c0       0x3c ./device/system_MK64F12.o
                0x000045c0                SystemInit
 .text.CLOCK_SetSdhc0Clock
                0x000045fc       0x38 ./board/clock_config.o
 .text.CLOCK_SetEnetTime0Clock
                0x00004634       0x38 ./board/clock_config.o
 .text.CLOCK_SetRmii0Clock
                0x0000466c       0x38 ./board/clock_config.o
 .text.CLOCK_SetTraceClock
                0x000046a4       0x38 ./board/clock_config.o
 .text.CLOCK_SetClkOutClock
                0x000046dc       0x34 ./board/clock_config.o
 .text.CLOCK_SetSimSafeDivs
                0x00004710       0x20 ./board/clock_config.o
 .text.CLOCK_SetXtal0Freq
                0x00004730       0x20 ./board/clock_config.o
 .text.CLOCK_CONFIG_SetFllExtRefDiv
                0x00004750       0x3c ./board/clock_config.o
 .text.BOARD_BootClockRUN
                0x0000478c       0x88 ./board/clock_config.o
                0x0000478c                BOARD_BootClockRUN
 .text.__NVIC_EnableIRQ
                0x00004814       0x3c ./board/peripherals.o
 .text.DMAMUX_EnableChannel
                0x00004850       0x3c ./board/peripherals.o
 .text.DMAMUX_SetSource
                0x0000488c       0x4c ./board/peripherals.o
 .text.PIT_SetTimerPeriod
                0x000048d8       0x38 ./board/peripherals.o
 .text.I2C0_init
                0x00004910       0x24 ./board/peripherals.o
 .text.I2S0_init
                0x00004934       0xe4 ./board/peripherals.o
 .text.UART0_init
                0x00004a18       0x24 ./board/peripherals.o
 .text.ADC0_init
                0x00004a3c       0x44 ./board/peripherals.o
 .text.PIT_init
                0x00004a80      0x198 ./board/peripherals.o
 .text.BOARD_InitPeripherals
                0x00004c18       0x40 ./board/peripherals.o
                0x00004c18                BOARD_InitPeripherals
 .text.PORT_SetPinConfig
                0x00004c58       0x38 ./board/pin_mux.o
 .text.BOARD_InitPins
                0x00004c90       0xe4 ./board/pin_mux.o
                0x00004c90                BOARD_InitPins
 .text.BOARD_InitButtonsPins
                0x00004d74       0xb0 ./board/pin_mux.o
                0x00004d74                BOARD_InitButtonsPins
 .text.BOARD_InitLEDsPins
                0x00004e24       0xdc ./board/pin_mux.o
                0x00004e24                BOARD_InitLEDsPins
 .text.BOARD_InitDEBUG_UARTPins
                0x00004f00       0x68 ./board/pin_mux.o
                0x00004f00                BOARD_InitDEBUG_UARTPins
 .text.__assertion_failed
                0x00004f68       0x4c c:/nxp/mcuxpressoide_11.4.0_6224/ide/plugins/com.nxp.mcuxpresso.tools.win32_11.4.0.202103011116/tools/bin/../lib/gcc/arm-none-eabi/10.2.1/../../../../arm-none-eabi/lib/thumb/v7e-m+fp/hard\libcr_semihost_nf.a(_cr_assert.o)
                0x00004f68                __assertion_failed
 .text.__sys_appexit
                0x00004fb4        0xc c:/nxp/mcuxpressoide_11.4.0_6224/ide/plugins/com.nxp.mcuxpresso.tools.win32_11.4.0.202103011116/tools/bin/../lib/gcc/arm-none-eabi/10.2.1/../../../../arm-none-eabi/lib/thumb/v7e-m+fp/hard\libcr_semihost_nf.a(__sys_appexit.o)
                0x00004fb4                __sys_appexit
                0x00004fb4                __exit
 .text._Cwritebuf
                0x00004fc0       0x6c c:/nxp/mcuxpressoide_11.4.0_6224/ide/plugins/com.nxp.mcuxpresso.tools.win32_11.4.0.202103011116/tools/bin/../lib/gcc/arm-none-eabi/10.2.1/../../../../arm-none-eabi/lib/thumb/v7e-m+fp/hard\libcr_c.a(_writebuf.o)
                0x00004fc0                _Cwritebuf
 .text.malloc   0x0000502c       0xc8 c:/nxp/mcuxpressoide_11.4.0_6224/ide/plugins/com.nxp.mcuxpresso.tools.win32_11.4.0.202103011116/tools/bin/../lib/gcc/arm-none-eabi/10.2.1/../../../../arm-none-eabi/lib/thumb/v7e-m+fp/hard\libcr_c.a(alloc.o)
                0x0000502c                malloc
 .text._Csys_alloc
                0x000050f4       0x20 c:/nxp/mcuxpressoide_11.4.0_6224/ide/plugins/com.nxp.mcuxpresso.tools.win32_11.4.0.202103011116/tools/bin/../lib/gcc/arm-none-eabi/10.2.1/../../../../arm-none-eabi/lib/thumb/v7e-m+fp/hard\libcr_c.a(alloc.o)
                0x000050f4                _Csys_alloc
 .text.fseek    0x00005114      0x100 c:/nxp/mcuxpressoide_11.4.0_6224/ide/plugins/com.nxp.mcuxpresso.tools.win32_11.4.0.202103011116/tools/bin/../lib/gcc/arm-none-eabi/10.2.1/../../../../arm-none-eabi/lib/thumb/v7e-m+fp/hard\libcr_c.a(fseek.o)
                0x00005114                fseek
 .text.ftell    0x00005214       0x44 c:/nxp/mcuxpressoide_11.4.0_6224/ide/plugins/com.nxp.mcuxpresso.tools.win32_11.4.0.202103011116/tools/bin/../lib/gcc/arm-none-eabi/10.2.1/../../../../arm-none-eabi/lib/thumb/v7e-m+fp/hard\libcr_c.a(ftell.o)
                0x00005214                ftell
 .text._initio  0x00005258       0x78 c:/nxp/mcuxpressoide_11.4.0_6224/ide/plugins/com.nxp.mcuxpresso.tools.win32_11.4.0.202103011116/tools/bin/../lib/gcc/arm-none-eabi/10.2.1/../../../../arm-none-eabi/lib/thumb/v7e-m+fp/hard\libcr_c.a(initio.o)
                0x00005258                _initio
 .text._sbrk    0x000052d0       0x3c c:/nxp/mcuxpressoide_11.4.0_6224/ide/plugins/com.nxp.mcuxpresso.tools.win32_11.4.0.202103011116/tools/bin/../lib/gcc/arm-none-eabi/10.2.1/../../../../arm-none-eabi/lib/thumb/v7e-m+fp/hard\libcr_c.a(_cr_sbrk.o)
                0x000052d0                _sbrk
 .text.fflush   0x0000530c       0x3c c:/nxp/mcuxpressoide_11.4.0_6224/ide/plugins/com.nxp.mcuxpresso.tools.win32_11.4.0.202103011116/tools/bin/../lib/gcc/arm-none-eabi/10.2.1/../../../../arm-none-eabi/lib/thumb/v7e-m+fp/hard\libcr_c.a(fflush.o)
                0x0000530c                fflush
 .text.__check_heap_overflow
                0x00005348       0x18 c:/nxp/mcuxpressoide_11.4.0_6224/ide/plugins/com.nxp.mcuxpresso.tools.win32_11.4.0.202103011116/tools/bin/../lib/gcc/arm-none-eabi/10.2.1/../../../../arm-none-eabi/lib/thumb/v7e-m+fp/hard\libcr_c.a(_cr_check_heap.o)
                0x00005348                __check_heap_overflow
 .text.DMA0_IRQHandler
                0x00005360        0x8 ./startup/startup_mk64f12.o
                0x00005360                DMA0_IRQHandler
 .text.DMA1_IRQHandler
                0x00005368        0x8 ./startup/startup_mk64f12.o
                0x00005368                DMA1_IRQHandler
 .text.DMA2_IRQHandler
                0x00005370        0x8 ./startup/startup_mk64f12.o
                0x00005370                DMA2_IRQHandler
 .text.DMA3_IRQHandler
                0x00005378        0x8 ./startup/startup_mk64f12.o
                0x00005378                DMA3_IRQHandler
 .text.DMA4_IRQHandler
                0x00005380        0x8 ./startup/startup_mk64f12.o
                0x00005380                DMA4_IRQHandler
 .text.DMA5_IRQHandler
                0x00005388        0x8 ./startup/startup_mk64f12.o
                0x00005388                DMA5_IRQHandler
 .text.DMA6_IRQHandler
                0x00005390        0x8 ./startup/startup_mk64f12.o
                0x00005390                DMA6_IRQHandler
 .text.DMA7_IRQHandler
                0x00005398        0x8 ./startup/startup_mk64f12.o
                0x00005398                DMA7_IRQHandler
 .text.DMA8_IRQHandler
                0x000053a0        0x8 ./startup/startup_mk64f12.o
                0x000053a0                DMA8_IRQHandler
 .text.DMA9_IRQHandler
                0x000053a8        0x8 ./startup/startup_mk64f12.o
                0x000053a8                DMA9_IRQHandler
 .text.DMA10_IRQHandler
                0x000053b0        0x8 ./startup/startup_mk64f12.o
                0x000053b0                DMA10_IRQHandler
 .text.DMA11_IRQHandler
                0x000053b8        0x8 ./startup/startup_mk64f12.o
                0x000053b8                DMA11_IRQHandler
 .text.DMA12_IRQHandler
                0x000053c0        0x8 ./startup/startup_mk64f12.o
                0x000053c0                DMA12_IRQHandler
 .text.DMA13_IRQHandler
                0x000053c8        0x8 ./startup/startup_mk64f12.o
                0x000053c8                DMA13_IRQHandler
 .text.DMA14_IRQHandler
                0x000053d0        0x8 ./startup/startup_mk64f12.o
                0x000053d0                DMA14_IRQHandler
 .text.DMA15_IRQHandler
                0x000053d8        0x8 ./startup/startup_mk64f12.o
                0x000053d8                DMA15_IRQHandler
 .text.DMA_Error_IRQHandler
                0x000053e0        0x8 ./startup/startup_mk64f12.o
                0x000053e0                DMA_Error_IRQHandler
 .text.MCM_IRQHandler
                0x000053e8        0x8 ./startup/startup_mk64f12.o
                0x000053e8                MCM_IRQHandler
 .text.FTFE_IRQHandler
                0x000053f0        0x8 ./startup/startup_mk64f12.o
                0x000053f0                FTFE_IRQHandler
 .text.Read_Collision_IRQHandler
                0x000053f8        0x8 ./startup/startup_mk64f12.o
                0x000053f8                Read_Collision_IRQHandler
 .text.LVD_LVW_IRQHandler
                0x00005400        0x8 ./startup/startup_mk64f12.o
                0x00005400                LVD_LVW_IRQHandler
 .text.LLWU_IRQHandler
                0x00005408        0x8 ./startup/startup_mk64f12.o
                0x00005408                LLWU_IRQHandler
 .text.WDOG_EWM_IRQHandler
                0x00005410        0x8 ./startup/startup_mk64f12.o
                0x00005410                WDOG_EWM_IRQHandler
 .text.RNG_IRQHandler
                0x00005418        0x8 ./startup/startup_mk64f12.o
                0x00005418                RNG_IRQHandler
 .text.I2C0_IRQHandler
                0x00005420        0x8 ./startup/startup_mk64f12.o
                0x00005420                I2C0_IRQHandler
 .text.I2C1_IRQHandler
                0x00005428        0x8 ./startup/startup_mk64f12.o
                0x00005428                I2C1_IRQHandler
 .text.SPI0_IRQHandler
                0x00005430        0x8 ./startup/startup_mk64f12.o
                0x00005430                SPI0_IRQHandler
 .text.SPI1_IRQHandler
                0x00005438        0x8 ./startup/startup_mk64f12.o
                0x00005438                SPI1_IRQHandler
 .text.I2S0_Tx_IRQHandler
                0x00005440        0x8 ./startup/startup_mk64f12.o
                0x00005440                I2S0_Tx_IRQHandler
 .text.I2S0_Rx_IRQHandler
                0x00005448        0x8 ./startup/startup_mk64f12.o
                0x00005448                I2S0_Rx_IRQHandler
 .text.UART0_LON_IRQHandler
                0x00005450        0x8 ./startup/startup_mk64f12.o
                0x00005450                UART0_LON_IRQHandler
 .text.UART0_RX_TX_IRQHandler
                0x00005458        0x8 ./startup/startup_mk64f12.o
                0x00005458                UART0_RX_TX_IRQHandler
 .text.UART0_ERR_IRQHandler
                0x00005460        0x8 ./startup/startup_mk64f12.o
                0x00005460                UART0_ERR_IRQHandler
 .text.UART1_RX_TX_IRQHandler
                0x00005468        0x8 ./startup/startup_mk64f12.o
                0x00005468                UART1_RX_TX_IRQHandler
 .text.UART1_ERR_IRQHandler
                0x00005470        0x8 ./startup/startup_mk64f12.o
                0x00005470                UART1_ERR_IRQHandler
 .text.UART2_RX_TX_IRQHandler
                0x00005478        0x8 ./startup/startup_mk64f12.o
                0x00005478                UART2_RX_TX_IRQHandler
 .text.UART2_ERR_IRQHandler
                0x00005480        0x8 ./startup/startup_mk64f12.o
                0x00005480                UART2_ERR_IRQHandler
 .text.UART3_RX_TX_IRQHandler
                0x00005488        0x8 ./startup/startup_mk64f12.o
                0x00005488                UART3_RX_TX_IRQHandler
 .text.UART3_ERR_IRQHandler
                0x00005490        0x8 ./startup/startup_mk64f12.o
                0x00005490                UART3_ERR_IRQHandler
 .text.CMP0_IRQHandler
                0x00005498        0x8 ./startup/startup_mk64f12.o
                0x00005498                CMP0_IRQHandler
 .text.CMP1_IRQHandler
                0x000054a0        0x8 ./startup/startup_mk64f12.o
                0x000054a0                CMP1_IRQHandler
 .text.FTM0_IRQHandler
                0x000054a8        0x8 ./startup/startup_mk64f12.o
                0x000054a8                FTM0_IRQHandler
 .text.FTM1_IRQHandler
                0x000054b0        0x8 ./startup/startup_mk64f12.o
                0x000054b0                FTM1_IRQHandler
 .text.FTM2_IRQHandler
                0x000054b8        0x8 ./startup/startup_mk64f12.o
                0x000054b8                FTM2_IRQHandler
 .text.CMT_IRQHandler
                0x000054c0        0x8 ./startup/startup_mk64f12.o
                0x000054c0                CMT_IRQHandler
 .text.RTC_IRQHandler
                0x000054c8        0x8 ./startup/startup_mk64f12.o
                0x000054c8                RTC_IRQHandler
 .text.RTC_Seconds_IRQHandler
                0x000054d0        0x8 ./startup/startup_mk64f12.o
                0x000054d0                RTC_Seconds_IRQHandler
 .text.PIT2_IRQHandler
                0x000054d8        0x8 ./startup/startup_mk64f12.o
                0x000054d8                PIT2_IRQHandler
 .text.PIT3_IRQHandler
                0x000054e0        0x8 ./startup/startup_mk64f12.o
                0x000054e0                PIT3_IRQHandler
 .text.PDB0_IRQHandler
                0x000054e8        0x8 ./startup/startup_mk64f12.o
                0x000054e8                PDB0_IRQHandler
 .text.USB0_IRQHandler
                0x000054f0        0x8 ./startup/startup_mk64f12.o
                0x000054f0                USB0_IRQHandler
 .text.USBDCD_IRQHandler
                0x000054f8        0x8 ./startup/startup_mk64f12.o
                0x000054f8                USBDCD_IRQHandler
 .text.Reserved71_IRQHandler
                0x00005500        0x8 ./startup/startup_mk64f12.o
                0x00005500                Reserved71_IRQHandler
 .text.DAC0_IRQHandler
                0x00005508        0x8 ./startup/startup_mk64f12.o
                0x00005508                DAC0_IRQHandler
 .text.MCG_IRQHandler
                0x00005510        0x8 ./startup/startup_mk64f12.o
                0x00005510                MCG_IRQHandler
 .text.LPTMR0_IRQHandler
                0x00005518        0x8 ./startup/startup_mk64f12.o
                0x00005518                LPTMR0_IRQHandler
 .text.PORTB_IRQHandler
                0x00005520        0x8 ./startup/startup_mk64f12.o
                0x00005520                PORTB_IRQHandler
 .text.PORTD_IRQHandler
                0x00005528        0x8 ./startup/startup_mk64f12.o
                0x00005528                PORTD_IRQHandler
 .text.PORTE_IRQHandler
                0x00005530        0x8 ./startup/startup_mk64f12.o
                0x00005530                PORTE_IRQHandler
 .text.SWI_IRQHandler
                0x00005538        0x8 ./startup/startup_mk64f12.o
                0x00005538                SWI_IRQHandler
 .text.SPI2_IRQHandler
                0x00005540        0x8 ./startup/startup_mk64f12.o
                0x00005540                SPI2_IRQHandler
 .text.UART4_RX_TX_IRQHandler
                0x00005548        0x8 ./startup/startup_mk64f12.o
                0x00005548                UART4_RX_TX_IRQHandler
 .text.UART4_ERR_IRQHandler
                0x00005550        0x8 ./startup/startup_mk64f12.o
                0x00005550                UART4_ERR_IRQHandler
 .text.UART5_RX_TX_IRQHandler
                0x00005558        0x8 ./startup/startup_mk64f12.o
                0x00005558                UART5_RX_TX_IRQHandler
 .text.UART5_ERR_IRQHandler
                0x00005560        0x8 ./startup/startup_mk64f12.o
                0x00005560                UART5_ERR_IRQHandler
 .text.CMP2_IRQHandler
                0x00005568        0x8 ./startup/startup_mk64f12.o
                0x00005568                CMP2_IRQHandler
 .text.FTM3_IRQHandler
                0x00005570        0x8 ./startup/startup_mk64f12.o
                0x00005570                FTM3_IRQHandler
 .text.DAC1_IRQHandler
                0x00005578        0x8 ./startup/startup_mk64f12.o
                0x00005578                DAC1_IRQHandler
 .text.ADC1_IRQHandler
                0x00005580        0x8 ./startup/startup_mk64f12.o
                0x00005580                ADC1_IRQHandler
 .text.I2C2_IRQHandler
                0x00005588        0x8 ./startup/startup_mk64f12.o
                0x00005588                I2C2_IRQHandler
 .text.CAN0_ORed_Message_buffer_IRQHandler
                0x00005590        0x8 ./startup/startup_mk64f12.o
                0x00005590                CAN0_ORed_Message_buffer_IRQHandler
 .text.CAN0_Bus_Off_IRQHandler
                0x00005598        0x8 ./startup/startup_mk64f12.o
                0x00005598                CAN0_Bus_Off_IRQHandler
 .text.CAN0_Error_IRQHandler
                0x000055a0        0x8 ./startup/startup_mk64f12.o
                0x000055a0                CAN0_Error_IRQHandler
 .text.CAN0_Tx_Warning_IRQHandler
                0x000055a8        0x8 ./startup/startup_mk64f12.o
                0x000055a8                CAN0_Tx_Warning_IRQHandler
 .text.CAN0_Rx_Warning_IRQHandler
                0x000055b0        0x8 ./startup/startup_mk64f12.o
                0x000055b0                CAN0_Rx_Warning_IRQHandler
 .text.CAN0_Wake_Up_IRQHandler
                0x000055b8        0x8 ./startup/startup_mk64f12.o
                0x000055b8                CAN0_Wake_Up_IRQHandler
 .text.SDHC_IRQHandler
                0x000055c0        0x8 ./startup/startup_mk64f12.o
                0x000055c0                SDHC_IRQHandler
 .text.ENET_1588_Timer_IRQHandler
                0x000055c8        0x8 ./startup/startup_mk64f12.o
                0x000055c8                ENET_1588_Timer_IRQHandler
 .text.ENET_Transmit_IRQHandler
                0x000055d0        0x8 ./startup/startup_mk64f12.o
                0x000055d0                ENET_Transmit_IRQHandler
 .text.ENET_Receive_IRQHandler
                0x000055d8        0x8 ./startup/startup_mk64f12.o
                0x000055d8                ENET_Receive_IRQHandler
 .text.ENET_Error_IRQHandler
                0x000055e0        0x8 ./startup/startup_mk64f12.o
                0x000055e0                ENET_Error_IRQHandler
 .text.GPIO_PinWrite
                0x000055e8       0x36 ./source/DSP_TPF.o
 .text.GPIO_PortSet
                0x0000561e       0x1c ./source/DSP_TPF.o
 .text.GPIO_PortClear
                0x0000563a       0x1c ./source/DSP_TPF.o
 .text.GPIO_PortToggle
                0x00005656       0x1c ./source/DSP_TPF.o
 .text.PIT_GetStatusFlags
                0x00005672       0x2a ./source/DSP_TPF.o
 .text.PIT_ClearStatusFlags
                0x0000569c       0x2a ./source/DSP_TPF.o
 .text.PIT_StartTimer
                0x000056c6       0x38 ./source/DSP_TPF.o
 .text.single_pole_iir_filter
                0x000056fe       0x5c ./source/DSP_TPF.o
                0x000056fe                single_pole_iir_filter
 .text.HardFault_Handler
                0x0000575a       0x2c ./source/semihost_hardfault.o
                0x0000575a                HardFault_Handler
 .text.sgtl5000_modify_register
                0x00005786       0x90 ./source/sgtl5000.o
                0x00005786                sgtl5000_modify_register
 .text.sgtl5000_init_MIC_in_AVC_HP_Line_out_32K
                0x00005816      0x19e ./source/sgtl5000.o
                0x00005816                sgtl5000_init_MIC_in_AVC_HP_Line_out_32K
 .text.CLOCK_EnableClock
                0x000059b4       0x34 ./drivers/fsl_adc16.o
 .text.ADC16_DoAutoCalibration
                0x000059e8      0x130 ./drivers/fsl_adc16.o
                0x000059e8                ADC16_DoAutoCalibration
 .text.ADC16_SetChannelMuxMode
                0x00005b18       0x38 ./drivers/fsl_adc16.o
                0x00005b18                ADC16_SetChannelMuxMode
 .text.ADC16_SetHardwareAverage
                0x00005b50       0x3e ./drivers/fsl_adc16.o
                0x00005b50                ADC16_SetHardwareAverage
 .text.ADC16_GetStatusFlags
                0x00005b8e       0x42 ./drivers/fsl_adc16.o
                0x00005b8e                ADC16_GetStatusFlags
 .text.CLOCK_EnableClock
                0x00005bd0       0x34 ./drivers/fsl_clock.o
 .text.CLOCK_DisableClock
                0x00005c04       0x38 ./drivers/fsl_clock.o
 .text.OSC_SetExtRefClkConfig
                0x00005c3c       0x34 ./drivers/fsl_clock.o
 .text.OSC_SetCapLoad
                0x00005c70       0x34 ./drivers/fsl_clock.o
 .text.CLOCK_GetPll0RefFreq
                0x00005ca4        0xe ./drivers/fsl_clock.o
 .text.CLOCK_GetFixedFreqClkFreq
                0x00005cb2       0x34 ./drivers/fsl_clock.o
                0x00005cb2                CLOCK_GetFixedFreqClkFreq
 .text.CLOCK_EnableClock
                0x00005ce6       0x34 ./drivers/fsl_dmamux.o
 .text.CLOCK_EnableClock
                0x00005d1a       0x34 ./drivers/fsl_edma.o
 .text.EnableIRQ
                0x00005d4e       0x32 ./drivers/fsl_edma.o
 .text.DisableGlobalIRQ
                0x00005d80       0x22 ./drivers/fsl_edma.o
 .text.EnableGlobalIRQ
                0x00005da2       0x20 ./drivers/fsl_edma.o
 .text.EDMA_AbortTransfer
                0x00005dc2       0x96 ./drivers/fsl_edma.o
                0x00005dc2                EDMA_AbortTransfer
 .text.GPIO_PinWrite
                0x00005e58       0x36 ./drivers/fsl_gpio.o
 .text.CLOCK_EnableClock
                0x00005e8e       0x34 ./drivers/fsl_i2c.o
 .text.I2C_MasterClearStatusFlags
                0x00005ec2       0x5a ./drivers/fsl_i2c.o
 .text.I2C_CheckAndClearError
                0x00005f1c       0x44 ./drivers/fsl_i2c.o
 .text.I2C_MasterStart
                0x00005f60       0x62 ./drivers/fsl_i2c.o
                0x00005f60                I2C_MasterStart
 .text.I2C_MasterRepeatedStart
                0x00005fc2       0x9a ./drivers/fsl_i2c.o
                0x00005fc2                I2C_MasterRepeatedStart
 .text.I2C_MasterStop
                0x0000605c       0x3a ./drivers/fsl_i2c.o
                0x0000605c                I2C_MasterStop
 .text.I2C_MasterGetStatusFlags
                0x00006096       0x4a ./drivers/fsl_i2c.o
                0x00006096                I2C_MasterGetStatusFlags
 .text.I2C_MasterWriteBlocking
                0x000060e0       0xdc ./drivers/fsl_i2c.o
                0x000060e0                I2C_MasterWriteBlocking
 .text.I2C_MasterReadBlocking
                0x000061bc       0xca ./drivers/fsl_i2c.o
                0x000061bc                I2C_MasterReadBlocking
 .text.CLOCK_EnableClock
                0x00006286       0x34 ./drivers/fsl_pit.o
 .text.CLOCK_EnableClock
                0x000062ba       0x34 ./drivers/fsl_sai.o
 .text.SAI_TxClearStatusFlags
                0x000062ee       0x26 ./drivers/fsl_sai.o
 .text.SAI_RxClearStatusFlags
                0x00006314       0x2a ./drivers/fsl_sai.o
 .text.SAI_TxReset
                0x0000633e       0x46 ./drivers/fsl_sai.o
                0x0000633e                SAI_TxReset
 .text.SAI_RxReset
                0x00006384       0x56 ./drivers/fsl_sai.o
                0x00006384                SAI_RxReset
 .text.SAI_TxEnable
                0x000063da       0x80 ./drivers/fsl_sai.o
                0x000063da                SAI_TxEnable
 .text.SAI_RxEnable
                0x0000645a       0x84 ./drivers/fsl_sai.o
                0x0000645a                SAI_RxEnable
 .text.SAI_TxEnableDMA
                0x000064de       0x44 ./drivers/fsl_sai_edma.o
 .text.SAI_RxEnableDMA
                0x00006522       0x4c ./drivers/fsl_sai_edma.o
 .text.SAI_TxGetDataRegisterAddress
                0x0000656e       0x20 ./drivers/fsl_sai_edma.o
 .text.SAI_RxGetDataRegisterAddress
                0x0000658e       0x20 ./drivers/fsl_sai_edma.o
 .text.SAI_TxEDMACallback
                0x000065ae       0x9c ./drivers/fsl_sai_edma.o
 .text.SAI_RxEDMACallback
                0x0000664a       0x9c ./drivers/fsl_sai_edma.o
 .text.CLOCK_EnableClock
                0x000066e6       0x34 ./drivers/fsl_uart.o
 .text.UART0_RX_TX_DriverIRQHandler
                0x0000671a       0x12 ./drivers/fsl_uart.o
                0x0000671a                UART0_RX_TX_DriverIRQHandler
 .text.UART1_RX_TX_DriverIRQHandler
                0x0000672c       0x12 ./drivers/fsl_uart.o
                0x0000672c                UART1_RX_TX_DriverIRQHandler
 .text.UART2_RX_TX_DriverIRQHandler
                0x0000673e       0x12 ./drivers/fsl_uart.o
                0x0000673e                UART2_RX_TX_DriverIRQHandler
 .text.UART3_RX_TX_DriverIRQHandler
                0x00006750       0x12 ./drivers/fsl_uart.o
                0x00006750                UART3_RX_TX_DriverIRQHandler
 .text.UART4_RX_TX_DriverIRQHandler
                0x00006762       0x12 ./drivers/fsl_uart.o
                0x00006762                UART4_RX_TX_DriverIRQHandler
 .text.UART5_RX_TX_DriverIRQHandler
                0x00006774       0x12 ./drivers/fsl_uart.o
                0x00006774                UART5_RX_TX_DriverIRQHandler
 .text.SystemInitHook
                0x00006786        0xe ./device/system_MK64F12.o
                0x00006786                SystemInitHook
 .text.DbgConsole_Init
                0x00006794       0x20 ./board/board.o
 .text.BOARD_InitDebugConsole
                0x000067b4       0x22 ./board/board.o
                0x000067b4                BOARD_InitDebugConsole
 .text.BOARD_InitBootClocks
                0x000067d6        0xc ./board/clock_config.o
                0x000067d6                BOARD_InitBootClocks
 .text.EnableIRQ
                0x000067e2       0x32 ./board/peripherals.o
 .text.ADC16_EnableHardwareTrigger
                0x00006814       0x38 ./board/peripherals.o
 .text.PIT_EnableInterrupts
                0x0000684c       0x3a ./board/peripherals.o
 .text.PIT_StartTimer
                0x00006886       0x38 ./board/peripherals.o
 .text.GPIOC_init
                0x000068be        0xe ./board/peripherals.o
 .text.GPIOA_init
                0x000068cc        0xe ./board/peripherals.o
 .text.BOARD_InitBootPeripherals
                0x000068da        0xc ./board/peripherals.o
                0x000068da                BOARD_InitBootPeripherals
 .text.CLOCK_EnableClock
                0x000068e6       0x34 ./board/pin_mux.o
 .text.PORT_SetPinMux
                0x0000691a       0x3a ./board/pin_mux.o
 .text.PORT_SetPinInterruptConfig
                0x00006954       0x3a ./board/pin_mux.o
 .text.BOARD_InitBootPins
                0x0000698e       0x10 ./board/pin_mux.o
                0x0000698e                BOARD_InitBootPins
 .text.arm_copy_q31
                0x0000699e       0x3c ./CMSIS/DSP/Source/SupportFunctions/SupportFunctions.o
                0x0000699e                arm_copy_q31
 .text.arm_add_q31
                0x000069da       0x56 ./CMSIS/DSP/Source/BasicMathFunctions/BasicMathFunctions.o
                0x000069da                arm_add_q31
 .text.arm_mult_q31
                0x00006a30       0x8a ./CMSIS/DSP/Source/BasicMathFunctions/BasicMathFunctions.o
                0x00006a30                arm_mult_q31
 .text.arm_scale_q31
                0x00006aba      0x13e ./CMSIS/DSP/Source/BasicMathFunctions/BasicMathFunctions.o
                0x00006aba                arm_scale_q31
 .text.__main   0x00006bf8        0xe c:/nxp/mcuxpressoide_11.4.0_6224/ide/plugins/com.nxp.mcuxpresso.tools.win32_11.4.0.202103011116/tools/bin/../lib/gcc/arm-none-eabi/10.2.1/../../../../arm-none-eabi/lib/thumb/v7e-m+fp/hard\libcr_semihost_nf.a(_cr__main.o)
                0x00006bf8                __CR_SEMIHOST
                0x00006bf8                __main
 .text.memset   0x00006c06        0x4 c:/nxp/mcuxpressoide_11.4.0_6224/ide/plugins/com.nxp.mcuxpresso.tools.win32_11.4.0.202103011116/tools/bin/../lib/gcc/arm-none-eabi/10.2.1/../../../../arm-none-eabi/lib/thumb/v7e-m+fp/hard\libcr_c.a(memset.o)
                0x00006c06                memset
 .text._deferredlazyseek
                0x00006c0a       0x40 c:/nxp/mcuxpressoide_11.4.0_6224/ide/plugins/com.nxp.mcuxpresso.tools.win32_11.4.0.202103011116/tools/bin/../lib/gcc/arm-none-eabi/10.2.1/../../../../arm-none-eabi/lib/thumb/v7e-m+fp/hard\libcr_c.a(_deferredlazyseek.o)
                0x00006c0a                _deferredlazyseek
 .text.__flsbuf
                0x00006c4a      0x140 c:/nxp/mcuxpressoide_11.4.0_6224/ide/plugins/com.nxp.mcuxpresso.tools.win32_11.4.0.202103011116/tools/bin/../lib/gcc/arm-none-eabi/10.2.1/../../../../arm-none-eabi/lib/thumb/v7e-m+fp/hard\libcr_c.a(_deferredlazyseek.o)
                0x00006c4a                __flsbuf
 .text._fflush  0x00006d8a       0x52 c:/nxp/mcuxpressoide_11.4.0_6224/ide/plugins/com.nxp.mcuxpresso.tools.win32_11.4.0.202103011116/tools/bin/../lib/gcc/arm-none-eabi/10.2.1/../../../../arm-none-eabi/lib/thumb/v7e-m+fp/hard\libcr_c.a(_fflush.o)
                0x00006d8a                _fflush
 .text.free     0x00006ddc       0x30 c:/nxp/mcuxpressoide_11.4.0_6224/ide/plugins/com.nxp.mcuxpresso.tools.win32_11.4.0.202103011116/tools/bin/../lib/gcc/arm-none-eabi/10.2.1/../../../../arm-none-eabi/lib/thumb/v7e-m+fp/hard\libcr_c.a(alloc.o)
                0x00006ddc                free
 .text.fputs    0x00006e0c       0x2c c:/nxp/mcuxpressoide_11.4.0_6224/ide/plugins/com.nxp.mcuxpresso.tools.win32_11.4.0.202103011116/tools/bin/../lib/gcc/arm-none-eabi/10.2.1/../../../../arm-none-eabi/lib/thumb/v7e-m+fp/hard\libcr_c.a(fputs.o)
                0x00006e0c                fputs
 .text.setvbuf  0x00006e38       0x3e c:/nxp/mcuxpressoide_11.4.0_6224/ide/plugins/com.nxp.mcuxpresso.tools.win32_11.4.0.202103011116/tools/bin/../lib/gcc/arm-none-eabi/10.2.1/../../../../arm-none-eabi/lib/thumb/v7e-m+fp/hard\libcr_c.a(setvbuf.o)
                0x00006e38                setvbuf
 .text.abs      0x00006e76        0x8 c:/nxp/mcuxpressoide_11.4.0_6224/ide/plugins/com.nxp.mcuxpresso.tools.win32_11.4.0.202103011116/tools/bin/../lib/gcc/arm-none-eabi/10.2.1/../../../../arm-none-eabi/lib/thumb/v7e-m+fp/hard\libcr_c.a(stdlib.o)
                0x00006e76                abs
 .text.strlen   0x00006e7e       0x48 c:/nxp/mcuxpressoide_11.4.0_6224/ide/plugins/com.nxp.mcuxpresso.tools.win32_11.4.0.202103011116/tools/bin/../lib/gcc/arm-none-eabi/10.2.1/../../../../arm-none-eabi/lib/thumb/v7e-m+fp/hard\libcr_c.a(strlen.o)
                0x00006e7e                strlen
 .text._fdopen  0x00006ec6       0x68 c:/nxp/mcuxpressoide_11.4.0_6224/ide/plugins/com.nxp.mcuxpresso.tools.win32_11.4.0.202103011116/tools/bin/../lib/gcc/arm-none-eabi/10.2.1/../../../../arm-none-eabi/lib/thumb/v7e-m+fp/hard\libcr_c.a(_fdopen.o)
                0x00006ec6                _fdopen
 .text.fclose   0x00006f2e       0x58 c:/nxp/mcuxpressoide_11.4.0_6224/ide/plugins/com.nxp.mcuxpresso.tools.win32_11.4.0.202103011116/tools/bin/../lib/gcc/arm-none-eabi/10.2.1/../../../../arm-none-eabi/lib/thumb/v7e-m+fp/hard\libcr_c.a(fclose.o)
                0x00006f2e                fclose
 .text.remove   0x00006f86       0x14 c:/nxp/mcuxpressoide_11.4.0_6224/ide/plugins/com.nxp.mcuxpresso.tools.win32_11.4.0.202103011116/tools/bin/../lib/gcc/arm-none-eabi/10.2.1/../../../../arm-none-eabi/lib/thumb/v7e-m+fp/hard\libcr_c.a(remove.o)
                0x00006f86                remove
 .text._do_fflush
                0x00006f9a       0x40 c:/nxp/mcuxpressoide_11.4.0_6224/ide/plugins/com.nxp.mcuxpresso.tools.win32_11.4.0.202103011116/tools/bin/../lib/gcc/arm-none-eabi/10.2.1/../../../../arm-none-eabi/lib/thumb/v7e-m+fp/hard\libcr_c.a(_do_fflush.o)
                0x00006f9a                _do_fflush
 .text.__aeabi_division_uldivmod
                0x00006fda      0x174 c:/nxp/mcuxpressoide_11.4.0_6224/ide/plugins/com.nxp.mcuxpresso.tools.win32_11.4.0.202103011116/tools/bin/../lib/gcc/arm-none-eabi/10.2.1/thumb/v7e-m+fp/hard\libcr_eabihelpers.a(division_64.o)
                0x00006fda                __aeabi_uldivmod
                0x00006fde                __bhs_ldivmod1
 .text.__aeabi_division_idiv0
                0x0000714e        0x2 c:/nxp/mcuxpressoide_11.4.0_6224/ide/plugins/com.nxp.mcuxpresso.tools.win32_11.4.0.202103011116/tools/bin/../lib/gcc/arm-none-eabi/10.2.1/thumb/v7e-m+fp/hard\libcr_eabihelpers.a(division_idiv0.o)
                0x0000714e                __aeabi_idiv0
 .text.__aeabi_memset_lowlevel
                0x00007150       0x32 c:/nxp/mcuxpressoide_11.4.0_6224/ide/plugins/com.nxp.mcuxpresso.tools.win32_11.4.0.202103011116/tools/bin/../lib/gcc/arm-none-eabi/10.2.1/thumb/v7e-m+fp/hard\libcr_eabihelpers.a(memcpy.o)
                0x00007150                __aeabi_lowlevel_memset
 .text.__sys_close
                0x00007182        0xc c:/nxp/mcuxpressoide_11.4.0_6224/ide/plugins/com.nxp.mcuxpresso.tools.win32_11.4.0.202103011116/tools/bin/../lib/gcc/arm-none-eabi/10.2.1/../../../../arm-none-eabi/lib/thumb/v7e-m+fp/hard\libcr_semihost_nf.a(__sys_close.o)
                0x00007182                __sys_close
 .text.__sys_flen
                0x0000718e        0xc c:/nxp/mcuxpressoide_11.4.0_6224/ide/plugins/com.nxp.mcuxpresso.tools.win32_11.4.0.202103011116/tools/bin/../lib/gcc/arm-none-eabi/10.2.1/../../../../arm-none-eabi/lib/thumb/v7e-m+fp/hard\libcr_semihost_nf.a(__sys_flen.o)
                0x0000718e                __sys_flen
 .text.__sys_istty
                0x0000719a        0xc c:/nxp/mcuxpressoide_11.4.0_6224/ide/plugins/com.nxp.mcuxpresso.tools.win32_11.4.0.202103011116/tools/bin/../lib/gcc/arm-none-eabi/10.2.1/../../../../arm-none-eabi/lib/thumb/v7e-m+fp/hard\libcr_semihost_nf.a(__sys_istty.o)
                0x0000719a                __sys_istty
 .text.__sys_remove
                0x000071a6        0xc c:/nxp/mcuxpressoide_11.4.0_6224/ide/plugins/com.nxp.mcuxpresso.tools.win32_11.4.0.202103011116/tools/bin/../lib/gcc/arm-none-eabi/10.2.1/../../../../arm-none-eabi/lib/thumb/v7e-m+fp/hard\libcr_semihost_nf.a(__sys_remove.o)
                0x000071a6                __sys_remove
 .text.__sys_seek
                0x000071b2        0xc c:/nxp/mcuxpressoide_11.4.0_6224/ide/plugins/com.nxp.mcuxpresso.tools.win32_11.4.0.202103011116/tools/bin/../lib/gcc/arm-none-eabi/10.2.1/../../../../arm-none-eabi/lib/thumb/v7e-m+fp/hard\libcr_semihost_nf.a(__sys_seek.o)
                0x000071b2                __sys_seek
 .text.__sys_tmpnam
                0x000071be        0xc c:/nxp/mcuxpressoide_11.4.0_6224/ide/plugins/com.nxp.mcuxpresso.tools.win32_11.4.0.202103011116/tools/bin/../lib/gcc/arm-none-eabi/10.2.1/../../../../arm-none-eabi/lib/thumb/v7e-m+fp/hard\libcr_semihost_nf.a(__sys_tmpnam.o)
                0x000071be                __sys_tmpnam
 .text.__sys_write
                0x000071ca        0xc c:/nxp/mcuxpressoide_11.4.0_6224/ide/plugins/com.nxp.mcuxpresso.tools.win32_11.4.0.202103011116/tools/bin/../lib/gcc/arm-none-eabi/10.2.1/../../../../arm-none-eabi/lib/thumb/v7e-m+fp/hard\libcr_semihost_nf.a(__sys_write.o)
                0x000071ca                __sys_write
 *(SORT_BY_ALIGNMENT(.rodata) SORT_BY_ALIGNMENT(.rodata.*) SORT_BY_ALIGNMENT(.constdata) SORT_BY_ALIGNMENT(.constdata.*))
 *fill*         0x000071d6        0x2 ff
 .rodata.ADC16_GetChannelConversionValue.str1.4
                0x000071d8       0xa3 ./source/DSP_TPF.o
 *fill*         0x0000727b        0x1 ff
 .rodata.PIT_SetTimerPeriod.str1.4
                0x0000727c       0x69 ./source/DSP_TPF.o
 *fill*         0x000072e5        0x3 ff
 .rodata.s_adc16Bases
                0x000072e8        0x8 ./drivers/fsl_adc16.o
 .rodata.s_adc16Clocks
                0x000072f0        0x8 ./drivers/fsl_adc16.o
 .rodata.ADC16_GetInstance.str1.4
                0x000072f8       0x36 ./drivers/fsl_adc16.o
 *fill*         0x0000732e        0x2 ff
 .rodata.ADC16_Init.str1.4
                0x00007330       0x21 ./drivers/fsl_adc16.o
 *fill*         0x00007351        0x3 ff
 .rodata.ADC16_SetChannelConfig.str1.4
                0x00007354       0x52 ./drivers/fsl_adc16.o
 *fill*         0x000073a6        0x2 ff
 .rodata.ADC16_GetChannelStatusFlags.str1.4
                0x000073a8       0x30 ./drivers/fsl_adc16.o
 .rodata.CLOCK_GetMcgExtClkFreq.str1.4
                0x000073d8       0x4e ./drivers/fsl_clock.o
 *fill*         0x00007426        0x2 ff
 .rodata.CLOCK_GetOsc0ErClkFreq.str1.4
                0x00007428       0x1f ./drivers/fsl_clock.o
 *fill*         0x00007447        0x1 ff
 .rodata.CLOCK_GetEr32kClkFreq.str1.4
                0x00007448       0x20 ./drivers/fsl_clock.o
 .rodata.CLOCK_GetPll0Freq.str1.4
                0x00007468       0x1e ./drivers/fsl_clock.o
 *fill*         0x00007486        0x2 ff
 .rodata.CLOCK_EnablePll0.str1.4
                0x00007488       0x1b ./drivers/fsl_clock.o
 *fill*         0x000074a3        0x1 ff
 .rodata.CLOCK_SetPbeMode.str1.4
                0x000074a4       0x1b ./drivers/fsl_clock.o
 *fill*         0x000074bf        0x1 ff
 .rodata.CLOCK_BootToPeeMode.str1.4
                0x000074c0       0x1b ./drivers/fsl_clock.o
 *fill*         0x000074db        0x1 ff
 .rodata.fllFactorTable.1
                0x000074dc       0x10 ./drivers/fsl_clock.o
 .rodata.DMAMUX_GetInstance.str1.4
                0x000074ec       0x38 ./drivers/fsl_dmamux.o
 .rodata.s_edmaIRQNumber
                0x00007524       0x10 ./drivers/fsl_edma.o
 .rodata.EDMA_GetInstance.str1.4
                0x00007534       0x34 ./drivers/fsl_edma.o
 .rodata.EDMA_InstallTCD.str1.4
                0x00007568       0x97 ./drivers/fsl_edma.o
 *fill*         0x000075ff        0x1 ff
 .rodata.EDMA_Init.str1.4
                0x00007600       0x21 ./drivers/fsl_edma.o
 *fill*         0x00007621        0x3 ff
 .rodata.EDMA_SetTransferConfig.str1.4
                0x00007624       0xa0 ./drivers/fsl_edma.o
 .rodata.EDMA_TcdReset.str1.4
                0x000076c4       0x50 ./drivers/fsl_edma.o
 .rodata.EDMA_TcdSetTransferConfig.str1.4
                0x00007714      0x159 ./drivers/fsl_edma.o
 *fill*         0x0000786d        0x3 ff
 .rodata.EDMA_GetInstanceOffset.str1.4
                0x00007870       0x2f ./drivers/fsl_edma.o
 *fill*         0x0000789f        0x1 ff
 .rodata.EDMA_CreateHandle.str1.4
                0x000078a0       0x6a ./drivers/fsl_edma.o
 *fill*         0x0000790a        0x2 ff
 .rodata.EDMA_InstallTCDMemory.str1.4
                0x0000790c       0x58 ./drivers/fsl_edma.o
 .rodata.EDMA_SetCallback.str1.4
                0x00007964       0x21 ./drivers/fsl_edma.o
 *fill*         0x00007985        0x3 ff
 .rodata.EDMA_TransferWidthMapping.str1.4
                0x00007988       0x18 ./drivers/fsl_edma.o
 .rodata.EDMA_PrepareTransferConfig.str1.4
                0x000079a0      0x1fb ./drivers/fsl_edma.o
 *fill*         0x00007b9b        0x1 ff
 .rodata.EDMA_PrepareTransfer.str1.4
                0x00007b9c       0x3d ./drivers/fsl_edma.o
 *fill*         0x00007bd9        0x3 ff
 .rodata.EDMA_SubmitTransfer.str1.4
                0x00007bdc       0x46 ./drivers/fsl_edma.o
 *fill*         0x00007c22        0x2 ff
 .rodata.EDMA_StartTransfer.str1.4
                0x00007c24       0x22 ./drivers/fsl_edma.o
 *fill*         0x00007c46        0x2 ff
 .rodata.EDMA_HandleIRQ.str1.4
                0x00007c48       0x22 ./drivers/fsl_edma.o
 *fill*         0x00007c6a        0x2 ff
 .rodata.s_portBases
                0x00007c6c       0x14 ./drivers/fsl_gpio.o
 .rodata.s_gpioBases
                0x00007c80       0x14 ./drivers/fsl_gpio.o
 .rodata.GPIO_GetInstance.str1.4
                0x00007c94       0x34 ./drivers/fsl_gpio.o
 .rodata.GPIO_PinInit.str1.4
                0x00007cc8       0x21 ./drivers/fsl_gpio.o
 *fill*         0x00007ce9        0x3 ff
 .rodata.s_i2cDividerTable
                0x00007cec       0x80 ./drivers/fsl_i2c.o
 .rodata.s_i2cClocks
                0x00007d6c        0xc ./drivers/fsl_i2c.o
 .rodata.s_i2cBases
                0x00007d78        0xc ./drivers/fsl_i2c.o
 .rodata.I2C_GetInstance.str1.4
                0x00007d84       0x33 ./drivers/fsl_i2c.o
 *fill*         0x00007db7        0x1 ff
 .rodata.I2C_MasterInit.str1.4
                0x00007db8       0x4b ./drivers/fsl_i2c.o
 *fill*         0x00007e03        0x1 ff
 .rodata.I2C_MasterTransferBlocking.str1.4
                0x00007e04       0x1f ./drivers/fsl_i2c.o
 *fill*         0x00007e23        0x1 ff
 .rodata.PIT_GetInstance.str1.4
                0x00007e24       0x32 ./drivers/fsl_pit.o
 *fill*         0x00007e56        0x2 ff
 .rodata.PIT_Init.str1.4
                0x00007e58       0x1f ./drivers/fsl_pit.o
 *fill*         0x00007e77        0x1 ff
 .rodata.SAI_SetMasterClockDivider.str1.4
                0x00007e78       0x2c ./drivers/fsl_sai.o
 .rodata.SAI_GetInstance.str1.4
                0x00007ea4       0x33 ./drivers/fsl_sai.o
 *fill*         0x00007ed7        0x1 ff
 .rodata.SAI_TxSetBitClockRate.str1.4
                0x00007ed8       0x30 ./drivers/fsl_sai.o
 .rodata.SAI_RxSetBitClockRate.str1.4
                0x00007f08       0x30 ./drivers/fsl_sai.o
 .rodata.SAI_TxSetBitclockConfig.str1.4
                0x00007f38       0x21 ./drivers/fsl_sai.o
 *fill*         0x00007f59        0x3 ff
 .rodata.SAI_RxSetBitclockConfig.str1.4
                0x00007f5c       0x21 ./drivers/fsl_sai.o
 *fill*         0x00007f7d        0x3 ff
 .rodata.SAI_SetMasterClockConfig.str1.4
                0x00007f80       0x21 ./drivers/fsl_sai.o
 *fill*         0x00007fa1        0x3 ff
 .rodata.SAI_TxSetFifoConfig.str1.4
                0x00007fa4       0x79 ./drivers/fsl_sai.o
 *fill*         0x0000801d        0x3 ff
 .rodata.SAI_RxSetFifoConfig.str1.4
                0x00008020       0x79 ./drivers/fsl_sai.o
 *fill*         0x00008099        0x3 ff
 .rodata.SAI_TxSetFrameSyncConfig.str1.4
                0x0000809c       0x84 ./drivers/fsl_sai.o
 .rodata.SAI_RxSetFrameSyncConfig.str1.4
                0x00008120       0x84 ./drivers/fsl_sai.o
 .rodata.SAI_TxSetSerialDataConfig.str1.4
                0x000081a4       0x21 ./drivers/fsl_sai.o
 *fill*         0x000081c5        0x3 ff
 .rodata.SAI_RxSetSerialDataConfig.str1.4
                0x000081c8       0x21 ./drivers/fsl_sai.o
 *fill*         0x000081e9        0x3 ff
 .rodata.SAI_TxSetConfig.str1.4
                0x000081ec       0x21 ./drivers/fsl_sai.o
 *fill*         0x0000820d        0x3 ff
 .rodata.SAI_RxSetConfig.str1.4
                0x00008210       0x21 ./drivers/fsl_sai.o
 *fill*         0x00008231        0x3 ff
 .rodata.I2S0_Tx_DriverIRQHandler.str1.4
                0x00008234       0x2c ./drivers/fsl_sai.o
 .rodata.I2S0_Rx_DriverIRQHandler.str1.4
                0x00008260       0x2c ./drivers/fsl_sai.o
 .rodata.SAI_GetInstance.str1.4
                0x0000828c       0x37 ./drivers/fsl_sai_edma.o
 *fill*         0x000082c3        0x1 ff
 .rodata.SAI_TransferTxCreateHandleEDMA.str1.4
                0x000082c4       0x40 ./drivers/fsl_sai_edma.o
 .rodata.SAI_TransferRxCreateHandleEDMA.str1.4
                0x00008304       0x40 ./drivers/fsl_sai_edma.o
 .rodata.SAI_TransferTxSetConfigEDMA.str1.4
                0x00008344       0x3e ./drivers/fsl_sai_edma.o
 *fill*         0x00008382        0x2 ff
 .rodata.SAI_TransferRxSetConfigEDMA.str1.4
                0x00008384       0x3e ./drivers/fsl_sai_edma.o
 *fill*         0x000083c2        0x2 ff
 .rodata.SAI_TransferSendEDMA.str1.4
                0x000083c4       0x39 ./drivers/fsl_sai_edma.o
 *fill*         0x000083fd        0x3 ff
 .rodata.SAI_TransferReceiveEDMA.str1.4
                0x00008400       0x39 ./drivers/fsl_sai_edma.o
 *fill*         0x00008439        0x3 ff
 .rodata.s_uartBases
                0x0000843c       0x18 ./drivers/fsl_uart.o
 .rodata.s_uartClock
                0x00008454       0x18 ./drivers/fsl_uart.o
 .rodata.UART_GetInstance.str1.4
                0x0000846c       0x2c ./drivers/fsl_uart.o
 .rodata.UART_Init.str1.4
                0x00008498      0x104 ./drivers/fsl_uart.o
 .rodata.mcgConfig_BOARD_BootClockRUN
                0x0000859c        0xb ./board/clock_config.o
                0x0000859c                mcgConfig_BOARD_BootClockRUN
 *fill*         0x000085a7        0x1 ff
 .rodata.simConfig_BOARD_BootClockRUN
                0x000085a8        0x8 ./board/clock_config.o
                0x000085a8                simConfig_BOARD_BootClockRUN
 .rodata.oscConfig_BOARD_BootClockRUN
                0x000085b0        0x8 ./board/clock_config.o
                0x000085b0                oscConfig_BOARD_BootClockRUN
 .rodata.DMAMUX_EnableChannel.str1.4
                0x000085b8       0x95 ./board/peripherals.o
 *fill*         0x0000864d        0x3 ff
 .rodata.DMAMUX_SetSource.str1.4
                0x00008650       0x96 ./board/peripherals.o
 .rodata.PIT_SetTimerPeriod.str1.4
                0x000086e6       0x69 ./board/peripherals.o
 *fill*         0x000086e6        0x2 ff
 .rodata.DMA_config
                0x000086e8        0x4 ./board/peripherals.o
                0x000086e8                DMA_config
 .rodata.I2C0_config
                0x000086ec        0xc ./board/peripherals.o
                0x000086ec                I2C0_config
 .rodata.UART0_config
                0x000086f8       0x10 ./board/peripherals.o
                0x000086f8                UART0_config
 .rodata.ADC0_config
                0x00008708        0xa ./board/peripherals.o
                0x00008708                ADC0_config
 *fill*         0x00008712        0x2 ff
 .rodata.PIT_config
                0x00008714        0x1 ./board/peripherals.o
                0x00008714                PIT_config
 *fill*         0x00008715        0x3 ff
 .rodata.PORT_SetPinConfig.str1.4
                0x00008718       0x65 ./board/pin_mux.o
 *fill*         0x0000877d        0x3 ff
 .rodata        0x00008780        0x2 ./board/pin_mux.o
 *fill*         0x00008782        0x2 ff
 .rodata.__num_Ciob_streams
                0x00008784        0x4 c:/nxp/mcuxpressoide_11.4.0_6224/ide/plugins/com.nxp.mcuxpresso.tools.win32_11.4.0.202103011116/tools/bin/../lib/gcc/arm-none-eabi/10.2.1/../../../../arm-none-eabi/lib/thumb/v7e-m+fp/hard\libcr_semihost_nf.a(__ciob.o)
                0x00008784                __num_Ciob_streams
 .rodata.__assertion_failed.str1.1
                0x00008788       0x15 c:/nxp/mcuxpressoide_11.4.0_6224/ide/plugins/com.nxp.mcuxpresso.tools.win32_11.4.0.202103011116/tools/bin/../lib/gcc/arm-none-eabi/10.2.1/../../../../arm-none-eabi/lib/thumb/v7e-m+fp/hard\libcr_semihost_nf.a(_cr_assert.o)
 .rodata._Csys_alloc.str1.1
                0x0000879d       0x18 c:/nxp/mcuxpressoide_11.4.0_6224/ide/plugins/com.nxp.mcuxpresso.tools.win32_11.4.0.202103011116/tools/bin/../lib/gcc/arm-none-eabi/10.2.1/../../../../arm-none-eabi/lib/thumb/v7e-m+fp/hard\libcr_c.a(alloc.o)
 .rodata._initio.str1.1
                0x000087b5        0x4 c:/nxp/mcuxpressoide_11.4.0_6224/ide/plugins/com.nxp.mcuxpresso.tools.win32_11.4.0.202103011116/tools/bin/../lib/gcc/arm-none-eabi/10.2.1/../../../../arm-none-eabi/lib/thumb/v7e-m+fp/hard\libcr_c.a(initio.o)
                0x000087c0                . = ALIGN (0x8)
 *fill*         0x000087b9        0x7 ff

.glue_7         0x000087c0        0x0
 .glue_7        0x000087c0        0x0 linker stubs

.glue_7t        0x000087c0        0x0
 .glue_7t       0x000087c0        0x0 linker stubs

.vfp11_veneer   0x000087c0        0x0
 .vfp11_veneer  0x000087c0        0x0 linker stubs

.v4_bx          0x000087c0        0x0
 .v4_bx         0x000087c0        0x0 linker stubs

.iplt           0x000087c0        0x0
 .iplt          0x000087c0        0x0 ./startup/startup_mk64f12.o

.rel.dyn        0x000087c0        0x0
 .rel.iplt      0x000087c0        0x0 ./startup/startup_mk64f12.o

.ARM.extab
 *(SORT_BY_ALIGNMENT(.ARM.extab*) SORT_BY_ALIGNMENT(.gnu.linkonce.armextab.*))

.ARM.exidx      0x000087c0        0x0
                0x000087c0                __exidx_start = .
 *(SORT_BY_ALIGNMENT(.ARM.exidx*) SORT_BY_ALIGNMENT(.gnu.linkonce.armexidx.*))
                0x000087c0                __exidx_end = .
                0x000087c0                _etext = .

.m_usb_data
 *(SORT_BY_ALIGNMENT(m_usb_bdt))

.data_RAM2      0x1fff0000        0x0 load address 0x000087c0
 FILL mask 0xff
                [!provide]                PROVIDE (__start_data_RAM2 = .)
                [!provide]                PROVIDE (__start_data_SRAM_LOWER = .)
 *(SORT_BY_ALIGNMENT(.ramfunc.$RAM2))
 *(SORT_BY_ALIGNMENT(.ramfunc.$SRAM_LOWER))
 *(SORT_BY_ALIGNMENT(.data.$RAM2))
 *(SORT_BY_ALIGNMENT(.data.$SRAM_LOWER))
 *(SORT_BY_ALIGNMENT(.data.$RAM2.*))
 *(SORT_BY_ALIGNMENT(.data.$SRAM_LOWER.*))
                0x1fff0000                . = ALIGN (0x8)
                [!provide]                PROVIDE (__end_data_RAM2 = .)
                [!provide]                PROVIDE (__end_data_SRAM_LOWER = .)

.data_RAM3      0x14000000        0x0 load address 0x000087c0
 FILL mask 0xff
                [!provide]                PROVIDE (__start_data_RAM3 = .)
                [!provide]                PROVIDE (__start_data_FLEX_RAM = .)
 *(SORT_BY_ALIGNMENT(.ramfunc.$RAM3))
 *(SORT_BY_ALIGNMENT(.ramfunc.$FLEX_RAM))
 *(SORT_BY_ALIGNMENT(.data.$RAM3))
 *(SORT_BY_ALIGNMENT(.data.$FLEX_RAM))
 *(SORT_BY_ALIGNMENT(.data.$RAM3.*))
 *(SORT_BY_ALIGNMENT(.data.$FLEX_RAM.*))
                0x14000000                . = ALIGN (0x8)
                [!provide]                PROVIDE (__end_data_RAM3 = .)
                [!provide]                PROVIDE (__end_data_FLEX_RAM = .)

.uninit_RESERVED
                0x20000000        0x0
                0x20000000                _start_uninit_RESERVED = .
 *(SORT_BY_ALIGNMENT(.bss.$RESERVED*))
                0x20000000                . = ALIGN (0x8)
                0x20000000                _end_uninit_RESERVED = .

.data           0x20000000       0x80 load address 0x000087c0
 FILL mask 0xff
                0x20000000                _data = .
                [!provide]                PROVIDE (__start_data_RAM = .)
                [!provide]                PROVIDE (__start_data_SRAM_UPPER = .)
 *(SORT_BY_ALIGNMENT(vtable))
 *(SORT_BY_ALIGNMENT(.ramfunc*))
 *(SORT_BY_ALIGNMENT(CodeQuickAccess))
 *(SORT_BY_ALIGNMENT(DataQuickAccess))
 *(SORT_BY_ALIGNMENT(RamFunction))
 *(SORT_BY_ALIGNMENT(.data*))
 .data.pingIn   0x20000000        0x4 ./source/DSP_TPF.o
                0x20000000                pingIn
 .data.pingOut  0x20000004        0x4 ./source/DSP_TPF.o
                0x20000004                pingOut
 .data.pongIn   0x20000008        0x4 ./source/DSP_TPF.o
                0x20000008                pongIn
 .data.pongOut  0x2000000c        0x4 ./source/DSP_TPF.o
                0x2000000c                pongOut
 .data.delayInMs
                0x20000010        0x4 ./source/DSP_TPF.o
                0x20000010                delayInMs
 .data.delayInSamples
                0x20000014        0x4 ./source/DSP_TPF.o
                0x20000014                delayInSamples
 .data.s_slowIrcFreq
                0x20000018        0x4 ./drivers/fsl_clock.o
 .data.s_fastIrcFreq
                0x2000001c        0x4 ./drivers/fsl_clock.o
 .data.SystemCoreClock
                0x20000020        0x4 ./device/system_MK64F12.o
                0x20000020                SystemCoreClock
 .data.I2S0_Tx_config
                0x20000024       0x1c ./board/peripherals.o
                0x20000024                I2S0_Tx_config
 .data.I2S0_Rx_config
                0x20000040       0x1c ./board/peripherals.o
                0x20000040                I2S0_Rx_config
 .data.I2S0_MCLK_config
                0x2000005c        0xc ./board/peripherals.o
                0x2000005c                I2S0_MCLK_config
 .data.ADC0_channelsConfig
                0x20000068       0x10 ./board/peripherals.o
                0x20000068                ADC0_channelsConfig
 .data.syncFlag
                0x20000078        0x1 ./source/DSP_TPF.o
                0x20000078                syncFlag
                0x20000080                . = ALIGN (0x8)
 *fill*         0x20000079        0x7 ff
                0x20000080                _edata = .
                [!provide]                PROVIDE (__end_data_RAM = .)
                [!provide]                PROVIDE (__end_data_SRAM_UPPER = .)

.igot.plt       0x20000080        0x0 load address 0x00008840
 .igot.plt      0x20000080        0x0 ./startup/startup_mk64f12.o

.bss_RAM2       0x1fff0000        0x0
                [!provide]                PROVIDE (__start_bss_RAM2 = .)
                [!provide]                PROVIDE (__start_bss_SRAM_LOWER = .)
 *(SORT_BY_ALIGNMENT(.bss.$RAM2))
 *(SORT_BY_ALIGNMENT(.bss.$SRAM_LOWER))
 *(SORT_BY_ALIGNMENT(.bss.$RAM2.*))
 *(SORT_BY_ALIGNMENT(.bss.$SRAM_LOWER.*))
                0x1fff0000                . = ALIGN ((. != 0x0)?0x8:0x1)
                [!provide]                PROVIDE (__end_bss_RAM2 = .)
                [!provide]                PROVIDE (__end_bss_SRAM_LOWER = .)

.bss_RAM3       0x14000000        0x0
                [!provide]                PROVIDE (__start_bss_RAM3 = .)
                [!provide]                PROVIDE (__start_bss_FLEX_RAM = .)
 *(SORT_BY_ALIGNMENT(.bss.$RAM3))
 *(SORT_BY_ALIGNMENT(.bss.$FLEX_RAM))
 *(SORT_BY_ALIGNMENT(.bss.$RAM3.*))
 *(SORT_BY_ALIGNMENT(.bss.$FLEX_RAM.*))
                0x14000000                . = ALIGN ((. != 0x0)?0x8:0x1)
                [!provide]                PROVIDE (__end_bss_RAM3 = .)
                [!provide]                PROVIDE (__end_bss_FLEX_RAM = .)

.bss            0x20000080    0x1fa58
                0x20000080                _bss = .
                [!provide]                PROVIDE (__start_bss_RAM = .)
                [!provide]                PROVIDE (__start_bss_SRAM_UPPER = .)
 *(SORT_BY_ALIGNMENT(.bss*))
 .bss.pingPongIN
                0x20000080      0x100 ./source/DSP_TPF.o
                0x20000080                pingPongIN
 .bss.pingPongOUT
                0x20000180      0x100 ./source/DSP_TPF.o
                0x20000180                pingPongOUT
 .bss.LInBuff   0x20000280       0x40 ./source/DSP_TPF.o
                0x20000280                LInBuff
 .bss.RInBuff   0x200002c0       0x40 ./source/DSP_TPF.o
                0x200002c0                RInBuff
 .bss.LInBuffScaledD
                0x20000300       0x40 ./source/DSP_TPF.o
                0x20000300                LInBuffScaledD
 .bss.readIndex
                0x20000340        0x4 ./source/DSP_TPF.o
                0x20000340                readIndex
 .bss.writeIndex
                0x20000344        0x4 ./source/DSP_TPF.o
                0x20000344                writeIndex
 .bss.delayFeedBack
                0x20000348        0x4 ./source/DSP_TPF.o
                0x20000348                delayFeedBack
 .bss.delayFifo
                0x2000034c    0x1f400 ./source/DSP_TPF.o
                0x2000034c                delayFifo
 .bss.rxFer     0x2001f74c        0x8 ./source/DSP_TPF.o
                0x2001f74c                rxFer
 .bss.txFer     0x2001f754        0x8 ./source/DSP_TPF.o
                0x2001f754                txFer
 .bss.adcSampleCh0
                0x2001f75c        0x4 ./source/DSP_TPF.o
                0x2001f75c                adcSampleCh0
 .bss.adcSampleCh1
                0x2001f760        0x4 ./source/DSP_TPF.o
                0x2001f760                adcSampleCh1
 .bss.iirFilt   0x2001f764        0x8 ./source/DSP_TPF.o
                0x2001f764                iirFilt
 .bss.iirFilt2  0x2001f76c        0x8 ./source/DSP_TPF.o
                0x2001f76c                iirFilt2
 .bss.g_xtal0Freq
                0x2001f774        0x4 ./drivers/fsl_clock.o
                0x2001f774                g_xtal0Freq
 .bss.g_xtal32Freq
                0x2001f778        0x4 ./drivers/fsl_clock.o
                0x2001f778                g_xtal32Freq
 .bss.s_EDMAHandle
                0x2001f77c       0x40 ./drivers/fsl_edma.o
 .bss.s_i2cHandle
                0x2001f7bc        0xc ./drivers/fsl_i2c.o
 .bss.s_i2cMasterIsr
                0x2001f7c8        0x4 ./drivers/fsl_i2c.o
 .bss.s_i2cSlaveIsr
                0x2001f7cc        0x4 ./drivers/fsl_i2c.o
 .bss.s_saiHandle
                0x2001f7d0        0x8 ./drivers/fsl_sai.o
 .bss.s_saiTxIsr
                0x2001f7d8        0x4 ./drivers/fsl_sai.o
 .bss.s_saiRxIsr
                0x2001f7dc        0x4 ./drivers/fsl_sai.o
 .bss.s_edmaPrivateHandle
                0x2001f7e0       0x10 ./drivers/fsl_sai_edma.o
 .bss.s_uartHandle
                0x2001f7f0       0x18 ./drivers/fsl_uart.o
                0x2001f7f0                s_uartHandle
 .bss.s_uartIsr
                0x2001f808        0x4 ./drivers/fsl_uart.o
                0x2001f808                s_uartIsr
 .bss.I2S0_TX_Handle
                0x2001f80c       0x18 ./board/peripherals.o
                0x2001f80c                I2S0_TX_Handle
 .bss.I2S0_RX_Handle
                0x2001f824       0x18 ./board/peripherals.o
                0x2001f824                I2S0_RX_Handle
 .bss.I2S0_SAI_Tx_eDMA_Handle
                0x2001f83c       0xe8 ./board/peripherals.o
                0x2001f83c                I2S0_SAI_Tx_eDMA_Handle
 .bss.I2S0_SAI_Rx_eDMA_Handle
                0x2001f924       0xe8 ./board/peripherals.o
                0x2001f924                I2S0_SAI_Rx_eDMA_Handle
 .bss.__Ciob    0x2001fa0c       0xb4 c:/nxp/mcuxpressoide_11.4.0_6224/ide/plugins/com.nxp.mcuxpresso.tools.win32_11.4.0.202103011116/tools/bin/../lib/gcc/arm-none-eabi/10.2.1/../../../../arm-none-eabi/lib/thumb/v7e-m+fp/hard\libcr_semihost_nf.a(__ciob.o)
                0x2001fa0c                __Ciob
 .bss.errno     0x2001fac0        0x4 c:/nxp/mcuxpressoide_11.4.0_6224/ide/plugins/com.nxp.mcuxpresso.tools.win32_11.4.0.202103011116/tools/bin/../lib/gcc/arm-none-eabi/10.2.1/../../../../arm-none-eabi/lib/thumb/v7e-m+fp/hard\libcr_c.a(errno.o)
                0x2001fac0                errno
 .bss.__end_of_heap
                0x2001fac4        0x4 c:/nxp/mcuxpressoide_11.4.0_6224/ide/plugins/com.nxp.mcuxpresso.tools.win32_11.4.0.202103011116/tools/bin/../lib/gcc/arm-none-eabi/10.2.1/../../../../arm-none-eabi/lib/thumb/v7e-m+fp/hard\libcr_c.a(__init_alloc.o)
                0x2001fac4                __end_of_heap
 .bss.__heaps   0x2001fac8        0x4 c:/nxp/mcuxpressoide_11.4.0_6224/ide/plugins/com.nxp.mcuxpresso.tools.win32_11.4.0.202103011116/tools/bin/../lib/gcc/arm-none-eabi/10.2.1/../../../../arm-none-eabi/lib/thumb/v7e-m+fp/hard\libcr_c.a(__init_alloc.o)
                0x2001fac8                __heaps
 .bss.counter.0
                0x2001facc        0x2 ./source/DSP_TPF.o
 .bss.rx_proc_buffer
                0x2001face        0x1 ./source/DSP_TPF.o
                0x2001face                rx_proc_buffer
 .bss.tx_proc_buffer
                0x2001facf        0x1 ./source/DSP_TPF.o
                0x2001facf                tx_proc_buffer
 .bss.rx_buffer_full
                0x2001fad0        0x1 ./source/DSP_TPF.o
                0x2001fad0                rx_buffer_full
 .bss.tx_buffer_empty
                0x2001fad1        0x1 ./source/DSP_TPF.o
                0x2001fad1                tx_buffer_empty
 .bss.adcMux    0x2001fad2        0x1 ./source/DSP_TPF.o
                0x2001fad2                adcMux
 .bss.configDelayParam
                0x2001fad3        0x1 ./source/DSP_TPF.o
                0x2001fad3                configDelayParam
 .bss.configMix
                0x2001fad4        0x1 ./source/DSP_TPF.o
                0x2001fad4                configMix
 .bss.startInstanceNum.0
                0x2001fad5        0x1 ./drivers/fsl_edma.o
 *(SORT_BY_ALIGNMENT(COMMON))
                0x2001fad8                . = ALIGN (0x8)
 *fill*         0x2001fad6        0x2 
                0x2001fad8                _ebss = .
                [!provide]                PROVIDE (__end_bss_RAM = .)
                [!provide]                PROVIDE (__end_bss_SRAM_UPPER = .)
                [!provide]                PROVIDE (end = .)

.noinit_RAM2    0x1fff0000        0x0
                [!provide]                PROVIDE (__start_noinit_RAM2 = .)
                [!provide]                PROVIDE (__start_noinit_SRAM_LOWER = .)
 *(SORT_BY_ALIGNMENT(.noinit.$RAM2))
 *(SORT_BY_ALIGNMENT(.noinit.$SRAM_LOWER))
 *(SORT_BY_ALIGNMENT(.noinit.$RAM2.*))
 *(SORT_BY_ALIGNMENT(.noinit.$SRAM_LOWER.*))
                0x1fff0000                . = ALIGN (0x8)
                [!provide]                PROVIDE (__end_noinit_RAM2 = .)
                [!provide]                PROVIDE (__end_noinit_SRAM_LOWER = .)

.noinit_RAM3    0x14000000        0x0
                [!provide]                PROVIDE (__start_noinit_RAM3 = .)
                [!provide]                PROVIDE (__start_noinit_FLEX_RAM = .)
 *(SORT_BY_ALIGNMENT(.noinit.$RAM3))
 *(SORT_BY_ALIGNMENT(.noinit.$FLEX_RAM))
 *(SORT_BY_ALIGNMENT(.noinit.$RAM3.*))
 *(SORT_BY_ALIGNMENT(.noinit.$FLEX_RAM.*))
                0x14000000                . = ALIGN (0x8)
                [!provide]                PROVIDE (__end_noinit_RAM3 = .)
                [!provide]                PROVIDE (__end_noinit_FLEX_RAM = .)

.noinit         0x2001fad8        0x0
                0x2001fad8                _noinit = .
                [!provide]                PROVIDE (__start_noinit_RAM = .)
                [!provide]                PROVIDE (__start_noinit_SRAM_UPPER = .)
 *(SORT_BY_ALIGNMENT(.noinit*))
                0x2001fad8                . = ALIGN (0x8)
                0x2001fad8                _end_noinit = .
                [!provide]                PROVIDE (__end_noinit_RAM = .)
                [!provide]                PROVIDE (__end_noinit_SRAM_UPPER = .)
                0x00001000                _HeapSize = 0x1000

.heap           0x2001fad8     0x1000
                0x2001fad8                _pvHeapStart = .
                0x20020ad8                . = (. + _HeapSize)
 *fill*         0x2001fad8     0x1000 
                0x20020ad8                . = ALIGN (0x8)
                0x20020ad8                _pvHeapLimit = .
                0x00001000                _StackSize = 0x1000

.heap2stackfill
                0x20020ad8     0x1000
                0x20021ad8                . = (. + _StackSize)
 *fill*         0x20020ad8     0x1000 

.stack          0x2002f000        0x0
                0x2002f000                _vStackBase = .
                0x2002f000                . = ALIGN (0x8)
                0x20030000                _vStackTop = (. + _StackSize)
                0x00000000                _image_start = LOADADDR (.text)
                0x00008840                _image_end = (LOADADDR (.data) + SIZEOF (.data))
                0x00008840                _image_size = (_image_end - _image_start)
OUTPUT(DSP_TPF.axf elf32-littlearm)
LOAD linker stubs

.debug_info     0x00000000    0x17a5e
 .debug_info    0x00000000      0x93a ./startup/startup_mk64f12.o
 .debug_info    0x0000093a     0x198d ./source/DSP_TPF.o
 .debug_info    0x000022c7       0x3c ./source/semihost_hardfault.o
 .debug_info    0x00002303      0x62a ./source/sgtl5000.o
 .debug_info    0x0000292d      0xe56 ./drivers/fsl_adc16.o
 .debug_info    0x00003783     0x21ab ./drivers/fsl_clock.o
 .debug_info    0x0000592e      0x689 ./drivers/fsl_dmamux.o
 .debug_info    0x00005fb7     0x2386 ./drivers/fsl_edma.o
 .debug_info    0x0000833d      0x68a ./drivers/fsl_gpio.o
 .debug_info    0x000089c7     0x1e7a ./drivers/fsl_i2c.o
 .debug_info    0x0000a841      0x759 ./drivers/fsl_pit.o
 .debug_info    0x0000af9a     0x2ef7 ./drivers/fsl_sai.o
 .debug_info    0x0000de91     0x19bd ./drivers/fsl_sai_edma.o
 .debug_info    0x0000f84e     0x1f78 ./drivers/fsl_uart.o
 .debug_info    0x000117c6      0x649 ./device/system_MK64F12.o
 .debug_info    0x00011e0f      0x19e ./board/board.o
 .debug_info    0x00011fad      0xcb8 ./board/clock_config.o
 .debug_info    0x00012c65     0x24c5 ./board/peripherals.o
 .debug_info    0x0001512a      0xc51 ./board/pin_mux.o
 .debug_info    0x00015d7b      0x8eb ./CMSIS/DSP/Source/SupportFunctions/SupportFunctions.o
 .debug_info    0x00016666     0x13f8 ./CMSIS/DSP/Source/BasicMathFunctions/BasicMathFunctions.o

.debug_abbrev   0x00000000     0x2f18
 .debug_abbrev  0x00000000      0x185 ./startup/startup_mk64f12.o
 .debug_abbrev  0x00000185      0x3a7 ./source/DSP_TPF.o
 .debug_abbrev  0x0000052c       0x31 ./source/semihost_hardfault.o
 .debug_abbrev  0x0000055d      0x1c6 ./source/sgtl5000.o
 .debug_abbrev  0x00000723      0x267 ./drivers/fsl_adc16.o
 .debug_abbrev  0x0000098a      0x359 ./drivers/fsl_clock.o
 .debug_abbrev  0x00000ce3      0x17e ./drivers/fsl_dmamux.o
 .debug_abbrev  0x00000e61      0x3cb ./drivers/fsl_edma.o
 .debug_abbrev  0x0000122c      0x186 ./drivers/fsl_gpio.o
 .debug_abbrev  0x000013b2      0x363 ./drivers/fsl_i2c.o
 .debug_abbrev  0x00001715      0x1eb ./drivers/fsl_pit.o
 .debug_abbrev  0x00001900      0x2d7 ./drivers/fsl_sai.o
 .debug_abbrev  0x00001bd7      0x2f1 ./drivers/fsl_sai_edma.o
 .debug_abbrev  0x00001ec8      0x42e ./drivers/fsl_uart.o
 .debug_abbrev  0x000022f6      0x148 ./device/system_MK64F12.o
 .debug_abbrev  0x0000243e       0xd4 ./board/board.o
 .debug_abbrev  0x00002512      0x246 ./board/clock_config.o
 .debug_abbrev  0x00002758      0x2fc ./board/peripherals.o
 .debug_abbrev  0x00002a54      0x281 ./board/pin_mux.o
 .debug_abbrev  0x00002cd5      0x10b ./CMSIS/DSP/Source/SupportFunctions/SupportFunctions.o
 .debug_abbrev  0x00002de0      0x138 ./CMSIS/DSP/Source/BasicMathFunctions/BasicMathFunctions.o

.debug_aranges  0x00000000     0x1450
 .debug_aranges
                0x00000000      0x330 ./startup/startup_mk64f12.o
 .debug_aranges
                0x00000330       0xc0 ./source/DSP_TPF.o
 .debug_aranges
                0x000003f0       0x20 ./source/semihost_hardfault.o
 .debug_aranges
                0x00000410       0x88 ./source/sgtl5000.o
 .debug_aranges
                0x00000498       0x88 ./drivers/fsl_adc16.o
 .debug_aranges
                0x00000520      0x1f8 ./drivers/fsl_clock.o
 .debug_aranges
                0x00000718       0x40 ./drivers/fsl_dmamux.o
 .debug_aranges
                0x00000758      0x1f8 ./drivers/fsl_edma.o
 .debug_aranges
                0x00000950       0x40 ./drivers/fsl_gpio.o
 .debug_aranges
                0x00000990      0x180 ./drivers/fsl_i2c.o
 .debug_aranges
                0x00000b10       0x40 ./drivers/fsl_pit.o
 .debug_aranges
                0x00000b50      0x298 ./drivers/fsl_sai.o
 .debug_aranges
                0x00000de8       0xc8 ./drivers/fsl_sai_edma.o
 .debug_aranges