core_cm4.h:1679:22:__NVIC_EnableIRQ	16	static
fsl_clock.h:668:20:CLOCK_EnableClock	24	static
fsl_clock.h:679:20:CLOCK_DisableClock	24	static
fsl_common.h:484:28:EnableIRQ	16	static
fsl_i2c.h:385:20:I2C_Enable	16	static
fsl_i2c.h:418:24:I2C_SlaveGetStatusFlags	16	static
fsl_i2c.h:436:20:I2C_MasterClearStatusFlags	16	static
fsl_i2c.h:471:20:I2C_SlaveClearStatusFlags	16	static
fsl_i2c.c:146:10:I2C_GetInstance	24	static
fsl_i2c.c:164:13:I2C_SetHoldTime	56	static
fsl_i2c.c:232:17:I2C_InitTransferStateMachine	40	static
fsl_i2c.c:309:17:I2C_CheckAndClearError	24	static
fsl_i2c.c:333:17:I2C_MasterTransferRunStateMachine	40	static
fsl_i2c.c:522:13:I2C_TransferCommonIRQHandler	24	static
fsl_i2c.c:564:6:I2C_MasterInit	32	static
fsl_i2c.c:632:6:I2C_MasterDeinit	16	static
fsl_i2c.c:656:6:I2C_MasterGetDefaultConfig	16	static
fsl_i2c.c:693:6:I2C_EnableInterrupts	24	static
fsl_i2c.c:743:6:I2C_DisableInterrupts	16	static
fsl_i2c.c:772:6:I2C_MasterSetBaudRate	56	static
fsl_i2c.c:835:10:I2C_MasterStart	24	static
fsl_i2c.c:882:10:I2C_MasterRepeatedStart	32	static
fsl_i2c.c:940:10:I2C_MasterStop	24	static
fsl_i2c.c:974:10:I2C_MasterGetStatusFlags	24	static
fsl_i2c.c:1009:10:I2C_MasterWriteBlocking	32	static
fsl_i2c.c:1111:10:I2C_MasterReadBlocking	32	static
fsl_i2c.c:1231:10:I2C_MasterTransferBlocking	48	static
fsl_i2c.c:1457:6:I2C_MasterTransferCreateHandle	32	static
fsl_i2c.c:1498:10:I2C_MasterTransferNonBlocking	32	static
fsl_i2c.c:1536:10:I2C_MasterTransferAbort	24	static
fsl_i2c.c:1618:10:I2C_MasterTransferGetCount	24	static
fsl_i2c.c:1638:6:I2C_MasterTransferHandleIRQ	40	static
fsl_i2c.c:1709:6:I2C_SlaveInit	32	static
fsl_i2c.c:1778:6:I2C_SlaveDeinit	16	static
fsl_i2c.c:1801:6:I2C_SlaveGetDefaultConfig	16	static
fsl_i2c.c:1842:10:I2C_SlaveWriteBlocking	32	static
fsl_i2c.c:1900:10:I2C_SlaveReadBlocking	32	static
fsl_i2c.c:1994:6:I2C_SlaveTransferCreateHandle	32	static
fsl_i2c.c:2044:10:I2C_SlaveTransferNonBlocking	24	static
fsl_i2c.c:2086:6:I2C_SlaveTransferAbort	16	static
fsl_i2c.c:2112:10:I2C_SlaveTransferGetCount	24	static
fsl_i2c.c:2140:6:I2C_SlaveTransferHandleIRQ	40	static
fsl_i2c.c:2397:6:I2C0_DriverIRQHandler	8	static
fsl_i2c.c:2404:6:I2C1_DriverIRQHandler	8	static
fsl_i2c.c:2412:6:I2C2_DriverIRQHandler	8	static
