core_cm4.h:1679:22:__NVIC_EnableIRQ	16	static
fsl_clock.h:668:20:CLOCK_EnableClock	24	static
fsl_clock.h:679:20:CLOCK_DisableClock	24	static
fsl_common.h:484:28:EnableIRQ	16	static
fsl_uart.c:131:10:UART_GetInstance	24	static
fsl_uart.c:156:8:UART_TransferGetRxRingBufferLength	24	static
fsl_uart.c:176:13:UART_TransferIsRxRingBufferFull	24	static
fsl_uart.c:216:10:UART_Init	48	static
fsl_uart.c:361:6:UART_Deinit	16	static
fsl_uart.c:400:6:UART_GetDefaultConfig	16	static
fsl_uart.c:440:10:UART_SetBaudRate	48	static
fsl_uart.c:521:6:UART_EnableInterrupts	16	static
fsl_uart.c:549:6:UART_DisableInterrupts	16	static
fsl_uart.c:584:10:UART_GetEnabledInterrupts	24	static
fsl_uart.c:616:10:UART_GetStatusFlags	24	static
fsl_uart.c:651:10:UART_ClearStatusFlags	24	static
fsl_uart.c:711:10:UART_WriteBlocking	24	static
fsl_uart.c:753:13:UART_WriteNonBlocking	32	static
fsl_uart.c:783:10:UART_ReadBlocking	32	static
fsl_uart.c:861:13:UART_ReadNonBlocking	32	static
fsl_uart.c:887:6:UART_TransferCreateHandle	32	static
fsl_uart.c:935:6:UART_TransferStartRingBuffer	24	static
fsl_uart.c:965:6:UART_TransferStopRingBuffer	16	static
fsl_uart.c:1006:10:UART_TransferSendNonBlocking	32	static
fsl_uart.c:1045:6:UART_TransferAbortSend	16	static
fsl_uart.c:1068:10:UART_TransferGetSendCount	24	static
fsl_uart.c:1119:10:UART_TransferReceiveNonBlocking	56	static
fsl_uart.c:1251:6:UART_TransferAbortReceive	16	static
fsl_uart.c:1285:10:UART_TransferGetReceiveCount	24	static
fsl_uart.c:1316:10:UART_EnableTxFIFO	24	static
fsl_uart.c:1361:10:UART_EnableRxFIFO	24	static
fsl_uart.c:1404:6:UART_TransferHandleIRQ	40	static
fsl_uart.c:1708:6:UART_TransferHandleErrorIRQ	16	static
fsl_uart.c:1728:6:UART0_DriverIRQHandler	8	static
fsl_uart.c:1734:6:UART0_RX_TX_DriverIRQHandler	8	static
fsl_uart.c:1743:6:UART1_DriverIRQHandler	8	static
fsl_uart.c:1749:6:UART1_RX_TX_DriverIRQHandler	8	static
fsl_uart.c:1757:6:UART2_DriverIRQHandler	8	static
fsl_uart.c:1763:6:UART2_RX_TX_DriverIRQHandler	8	static
fsl_uart.c:1771:6:UART3_DriverIRQHandler	8	static
fsl_uart.c:1777:6:UART3_RX_TX_DriverIRQHandler	8	static
fsl_uart.c:1786:6:UART4_DriverIRQHandler	8	static
fsl_uart.c:1792:6:UART4_RX_TX_DriverIRQHandler	8	static
fsl_uart.c:1800:6:UART5_DriverIRQHandler	8	static
fsl_uart.c:1806:6:UART5_RX_TX_DriverIRQHandler	8	static
