freemaster_pipes.c:189:6:FMSTR_InitPipes	16	static
freemaster_pipes.c:203:13:FMSTR_PipeOpen	40	static
freemaster_pipes.c:263:6:FMSTR_PipeClose	24	static
freemaster_pipes.c:278:17:FMSTR_PipeWrite	40	static
freemaster_pipes.c:343:12:FMSTR_PipePuts	32	static
freemaster_pipes.c:371:25:FMSTR_PipePrintfFlush	32	static
freemaster_pipes.c:408:25:FMSTR_PipePrintfPutc	24	static
freemaster_pipes.c:435:19:FMSTR_PipeIToAFinalize	40	static
freemaster_pipes.c:558:19:FMSTR_PipeU8ToA	40	static
freemaster_pipes.c:628:19:FMSTR_PipeS8ToA	32	static
freemaster_pipes.c:651:19:FMSTR_PipeU16ToA	40	static
freemaster_pipes.c:721:19:FMSTR_PipeS16ToA	32	static
freemaster_pipes.c:744:19:FMSTR_PipeU32ToA	40	static
freemaster_pipes.c:814:19:FMSTR_PipeS32ToA	32	static
freemaster_pipes.c:839:20:FMSTR_PipeParseFormat	16	static
freemaster_pipes.c:952:19:FMSTR_PipePrintfOne	40	static
freemaster_pipes.c:1004:12:FMSTR_PipePrintfU8	24	static
freemaster_pipes.c:1016:12:FMSTR_PipePrintfS8	24	static
freemaster_pipes.c:1028:12:FMSTR_PipePrintfU16	24	static
freemaster_pipes.c:1040:12:FMSTR_PipePrintfS16	24	static
freemaster_pipes.c:1052:12:FMSTR_PipePrintfU32	24	static
freemaster_pipes.c:1064:12:FMSTR_PipePrintfS32	24	static
freemaster_pipes.c:1077:19:FMSTR_PipePrintfAny	48	static
freemaster_pipes.c:1136:19:FMSTR_PipePrintfV	40	static
freemaster_pipes.c:1189:12:FMSTR_PipePrintf	28	static
freemaster_pipes.c:1210:17:FMSTR_PipeRead	40	static
freemaster_pipes.c:1277:20:FMSTR_FindPipe	24	static
freemaster_pipes.c:1298:24:FMSTR_PipeGetBytesFree	24	static
freemaster_pipes.c:1318:24:FMSTR_PipeGetBytesReady	24	static
freemaster_pipes.c:1338:13:FMSTR_PipeDiscardBytes	24	static
freemaster_pipes.c:1370:19:FMSTR_PipeReceive	32	static
freemaster_pipes.c:1408:19:FMSTR_PipeTransmit	32	static
freemaster_pipes.c:1451:12:FMSTR_GetPipe	48	static
freemaster_pipes.c:1543:12:FMSTR_PipeFrame	48	static
