freemaster_rec.c:208:6:FMSTR_InitRec	24	static
freemaster_rec.c:238:12:FMSTR_RecorderCreate	32	static
freemaster_rec.c:290:12:FMSTR_RecorderSetTimeBase	24	static
freemaster_rec.c:312:12:FMSTR_RecorderConfigure	24	static
freemaster_rec.c:336:17:_FMSTR_RecMemCfg	40	static
freemaster_rec.c:381:19:_FMSTR_SetRecCmd_CFGMEM	48	static
freemaster_rec.c:417:12:FMSTR_RecorderAddVariable	32	static
freemaster_rec.c:439:17:_FMSTR_RecVarCfg	40	static
freemaster_rec.c:526:19:_FMSTR_SetRecCmd_CFGVAR	48	static
freemaster_rec.c:610:19:_FMSTR_RecIsValidVarSize	16	static
freemaster_rec.c:628:12:FMSTR_SetRecCmd	48	static
freemaster_rec.c:705:10:_FMSTR_CalcRecStatus	16	static
freemaster_rec.c:739:12:FMSTR_GetRecCmd	64	static
freemaster_rec.c:868:12:FMSTR_RecorderStart	24	static
freemaster_rec.c:887:12:FMSTR_RecorderTrigger	24	static
freemaster_rec.c:906:12:FMSTR_RecorderAbort	24	static
freemaster_rec.c:929:17:_FMSTR_StartRec	24	static
freemaster_rec.c:971:17:_FMSTR_TriggerRec	16	static
freemaster_rec.c:996:17:_FMSTR_AbortRec	16	static
freemaster_rec.c:1025:12:FMSTR_IsInRecBuffer	24	static
freemaster_rec.c:1055:17:_FMSTR_CheckConfiguration	40	static
freemaster_rec.c:1149:19:_FMSTR_Compare8S	16	static
freemaster_rec.c:1154:19:_FMSTR_Compare8U	16	static
freemaster_rec.c:1159:19:_FMSTR_Compare16S	16	static
freemaster_rec.c:1164:19:_FMSTR_Compare16U	16	static
freemaster_rec.c:1169:19:_FMSTR_Compare32S	16	static
freemaster_rec.c:1174:19:_FMSTR_Compare32U	16	static
freemaster_rec.c:1179:19:_FMSTR_Compare64S	16	static
freemaster_rec.c:1184:19:_FMSTR_Compare64U	16	static
freemaster_rec.c:1190:19:_FMSTR_CompareFloat	16	static
freemaster_rec.c:1195:19:_FMSTR_CompareDouble	24	static
freemaster_rec.c:1212:24:_FMSTR_GetRecorderBufferByRecIx	16	static
freemaster_rec.c:1230:19:_FMSTR_GetRecorderByRecIx	16	static
freemaster_rec.c:1252:6:FMSTR_Recorder	24	static
freemaster_rec.c:1274:13:_FMSTR_Recorder2	40	static
