freemaster_utils.c:81:19:_FMSTR_CopySrcAligned_U32	24	static
freemaster_utils.c:93:19:_FMSTR_CopyDstAligned_U32	24	static
freemaster_utils.c:105:19:_FMSTR_CopyMaskedDstAligned_U32	40	static
freemaster_utils.c:120:19:_FMSTR_CopySrcAligned_U16	24	static
freemaster_utils.c:130:19:_FMSTR_CopyDstAligned_U16	24	static
freemaster_utils.c:140:19:_FMSTR_CopyMaskedDstAligned_U16	32	static
freemaster_utils.c:156:13:_FMSTR_MemCpyDstAligned	40	static
freemaster_utils.c:223:13:_FMSTR_MemCpySrcAligned	40	static
freemaster_utils.c:290:13:_FMSTR_MemCpyMaskedDstAligned	48	static
freemaster_utils.c:374:6:_FMSTR_MemCpy	24	static
freemaster_utils.c:389:17:FMSTR_MemCpyFrom	40	static
freemaster_utils.c:442:17:FMSTR_MemCpyTo	40	static
freemaster_utils.c:495:17:FMSTR_MemCpyToMasked	48	static
freemaster_utils.c:558:23:FMSTR_CopyToBuffer	24	static
freemaster_utils.c:576:23:FMSTR_CopyFromBuffer	24	static
freemaster_utils.c:594:17:FMSTR_CopyFromBufferWithMask	24	static
freemaster_utils.c:605:23:FMSTR_AddressToBuffer	16	static
freemaster_utils.c:616:23:FMSTR_AddressFromBuffer	16	static
freemaster_utils.c:627:23:FMSTR_SizeToBuffer	16	static
freemaster_utils.c:638:23:FMSTR_SizeFromBuffer	16	static
freemaster_utils.c:649:23:FMSTR_IndexFromBuffer	16	static
freemaster_utils.c:660:12:FMSTR_ULebToBuffer	16	static
freemaster_utils.c:671:12:FMSTR_ULebFromBuffer	16	static
freemaster_utils.c:683:23:FMSTR_GetAlignmentCorrection	24	static
freemaster_utils.c:710:19:FMSTR_LebDecode	40	static
freemaster_utils.c:770:12:FMSTR_UlebDecode	24	static
freemaster_utils.c:775:12:FMSTR_SlebDecode	24	static
freemaster_utils.c:786:12:FMSTR_UlebEncode	48	static
freemaster_utils.c:874:12:FMSTR_SkipInBufferLeb	24	static
freemaster_utils.c:891:12:FMSTR_StringFromBuffer	32	static
freemaster_utils.c:915:12:FMSTR_StringCopyToBuffer	16	static
freemaster_utils.c:932:6:FMSTR_Crc16Init	16	static
freemaster_utils.c:943:6:FMSTR_Crc16AddByte	24	static
freemaster_utils.c:963:6:FMSTR_Crc8Init	16	static
freemaster_utils.c:974:6:FMSTR_Crc8AddByte	24	static
freemaster_utils.c:1055:6:_FMSTR_RingBuffCreate	24	static
freemaster_utils.c:1074:6:_FMSTR_RingBuffPut	24	static
freemaster_utils.c:1100:12:_FMSTR_RingBuffGet	24	static
freemaster_utils.c:1127:12:_FMSTR_RingBuffIsSpace	24	static
freemaster_utils.c:1148:12:_FMSTR_RingBuffHasData	16	static
freemaster_utils.c:1165:26:_FMSTR_Compare	16	static
freemaster_utils.c:1180:13:_FMSTR_StrCmp	24	static
freemaster_utils.c:1204:13:_FMSTR_MemCmp	40	static
freemaster_utils.c:1229:12:_FMSTR_StrLen	24	static
freemaster_utils.c:1237:6:_FMSTR_MemSet	32	static
