freemaster_protocol.c:76:12:FMSTR_Init	8	static
freemaster_protocol.c:146:6:FMSTR_Poll	8	static
freemaster_protocol.c:170:6:FMSTR_SendResponse	24	static
freemaster_protocol.c:189:12:FMSTR_ProtocolDecoder	40	static
freemaster_protocol.c:336:12:FMSTR_SendTestFrame	16	static
freemaster_protocol.c:354:12:_FMSTR_GetBoardConfig	40	static
freemaster_protocol.c:456:13:_FMSTR_GetAccessPassword	16	static
freemaster_protocol.c:618:12:_FMSTR_ReadMem	32	static
freemaster_protocol.c:671:12:_FMSTR_ReadMemBaseAddress	32	static
freemaster_protocol.c:726:12:_FMSTR_WriteMem	40	static
